Component: ARM Compiler 5.06 update 7 (build 960) Tool: armlink [4d3601]

==============================================================================

Section Cross References

    led.o(i.led_init) refers to memseta.o(.text) for __aeabi_memclr4
    led.o(i.led_init) refers to ciu32l051_std_gpio.o(i.std_gpio_init) for std_gpio_init
    main.o(i.main) refers to ssc.o(i.system_clock_config) for system_clock_config
    main.o(i.main) refers to ciu32l051_std.o(i.std_delay_init) for std_delay_init
    main.o(i.main) refers to gpio.o(i.gpio_init) for gpio_init
    main.o(i.main) refers to adc.o(i.adc_init) for adc_init
    main.o(i.main) refers to adc.o(i.vrefbuf_init) for vrefbuf_init
    main.o(i.main) refers to timer3.o(i.TIM3_init) for TIM3_init
    main.o(i.main) refers to adc.o(i.dma_init) for dma_init
    main.o(i.main) refers to adc.o(i.bsp_adc_dma_config) for bsp_adc_dma_config
    main.o(i.main) refers to timer3.o(i.TIM3_adc_Enable) for TIM3_adc_Enable
    main.o(i.main) refers to led.o(i.led_init) for led_init
    main.o(i.main) refers to timer8.o(i.TIM8_init) for TIM8_init
    main.o(i.main) refers to timer8.o(i.bsp_tim8_start) for bsp_tim8_start
    main.o(i.main) refers to nivc.o(i.nvic_init) for nvic_init
    main.o(i.main) refers to lcd.o(i.lcd_clock_config) for lcd_clock_config
    main.o(i.main) refers to lcd.o(i.lcd_config_init) for lcd_config_init
    main.o(i.main) refers to lcd.o(i.lcd_show_all) for lcd_show_all
    main.o(i.main) refers to app.o(i.app_get_adc_data_process) for app_get_adc_data_process
    main.o(i.main) refers to flash.o(i.Flash_Read_Voltage_Check) for Flash_Read_Voltage_Check
    main.o(i.main) refers to app.o(i.app_Status_Control) for app_Status_Control
    main.o(i.main) refers to app.o(i.app_LED_Control) for app_LED_Control
    main.o(i.main) refers to app.o(i.app_LCD_Control) for app_LCD_Control
    main.o(i.main) refers to i2c.o(i.GXHTC3_read) for GXHTC3_read
    main.o(i.main) refers to lcd.o(i.lcd_show_temperature) for lcd_show_temperature
    main.o(i.main) refers to lcd.o(i.lcd_show_humidity) for lcd_show_humidity
    main.o(i.main) refers to app.o(.data) for adc_co_calibration_value
    main.o(i.main) refers to timer8.o(.data) for tim8_500ms_flag
    main.o(i.main) refers to i2c.o(.data) for temperature_S
    ssc.o(i.system_clock_config) refers to system_ciu32l051.o(i.SystemCoreClockUpdate) for SystemCoreClockUpdate
    nivc.o(i.nvic_init) refers to nivc.o(i.__NVIC_SetPriority) for __NVIC_SetPriority
    nivc.o(i.nvic_init) refers to nivc.o(i.__NVIC_EnableIRQ) for __NVIC_EnableIRQ
    timer8.o(i.TIM8_IRQHandler) refers to timer8.o(.data) for tim8_1s_count
    timer8.o(i.TIM8_IRQHandler) refers to app.o(.data) for Running_LCD_Flag
    timer8.o(i.TIM8_init) refers to memseta.o(.text) for __aeabi_memclr4
    timer8.o(i.TIM8_init) refers to uidiv.o(.text) for __aeabi_uidivmod
    timer8.o(i.TIM8_init) refers to ciu32l051_std_tim.o(i.std_tim_init) for std_tim_init
    timer8.o(i.TIM8_init) refers to system_ciu32l051.o(.data) for SystemCoreClock
    gpio.o(i.gpio_init) refers to memseta.o(.text) for __aeabi_memclr4
    gpio.o(i.gpio_init) refers to ciu32l051_std_gpio.o(i.std_gpio_init) for std_gpio_init
    lcd.o(i.lcd_clean_all) refers to lcd.o(.data) for com1
    lcd.o(i.lcd_clock_config) refers to lcd.o(i.std_rcc_apb1_clk_enable) for std_rcc_apb1_clk_enable
    lcd.o(i.lcd_clock_config) refers to ciu32l051_std.o(i.std_delayus) for std_delayus
    lcd.o(i.lcd_config_init) refers to memseta.o(.text) for __aeabi_memclr4
    lcd.o(i.lcd_config_init) refers to lcd.o(i.lcd_clock_config) for lcd_clock_config
    lcd.o(i.lcd_config_init) refers to lcd.o(i.std_rcc_apb1_clk_enable) for std_rcc_apb1_clk_enable
    lcd.o(i.lcd_config_init) refers to ciu32l051_std_lcd.o(i.std_lcd_init) for std_lcd_init
    lcd.o(i.lcd_mid_clear) refers to lcd.o(i.lcd_write_to_RAM) for lcd_write_to_RAM
    lcd.o(i.lcd_mid_clear) refers to lcd.o(.data) for com1
    lcd.o(i.lcd_show_all) refers to lcd.o(i.lcd_write_to_RAM) for lcd_write_to_RAM
    lcd.o(i.lcd_show_all) refers to lcd.o(.data) for com1
    lcd.o(i.lcd_show_dash) refers to lcd.o(i.lcd_write_to_RAM) for lcd_write_to_RAM
    lcd.o(i.lcd_show_dash) refers to lcd.o(.data) for com1
    lcd.o(i.lcd_show_data) refers to lcd.o(i.lcd_show_mid_num) for lcd_show_mid_num
    lcd.o(i.lcd_show_data) refers to lcd.o(i.lcd_show_temperature) for lcd_show_temperature
    lcd.o(i.lcd_show_data) refers to lcd.o(i.lcd_show_humidity) for lcd_show_humidity
    lcd.o(i.lcd_show_humidity) refers to idiv.o(.text) for __aeabi_idivmod
    lcd.o(i.lcd_show_humidity) refers to lcd.o(i.__ARM_common_switch8) for __ARM_common_switch8
    lcd.o(i.lcd_show_humidity) refers to lcd.o(i.lcd_write_to_RAM) for lcd_write_to_RAM
    lcd.o(i.lcd_show_humidity) refers to lcd.o(.data) for com4
    lcd.o(i.lcd_show_mid_num) refers to uidiv.o(.text) for __aeabi_uidivmod
    lcd.o(i.lcd_show_mid_num) refers to lcd.o(i.__ARM_common_switch8) for __ARM_common_switch8
    lcd.o(i.lcd_show_mid_num) refers to lcd.o(.data) for com1
    lcd.o(i.lcd_show_mid_num) refers to lcd.o(i.lcd_write_to_RAM) for lcd_write_to_RAM
    lcd.o(i.lcd_show_temperature) refers to idiv.o(.text) for __aeabi_idivmod
    lcd.o(i.lcd_show_temperature) refers to lcd.o(i.__ARM_common_switch8) for __ARM_common_switch8
    lcd.o(i.lcd_show_temperature) refers to lcd.o(.data) for com1
    lcd.o(i.lcd_show_temperature) refers to lcd.o(i.lcd_write_to_RAM) for lcd_write_to_RAM
    lcd.o(i.lcd_write_to_RAM) refers to lcd.o(i.std_lcd_write) for std_lcd_write
    lcd.o(i.lcd_write_to_RAM) refers to lcd.o(.data) for com1
    adc.o(i.DMA_Channel0_IRQHandler) refers to adc.o(.data) for g_adc_complete
    adc.o(i.adc_init) refers to memseta.o(.text) for __aeabi_memclr4
    adc.o(i.adc_init) refers to adc.o(i.std_rcc_apb2_clk_enable) for std_rcc_apb2_clk_enable
    adc.o(i.adc_init) refers to ciu32l051_std_adc.o(i.std_adc_init) for std_adc_init
    adc.o(i.adc_init) refers to adc.o(i.std_adc_fix_sequence_channel_enable) for std_adc_fix_sequence_channel_enable
    adc.o(i.adc_init) refers to adc.o(i.std_adc_channel_sample_time_select) for std_adc_channel_sample_time_select
    adc.o(i.adc_init) refers to ciu32l051_std.o(i.std_delayus) for std_delayus
    adc.o(i.bsp_adc_dma_config) refers to ciu32l051_std_dma.o(i.std_dma_start_transmit) for std_dma_start_transmit
    adc.o(i.bsp_adc_dma_config) refers to adc.o(.data) for g_dma_result
    adc.o(i.dma_init) refers to memseta.o(.text) for __aeabi_memclr4
    adc.o(i.dma_init) refers to ciu32l051_std_dma.o(i.std_dma_init) for std_dma_init
    adc.o(i.dma_init) refers to adc.o(i.__NVIC_SetPriority) for __NVIC_SetPriority
    adc.o(i.vrefbuf_init) refers to adc.o(i.std_rcc_apb2_clk_enable) for std_rcc_apb2_clk_enable
    adc.o(i.vrefbuf_init) refers to ciu32l051_std.o(i.std_delayus) for std_delayus
    timer3.o(i.TIM3_init) refers to memseta.o(.text) for __aeabi_memclr4
    timer3.o(i.TIM3_init) refers to uidiv.o(.text) for __aeabi_uidivmod
    timer3.o(i.TIM3_init) refers to ciu32l051_std_tim.o(i.std_tim_init) for std_tim_init
    timer3.o(i.TIM3_init) refers to system_ciu32l051.o(.data) for SystemCoreClock
    app.o(i.app_LCD_Control) refers to lcd.o(i.__ARM_common_switch8) for __ARM_common_switch8
    app.o(i.app_LCD_Control) refers to lcd.o(i.lcd_show_dash) for lcd_show_dash
    app.o(i.app_LCD_Control) refers to lcd.o(i.lcd_show_mid_num) for lcd_show_mid_num
    app.o(i.app_LCD_Control) refers to app.o(i.app_value_convert) for app_value_convert
    app.o(i.app_LCD_Control) refers to lcd.o(i.lcd_mid_clear) for lcd_mid_clear
    app.o(i.app_LCD_Control) refers to app.o(.data) for Status
    app.o(i.app_LCD_Control) refers to timer8.o(.data) for tim8_1s_flag
    app.o(i.app_LCD_Control) refers to lcd.o(.data) for com4
    app.o(i.app_LED_Control) refers to lcd.o(i.__ARM_common_switch8) for __ARM_common_switch8
    app.o(i.app_LED_Control) refers to app.o(i.std_gpio_set_pin) for std_gpio_set_pin
    app.o(i.app_LED_Control) refers to app.o(i.std_gpio_reset_pin) for std_gpio_reset_pin
    app.o(i.app_LED_Control) refers to app.o(.data) for Status
    app.o(i.app_LED_Control) refers to timer8.o(.data) for tim8_1s_flag
    app.o(i.app_Status_Control) refers to lcd.o(i.__ARM_common_switch8) for __ARM_common_switch8
    app.o(i.app_Status_Control) refers to flash.o(i.Flash_Write_CO_Voltage) for Flash_Write_CO_Voltage
    app.o(i.app_Status_Control) refers to flash.o(i.Flash_get_Value) for Flash_get_Value
    app.o(i.app_Status_Control) refers to timer8.o(.data) for tim8_wait
    app.o(i.app_Status_Control) refers to app.o(.data) for Status
    app.o(i.app_get_adc_data_process) refers to uidiv.o(.text) for __aeabi_uidivmod
    app.o(i.app_get_adc_data_process) refers to adc.o(.data) for g_adc_complete
    app.o(i.app_get_adc_data_process) refers to app.o(.data) for Get_Smoke_Voltage
    app.o(i.app_value_convert) refers to uidiv.o(.text) for __aeabi_uidivmod
    app.o(i.app_value_convert) refers to app.o(.data) for adc_co_calibration_value
    flash.o(i.Flash_Read_Voltage_Check) refers to app.o(.data) for Status
    flash.o(i.Flash_Write_CO_Voltage) refers to ciu32l051_std_flash.o(i.std_flash_page_erase) for std_flash_page_erase
    flash.o(i.Flash_Write_CO_Voltage) refers to ciu32l051_std_flash.o(i.std_flash_word_program) for std_flash_word_program
    flash.o(i.Flash_Write_CO_Voltage) refers to flash.o(i.std_flash_lock) for std_flash_lock
    flash.o(i.Flash_Write_CO_Voltage) refers to app.o(.data) for adc_co_calibration_value
    flash.o(i.Flash_Write_CO_Voltage) refers to flash.o(.data) for buffer
    i2c.o(i.GXHTC3_read) refers to i2c.o(i.IIC_Start) for IIC_Start
    i2c.o(i.GXHTC3_read) refers to i2c.o(i.IIC_Send_Byte) for IIC_Send_Byte
    i2c.o(i.GXHTC3_read) refers to i2c.o(i.IIC_Wait_Ack) for IIC_Wait_Ack
    i2c.o(i.GXHTC3_read) refers to i2c.o(i.IIC_Stop) for IIC_Stop
    i2c.o(i.GXHTC3_read) refers to ciu32l051_std.o(i.std_delayms) for std_delayms
    i2c.o(i.GXHTC3_read) refers to i2c.o(i.IIC_Read_Byte) for IIC_Read_Byte
    i2c.o(i.GXHTC3_read) refers to i2c.o(i.IIC_Ack) for IIC_Ack
    i2c.o(i.GXHTC3_read) refers to i2c.o(i.IIC_NAck) for IIC_NAck
    i2c.o(i.GXHTC3_read) refers to idiv.o(.text) for __aeabi_idivmod
    i2c.o(i.GXHTC3_read) refers to i2c.o(.data) for temperature_Raw
    i2c.o(i.GXHTC3_sleep) refers to i2c.o(i.IIC_Start) for IIC_Start
    i2c.o(i.GXHTC3_sleep) refers to i2c.o(i.IIC_Send_Byte) for IIC_Send_Byte
    i2c.o(i.GXHTC3_sleep) refers to i2c.o(i.IIC_Wait_Ack) for IIC_Wait_Ack
    i2c.o(i.GXHTC3_sleep) refers to i2c.o(i.IIC_Stop) for IIC_Stop
    i2c.o(i.GXHTC3_sleep) refers to ciu32l051_std.o(i.std_delayms) for std_delayms
    i2c.o(i.IIC_Ack) refers to i2c.o(i.std_gpio_reset_pin) for std_gpio_reset_pin
    i2c.o(i.IIC_Ack) refers to i2c.o(i.SDA_OUT) for SDA_OUT
    i2c.o(i.IIC_Ack) refers to ciu32l051_std.o(i.std_delayus) for std_delayus
    i2c.o(i.IIC_Ack) refers to i2c.o(i.std_gpio_set_pin) for std_gpio_set_pin
    i2c.o(i.IIC_NAck) refers to i2c.o(i.std_gpio_reset_pin) for std_gpio_reset_pin
    i2c.o(i.IIC_NAck) refers to i2c.o(i.SDA_OUT) for SDA_OUT
    i2c.o(i.IIC_NAck) refers to i2c.o(i.std_gpio_set_pin) for std_gpio_set_pin
    i2c.o(i.IIC_NAck) refers to ciu32l051_std.o(i.std_delayus) for std_delayus
    i2c.o(i.IIC_Read_Byte) refers to i2c.o(i.SDA_IN) for SDA_IN
    i2c.o(i.IIC_Read_Byte) refers to i2c.o(i.std_gpio_reset_pin) for std_gpio_reset_pin
    i2c.o(i.IIC_Read_Byte) refers to ciu32l051_std.o(i.std_delayus) for std_delayus
    i2c.o(i.IIC_Read_Byte) refers to i2c.o(i.std_gpio_set_pin) for std_gpio_set_pin
    i2c.o(i.IIC_Send_Byte) refers to i2c.o(i.SDA_OUT) for SDA_OUT
    i2c.o(i.IIC_Send_Byte) refers to i2c.o(i.std_gpio_reset_pin) for std_gpio_reset_pin
    i2c.o(i.IIC_Send_Byte) refers to i2c.o(i.std_gpio_set_pin) for std_gpio_set_pin
    i2c.o(i.IIC_Send_Byte) refers to ciu32l051_std.o(i.std_delayus) for std_delayus
    i2c.o(i.IIC_Start) refers to i2c.o(i.SDA_OUT) for SDA_OUT
    i2c.o(i.IIC_Start) refers to i2c.o(i.std_gpio_set_pin) for std_gpio_set_pin
    i2c.o(i.IIC_Start) refers to ciu32l051_std.o(i.std_delayus) for std_delayus
    i2c.o(i.IIC_Start) refers to i2c.o(i.std_gpio_reset_pin) for std_gpio_reset_pin
    i2c.o(i.IIC_Stop) refers to i2c.o(i.SDA_OUT) for SDA_OUT
    i2c.o(i.IIC_Stop) refers to i2c.o(i.std_gpio_reset_pin) for std_gpio_reset_pin
    i2c.o(i.IIC_Stop) refers to ciu32l051_std.o(i.std_delayus) for std_delayus
    i2c.o(i.IIC_Stop) refers to i2c.o(i.std_gpio_set_pin) for std_gpio_set_pin
    i2c.o(i.IIC_Wait_Ack) refers to i2c.o(i.SDA_IN) for SDA_IN
    i2c.o(i.IIC_Wait_Ack) refers to i2c.o(i.std_gpio_set_pin) for std_gpio_set_pin
    i2c.o(i.IIC_Wait_Ack) refers to ciu32l051_std.o(i.std_delayus) for std_delayus
    i2c.o(i.IIC_Wait_Ack) refers to i2c.o(i.std_gpio_reset_pin) for std_gpio_reset_pin
    i2c.o(i.SDA_IN) refers to memseta.o(.text) for __aeabi_memclr4
    i2c.o(i.SDA_IN) refers to ciu32l051_std_gpio.o(i.std_gpio_init) for std_gpio_init
    i2c.o(i.SDA_OUT) refers to memseta.o(.text) for __aeabi_memclr4
    i2c.o(i.SDA_OUT) refers to ciu32l051_std_gpio.o(i.std_gpio_init) for std_gpio_init
    ciu32l051_std.o(i.std_delayms) refers to ciu32l051_std.o(i.std_delayus) for std_delayus
    ciu32l051_std.o(i.std_delayms_start) refers to ciu32l051_std.o(i.std_delayus_start) for std_delayus_start
    ciu32l051_std.o(i.std_delayus) refers to uidiv.o(.text) for __aeabi_uidivmod
    ciu32l051_std.o(i.std_delayus) refers to system_ciu32l051.o(.data) for SystemCoreClock
    ciu32l051_std.o(i.std_delayus_start) refers to uidiv.o(.text) for __aeabi_uidivmod
    ciu32l051_std.o(i.std_delayus_start) refers to system_ciu32l051.o(.data) for SystemCoreClock
    ciu32l051_std_adc.o(i.std_adc_init) refers to ciu32l051_std_adc.o(i.std_adc_trig_edge_config) for std_adc_trig_edge_config
    ciu32l051_std_crc.o(i.std_crc_init) refers to ciu32l051_std_crc.o(i.std_crc_set_init_value_invert) for std_crc_set_init_value_invert
    ciu32l051_std_dma.o(i.std_dma_deinit) refers to ciu32l051_std_dma.o(i.std_dma_set_transfer_data_number) for std_dma_set_transfer_data_number
    ciu32l051_std_dma.o(i.std_dma_deinit) refers to ciu32l051_std_dma.o(i.std_dma_set_src_address) for std_dma_set_src_address
    ciu32l051_std_dma.o(i.std_dma_deinit) refers to ciu32l051_std_dma.o(i.std_dma_set_dst_address) for std_dma_set_dst_address
    ciu32l051_std_dma.o(i.std_dma_start_transmit) refers to ciu32l051_std_dma.o(i.std_dma_set_transfer_data_number) for std_dma_set_transfer_data_number
    ciu32l051_std_dma.o(i.std_dma_start_transmit) refers to ciu32l051_std_dma.o(i.std_dma_set_src_address) for std_dma_set_src_address
    ciu32l051_std_dma.o(i.std_dma_start_transmit) refers to ciu32l051_std_dma.o(i.std_dma_set_dst_address) for std_dma_set_dst_address
    ciu32l051_std_flash.o(i.std_flash_erase) refers to ciu32l051_std_flash.o(i.std_flash_wait_for_last_operation) for std_flash_wait_for_last_operation
    ciu32l051_std_flash.o(i.std_flash_erase) refers to ciu32l051_std_flash.o(i.std_flash_set_erase_mode) for std_flash_set_erase_mode
    ciu32l051_std_flash.o(i.std_flash_mass_erase) refers to ciu32l051_std_flash.o(i.std_flash_erase) for std_flash_erase
    ciu32l051_std_flash.o(i.std_flash_opt_erase) refers to ciu32l051_std_flash.o(i.std_flash_wait_for_last_operation) for std_flash_wait_for_last_operation
    ciu32l051_std_flash.o(i.std_flash_page_erase) refers to ciu32l051_std_flash.o(i.std_flash_erase) for std_flash_erase
    ciu32l051_std_flash.o(i.std_flash_wait_for_last_operation) refers to uidiv.o(.text) for __aeabi_uidivmod
    ciu32l051_std_flash.o(i.std_flash_wait_for_last_operation) refers to system_ciu32l051.o(.data) for SystemCoreClock
    ciu32l051_std_flash.o(i.std_flash_word_program) refers to ciu32l051_std_flash.o(i.std_flash_wait_for_last_operation) for std_flash_wait_for_last_operation
    ciu32l051_std_gpio.o(i.std_gpio_deinit) refers to ciu32l051_std_gpio.o(i.std_gpio_set_pin_mode) for std_gpio_set_pin_mode
    ciu32l051_std_gpio.o(i.std_gpio_deinit) refers to ciu32l051_std_gpio.o(i.std_gpio_set_pin_pull) for std_gpio_set_pin_pull
    ciu32l051_std_gpio.o(i.std_gpio_deinit) refers to ciu32l051_std_gpio.o(i.std_gpio_set_afpin_0_7) for std_gpio_set_afpin_0_7
    ciu32l051_std_gpio.o(i.std_gpio_deinit) refers to ciu32l051_std_gpio.o(i.std_gpio_set_afpin_8_15) for std_gpio_set_afpin_8_15
    ciu32l051_std_gpio.o(i.std_gpio_deinit) refers to ciu32l051_std_gpio.o(i.std_gpio_set_pin_output_type) for std_gpio_set_pin_output_type
    ciu32l051_std_gpio.o(i.std_gpio_init) refers to ciu32l051_std_gpio.o(i.std_gpio_set_pin_mode) for std_gpio_set_pin_mode
    ciu32l051_std_gpio.o(i.std_gpio_init) refers to ciu32l051_std_gpio.o(i.std_gpio_set_pin_pull) for std_gpio_set_pin_pull
    ciu32l051_std_gpio.o(i.std_gpio_init) refers to ciu32l051_std_gpio.o(i.std_gpio_set_afpin_0_7) for std_gpio_set_afpin_0_7
    ciu32l051_std_gpio.o(i.std_gpio_init) refers to ciu32l051_std_gpio.o(i.std_gpio_set_afpin_8_15) for std_gpio_set_afpin_8_15
    ciu32l051_std_gpio.o(i.std_gpio_init) refers to ciu32l051_std_gpio.o(i.std_gpio_set_pin_output_type) for std_gpio_set_pin_output_type
    ciu32l051_std_lcd.o(i.std_lcd_deinit) refers to ciu32l051_std_lcd.o(i.std_lcd_disable) for std_lcd_disable
    ciu32l051_std_lcd.o(i.std_lcd_deinit) refers to ciu32l051_std_lcd.o(i.std_lcd_get_flag) for std_lcd_get_flag
    ciu32l051_std_lcd.o(i.std_lcd_init) refers to ciu32l051_std_lcd.o(i.std_lcd_disable) for std_lcd_disable
    ciu32l051_std_lcd.o(i.std_lcd_init) refers to ciu32l051_std_lcd.o(i.std_lcd_get_flag) for std_lcd_get_flag
    ciu32l051_std_lptim.o(i.std_lptim_deinit) refers to ciu32l051_std_lptim.o(i.std_rcc_apb1_reset) for std_rcc_apb1_reset
    ciu32l051_std_lptim.o(i.std_lptim_deinit) refers to ciu32l051_std_lptim.o(i.std_rcc_apb1_clk_disable) for std_rcc_apb1_clk_disable
    ciu32l051_std_lpuart.o(i.std_lpuart_deinit) refers to ciu32l051_std_lpuart.o(i.std_lpuart_disable) for std_lpuart_disable
    ciu32l051_std_lpuart.o(i.std_lpuart_deinit) refers to ciu32l051_std_lpuart.o(i.std_rcc_apb1_reset) for std_rcc_apb1_reset
    ciu32l051_std_lpuart.o(i.std_lpuart_deinit) refers to ciu32l051_std_lpuart.o(i.std_rcc_apb1_clk_disable) for std_rcc_apb1_clk_disable
    ciu32l051_std_lpuart.o(i.std_lpuart_init) refers to ciu32l051_std_lpuart.o(i.std_lpuart_disable) for std_lpuart_disable
    ciu32l051_std_lpuart.o(i.std_lpuart_init) refers to ciu32l051_std_lpuart.o(i.std_lpuart_set_baudrate) for std_lpuart_set_baudrate
    ciu32l051_std_lpuart.o(i.std_lpuart_init) refers to ciu32l051_std_lpuart.o(i.std_lpuart_get_flag) for std_lpuart_get_flag
    ciu32l051_std_lpuart.o(i.std_lpuart_set_baudrate) refers to ciu32l051_std_rcc.o(i.std_rcc_get_pclk1freq) for std_rcc_get_pclk1freq
    ciu32l051_std_lpuart.o(i.std_lpuart_set_baudrate) refers to ciu32l051_std_rcc.o(i.std_rcc_get_sysclkfreq) for std_rcc_get_sysclkfreq
    ciu32l051_std_lpuart.o(i.std_lpuart_set_baudrate) refers to uldiv.o(.text) for __aeabi_uldivmod
    ciu32l051_std_lpuart.o(i.std_lpuart_set_baudrate) refers to ciu32l051_std_lpuart.o(.constdata) for LPUART_PRESCALER_TABLE
    ciu32l051_std_rcc.o(i.std_rcc_get_hclkfreq) refers to ciu32l051_std_rcc.o(i.std_rcc_get_sysclkfreq) for std_rcc_get_sysclkfreq
    ciu32l051_std_rcc.o(i.std_rcc_get_pclk1freq) refers to ciu32l051_std_rcc.o(i.std_rcc_get_hclkfreq) for std_rcc_get_hclkfreq
    ciu32l051_std_rcc.o(i.std_rcc_get_pclk2freq) refers to ciu32l051_std_rcc.o(i.std_rcc_get_hclkfreq) for std_rcc_get_hclkfreq
    ciu32l051_std_rcc.o(i.std_rcc_get_pllfreq) refers to uidiv.o(.text) for __aeabi_uidivmod
    ciu32l051_std_rcc.o(i.std_rcc_get_sysclkfreq) refers to ciu32l051_std_rcc.o(i.std_rcc_get_pllfreq) for std_rcc_get_pllfreq
    ciu32l051_std_rcc.o(i.std_rcc_get_sysclkfreq) refers to uidiv.o(.text) for __aeabi_uidivmod
    ciu32l051_std_rtc.o(i.std_rtc_alarm_init) refers to ciu32l051_std_rtc.o(i.std_rtc_write_protection_disable) for std_rtc_write_protection_disable
    ciu32l051_std_rtc.o(i.std_rtc_alarm_init) refers to ciu32l051_std_rtc.o(i.std_rtc_write_protection_enable) for std_rtc_write_protection_enable
    ciu32l051_std_rtc.o(i.std_rtc_alarm_struct_init) refers to ciu32l051_std_rtc.o(i.std_rtc_time_struct_init) for std_rtc_time_struct_init
    ciu32l051_std_rtc.o(i.std_rtc_date_init) refers to ciu32l051_std_rtc.o(i.std_rtc_write_protection_disable) for std_rtc_write_protection_disable
    ciu32l051_std_rtc.o(i.std_rtc_date_init) refers to ciu32l051_std_rtc.o(i.std_rtc_init_mode_enter) for std_rtc_init_mode_enter
    ciu32l051_std_rtc.o(i.std_rtc_date_init) refers to ciu32l051_std_rtc.o(i.std_rtc_init_mode_exit) for std_rtc_init_mode_exit
    ciu32l051_std_rtc.o(i.std_rtc_date_init) refers to ciu32l051_std_rtc.o(i.std_rtc_write_protection_enable) for std_rtc_write_protection_enable
    ciu32l051_std_rtc.o(i.std_rtc_deinit) refers to ciu32l051_std_rtc.o(i.std_rtc_write_protection_disable) for std_rtc_write_protection_disable
    ciu32l051_std_rtc.o(i.std_rtc_deinit) refers to ciu32l051_std_rtc.o(i.std_rtc_init_mode_enter) for std_rtc_init_mode_enter
    ciu32l051_std_rtc.o(i.std_rtc_deinit) refers to ciu32l051_std_rtc.o(i.std_rtc_init_mode_exit) for std_rtc_init_mode_exit
    ciu32l051_std_rtc.o(i.std_rtc_deinit) refers to ciu32l051_std_rtc.o(i.std_rtc_write_protection_enable) for std_rtc_write_protection_enable
    ciu32l051_std_rtc.o(i.std_rtc_init_mode_enter) refers to uidiv.o(.text) for __aeabi_uidivmod
    ciu32l051_std_rtc.o(i.std_rtc_init_mode_enter) refers to ciu32l051_std_rtc.o(i.std_rtc_get_mode) for std_rtc_get_mode
    ciu32l051_std_rtc.o(i.std_rtc_init_mode_enter) refers to system_ciu32l051.o(.data) for SystemCoreClock
    ciu32l051_std_rtc.o(i.std_rtc_init_mode_exit) refers to uidiv.o(.text) for __aeabi_uidivmod
    ciu32l051_std_rtc.o(i.std_rtc_init_mode_exit) refers to ciu32l051_std_rtc.o(i.std_rtc_get_mode) for std_rtc_get_mode
    ciu32l051_std_rtc.o(i.std_rtc_init_mode_exit) refers to system_ciu32l051.o(.data) for SystemCoreClock
    ciu32l051_std_rtc.o(i.std_rtc_time_init) refers to ciu32l051_std_rtc.o(i.std_rtc_write_protection_disable) for std_rtc_write_protection_disable
    ciu32l051_std_rtc.o(i.std_rtc_time_init) refers to ciu32l051_std_rtc.o(i.std_rtc_init_mode_enter) for std_rtc_init_mode_enter
    ciu32l051_std_rtc.o(i.std_rtc_time_init) refers to ciu32l051_std_rtc.o(i.std_rtc_init_mode_exit) for std_rtc_init_mode_exit
    ciu32l051_std_rtc.o(i.std_rtc_time_init) refers to ciu32l051_std_rtc.o(i.std_rtc_write_protection_enable) for std_rtc_write_protection_enable
    ciu32l051_std_tim.o(i.std_tim_deinit) refers to ciu32l051_std_tim.o(i.std_rcc_apb1_reset) for std_rcc_apb1_reset
    ciu32l051_std_tim.o(i.std_tim_deinit) refers to ciu32l051_std_tim.o(i.std_rcc_apb1_clk_disable) for std_rcc_apb1_clk_disable
    ciu32l051_std_tim.o(i.std_tim_input_capture_init) refers to ciu32l051_std_tim.o(i.std_tim_ccx_channel_disable) for std_tim_ccx_channel_disable
    ciu32l051_std_tim.o(i.std_tim_output_compare_init) refers to ciu32l051_std_tim.o(i.std_tim_ccx_channel_disable) for std_tim_ccx_channel_disable
    ciu32l051_std_usart.o(i.std_usart_baudrate_config) refers to ciu32l051_std_rcc.o(i.std_rcc_get_pclk2freq) for std_rcc_get_pclk2freq
    ciu32l051_std_usart.o(i.std_usart_baudrate_config) refers to ciu32l051_std_rcc.o(i.std_rcc_get_pclk1freq) for std_rcc_get_pclk1freq
    ciu32l051_std_usart.o(i.std_usart_baudrate_config) refers to uidiv.o(.text) for __aeabi_uidivmod
    ciu32l051_std_usart.o(i.std_usart_deinit) refers to ciu32l051_std_usart.o(i.std_rcc_apb1_reset) for std_rcc_apb1_reset
    ciu32l051_std_usart.o(i.std_usart_deinit) refers to ciu32l051_std_usart.o(i.std_rcc_apb1_clk_disable) for std_rcc_apb1_clk_disable
    ciu32l051_std_usart.o(i.std_usart_init) refers to ciu32l051_std_usart.o(i.std_usart_baudrate_config) for std_usart_baudrate_config
    system_ciu32l051.o(i.SystemCoreClockUpdate) refers to uidiv.o(.text) for __aeabi_uidivmod
    system_ciu32l051.o(i.SystemCoreClockUpdate) refers to system_ciu32l051.o(.constdata) for g_ahb_divider_table
    system_ciu32l051.o(i.SystemCoreClockUpdate) refers to system_ciu32l051.o(.data) for SystemCoreClock
    system_ciu32l051.o(i.SystemInit) refers to startup_ciu32l051.o(RESET) for __vector_table
    system_ciu32l051.o(i.SystemInit) refers to system_ciu32l051.o(.data) for SystemCoreClock
    startup_ciu32l051.o(RESET) refers to startup_ciu32l051.o(STACK) for __initial_sp
    startup_ciu32l051.o(RESET) refers to startup_ciu32l051.o(.text) for Reset_Handler
    startup_ciu32l051.o(RESET) refers to adc.o(i.DMA_Channel0_IRQHandler) for DMA_Channel0_IRQHandler
    startup_ciu32l051.o(RESET) refers to timer8.o(i.TIM8_IRQHandler) for TIM8_IRQHandler
    startup_ciu32l051.o(.text) refers to system_ciu32l051.o(i.SystemInit) for SystemInit
    startup_ciu32l051.o(.text) refers to entry.o(.ARM.Collect$$$$00000000) for __main
    entry.o(.ARM.Collect$$$$00000000) refers (Special) to entry10a.o(.ARM.Collect$$$$0000000F) for __rt_final_cpp
    entry.o(.ARM.Collect$$$$00000000) refers (Special) to entry11a.o(.ARM.Collect$$$$00000011) for __rt_final_exit
    entry.o(.ARM.Collect$$$$00000000) refers (Special) to entry12b.o(.ARM.Collect$$$$0000000E) for __rt_lib_shutdown_fini
    entry.o(.ARM.Collect$$$$00000000) refers (Special) to entry7b.o(.ARM.Collect$$$$00000008) for _main_clock
    entry.o(.ARM.Collect$$$$00000000) refers (Special) to entry8b.o(.ARM.Collect$$$$0000000A) for _main_cpp_init
    entry.o(.ARM.Collect$$$$00000000) refers (Special) to entry9a.o(.ARM.Collect$$$$0000000B) for _main_init
    entry.o(.ARM.Collect$$$$00000000) refers (Special) to entry5.o(.ARM.Collect$$$$00000004) for _main_scatterload
    entry.o(.ARM.Collect$$$$00000000) refers (Special) to entry2.o(.ARM.Collect$$$$00000001) for _main_stk
    idiv.o(.text) refers to uidiv.o(.text) for __aeabi_uidivmod
    uldiv.o(.text) refers to llushr.o(.text) for __aeabi_llsr
    uldiv.o(.text) refers to llshl.o(.text) for __aeabi_llsl
    entry2.o(.ARM.Collect$$$$00000001) refers to entry2.o(.ARM.Collect$$$$00002712) for __lit__00000000
    entry2.o(.ARM.Collect$$$$00002712) refers to startup_ciu32l051.o(STACK) for __initial_sp
    entry2.o(__vectab_stack_and_reset_area) refers to startup_ciu32l051.o(STACK) for __initial_sp
    entry2.o(__vectab_stack_and_reset_area) refers to entry.o(.ARM.Collect$$$$00000000) for __main
    entry5.o(.ARM.Collect$$$$00000004) refers to init.o(.text) for __scatterload
    entry9a.o(.ARM.Collect$$$$0000000B) refers to main.o(i.main) for main
    entry9b.o(.ARM.Collect$$$$0000000C) refers to main.o(i.main) for main
    init.o(.text) refers to entry5.o(.ARM.Collect$$$$00000004) for __main_after_scatterload


==============================================================================

Removing Unused input sections from the image.

    Removing led.o(.rev16_text), (4 bytes).
    Removing led.o(.revsh_text), (4 bytes).
    Removing led.o(.constdata), (24 bytes).
    Removing main.o(.rev16_text), (4 bytes).
    Removing main.o(.revsh_text), (4 bytes).
    Removing main.o(.constdata), (24 bytes).
    Removing ssc.o(.rev16_text), (4 bytes).
    Removing ssc.o(.revsh_text), (4 bytes).
    Removing ssc.o(.constdata), (24 bytes).
    Removing nivc.o(.rev16_text), (4 bytes).
    Removing nivc.o(.revsh_text), (4 bytes).
    Removing nivc.o(.constdata), (24 bytes).
    Removing timer8.o(.rev16_text), (4 bytes).
    Removing timer8.o(.revsh_text), (4 bytes).
    Removing timer8.o(.constdata), (24 bytes).
    Removing gpio.o(.rev16_text), (4 bytes).
    Removing gpio.o(.revsh_text), (4 bytes).
    Removing gpio.o(.constdata), (24 bytes).
    Removing lcd.o(.rev16_text), (4 bytes).
    Removing lcd.o(.revsh_text), (4 bytes).
    Removing lcd.o(i.lcd_clean_all), (44 bytes).
    Removing lcd.o(i.lcd_show_data), (28 bytes).
    Removing lcd.o(.constdata), (24 bytes).
    Removing adc.o(.rev16_text), (4 bytes).
    Removing adc.o(.revsh_text), (4 bytes).
    Removing adc.o(.constdata), (24 bytes).
    Removing timer3.o(.rev16_text), (4 bytes).
    Removing timer3.o(.revsh_text), (4 bytes).
    Removing timer3.o(.constdata), (24 bytes).
    Removing app.o(.rev16_text), (4 bytes).
    Removing app.o(.revsh_text), (4 bytes).
    Removing app.o(.constdata), (24 bytes).
    Removing flash.o(.rev16_text), (4 bytes).
    Removing flash.o(.revsh_text), (4 bytes).
    Removing flash.o(.constdata), (24 bytes).
    Removing i2c.o(.rev16_text), (4 bytes).
    Removing i2c.o(.revsh_text), (4 bytes).
    Removing i2c.o(i.GXHTC3_sleep), (48 bytes).
    Removing i2c.o(.constdata), (24 bytes).
    Removing ciu32l051_std.o(.rev16_text), (4 bytes).
    Removing ciu32l051_std.o(.revsh_text), (4 bytes).
    Removing ciu32l051_std.o(i.std_delay_end), (20 bytes).
    Removing ciu32l051_std.o(i.std_delayms_start), (18 bytes).
    Removing ciu32l051_std.o(i.std_delayus_start), (56 bytes).
    Removing ciu32l051_std.o(.constdata), (24 bytes).
    Removing ciu32l051_std_adc.o(.rev16_text), (4 bytes).
    Removing ciu32l051_std_adc.o(.revsh_text), (4 bytes).
    Removing ciu32l051_std_adc.o(i.std_adc_deinit), (56 bytes).
    Removing ciu32l051_std_adc.o(i.std_adc_struct_init), (34 bytes).
    Removing ciu32l051_std_adc.o(.constdata), (24 bytes).
    Removing ciu32l051_std_aes.o(.rev16_text), (4 bytes).
    Removing ciu32l051_std_aes.o(.revsh_text), (4 bytes).
    Removing ciu32l051_std_aes.o(i.std_aes_deinit), (44 bytes).
    Removing ciu32l051_std_aes.o(i.std_aes_init), (28 bytes).
    Removing ciu32l051_std_aes.o(i.std_aes_struct_init), (8 bytes).
    Removing ciu32l051_std_aes.o(.constdata), (24 bytes).
    Removing ciu32l051_std_comp.o(.rev16_text), (4 bytes).
    Removing ciu32l051_std_comp.o(.revsh_text), (4 bytes).
    Removing ciu32l051_std_comp.o(i.std_comp_deinit), (18 bytes).
    Removing ciu32l051_std_comp.o(i.std_comp_init), (80 bytes).
    Removing ciu32l051_std_comp.o(i.std_comp_struct_init), (26 bytes).
    Removing ciu32l051_std_comp.o(.constdata), (24 bytes).
    Removing ciu32l051_std_crc.o(.rev16_text), (4 bytes).
    Removing ciu32l051_std_crc.o(.revsh_text), (4 bytes).
    Removing ciu32l051_std_crc.o(i.std_crc_deinit), (44 bytes).
    Removing ciu32l051_std_crc.o(i.std_crc_init), (48 bytes).
    Removing ciu32l051_std_crc.o(i.std_crc_set_init_value_invert), (100 bytes).
    Removing ciu32l051_std_crc.o(i.std_crc_struct_init), (14 bytes).
    Removing ciu32l051_std_crc.o(.constdata), (24 bytes).
    Removing ciu32l051_std_dma.o(.rev16_text), (4 bytes).
    Removing ciu32l051_std_dma.o(.revsh_text), (4 bytes).
    Removing ciu32l051_std_dma.o(i.std_dma_deinit), (108 bytes).
    Removing ciu32l051_std_dma.o(i.std_dma_struct_init), (18 bytes).
    Removing ciu32l051_std_dma.o(.constdata), (24 bytes).
    Removing ciu32l051_std_exti.o(.rev16_text), (4 bytes).
    Removing ciu32l051_std_exti.o(.revsh_text), (4 bytes).
    Removing ciu32l051_std_exti.o(i.std_exti_deinit), (52 bytes).
    Removing ciu32l051_std_exti.o(i.std_exti_init), (380 bytes).
    Removing ciu32l051_std_exti.o(i.std_exti_struct_init), (16 bytes).
    Removing ciu32l051_std_exti.o(.constdata), (24 bytes).
    Removing ciu32l051_std_flash.o(.rev16_text), (4 bytes).
    Removing ciu32l051_std_flash.o(.revsh_text), (4 bytes).
    Removing ciu32l051_std_flash.o(i.std_flash_mass_erase), (12 bytes).
    Removing ciu32l051_std_flash.o(i.std_flash_opt_erase), (48 bytes).
    Removing ciu32l051_std_flash.o(.constdata), (24 bytes).
    Removing ciu32l051_std_gpio.o(.rev16_text), (4 bytes).
    Removing ciu32l051_std_gpio.o(.revsh_text), (4 bytes).
    Removing ciu32l051_std_gpio.o(i.std_gpio_deinit), (92 bytes).
    Removing ciu32l051_std_gpio.o(i.std_gpio_struct_init), (18 bytes).
    Removing ciu32l051_std_gpio.o(.constdata), (24 bytes).
    Removing ciu32l051_std_i2c.o(.rev16_text), (4 bytes).
    Removing ciu32l051_std_i2c.o(.revsh_text), (4 bytes).
    Removing ciu32l051_std_i2c.o(i.std_i2c_deinit), (44 bytes).
    Removing ciu32l051_std_i2c.o(i.std_i2c_init), (102 bytes).
    Removing ciu32l051_std_i2c.o(i.std_i2c_struct_init), (18 bytes).
    Removing ciu32l051_std_i2c.o(.constdata), (24 bytes).
    Removing ciu32l051_std_lcd.o(.rev16_text), (4 bytes).
    Removing ciu32l051_std_lcd.o(.revsh_text), (4 bytes).
    Removing ciu32l051_std_lcd.o(i.std_lcd_deinit), (60 bytes).
    Removing ciu32l051_std_lcd.o(i.std_lcd_struct_init), (34 bytes).
    Removing ciu32l051_std_lcd.o(.constdata), (24 bytes).
    Removing ciu32l051_std_lptim.o(.rev16_text), (4 bytes).
    Removing ciu32l051_std_lptim.o(.revsh_text), (4 bytes).
    Removing ciu32l051_std_lptim.o(i.std_lptim_deinit), (52 bytes).
    Removing ciu32l051_std_lptim.o(i.std_lptim_init), (32 bytes).
    Removing ciu32l051_std_lptim.o(i.std_lptim_struct_init), (12 bytes).
    Removing ciu32l051_std_lptim.o(i.std_rcc_apb1_clk_disable), (16 bytes).
    Removing ciu32l051_std_lptim.o(i.std_rcc_apb1_reset), (24 bytes).
    Removing ciu32l051_std_lptim.o(.constdata), (24 bytes).
    Removing ciu32l051_std_lpuart.o(.rev16_text), (4 bytes).
    Removing ciu32l051_std_lpuart.o(.revsh_text), (4 bytes).
    Removing ciu32l051_std_lpuart.o(i.std_lpuart_deinit), (64 bytes).
    Removing ciu32l051_std_lpuart.o(i.std_lpuart_disable), (10 bytes).
    Removing ciu32l051_std_lpuart.o(i.std_lpuart_get_flag), (18 bytes).
    Removing ciu32l051_std_lpuart.o(i.std_lpuart_init), (192 bytes).
    Removing ciu32l051_std_lpuart.o(i.std_lpuart_set_baudrate), (308 bytes).
    Removing ciu32l051_std_lpuart.o(i.std_lpuart_struct_init), (26 bytes).
    Removing ciu32l051_std_lpuart.o(i.std_rcc_apb1_clk_disable), (16 bytes).
    Removing ciu32l051_std_lpuart.o(i.std_rcc_apb1_reset), (24 bytes).
    Removing ciu32l051_std_lpuart.o(.constdata), (24 bytes).
    Removing ciu32l051_std_pmu.o(.rev16_text), (4 bytes).
    Removing ciu32l051_std_pmu.o(.revsh_text), (4 bytes).
    Removing ciu32l051_std_pmu.o(i.std_pmu_enter_sleep), (32 bytes).
    Removing ciu32l051_std_pmu.o(i.std_pmu_enter_stop), (44 bytes).
    Removing ciu32l051_std_pmu.o(i.std_pmu_pvd_init), (92 bytes).
    Removing ciu32l051_std_pmu.o(i.std_pmu_reg_reset), (28 bytes).
    Removing ciu32l051_std_pmu.o(i.std_pmu_struct_init), (18 bytes).
    Removing ciu32l051_std_pmu.o(.constdata), (24 bytes).
    Removing ciu32l051_std_rcc.o(.rev16_text), (4 bytes).
    Removing ciu32l051_std_rcc.o(.revsh_text), (4 bytes).
    Removing ciu32l051_std_rcc.o(i.std_rcc_get_hclkfreq), (40 bytes).
    Removing ciu32l051_std_rcc.o(i.std_rcc_get_pclk1freq), (48 bytes).
    Removing ciu32l051_std_rcc.o(i.std_rcc_get_pclk2freq), (48 bytes).
    Removing ciu32l051_std_rcc.o(i.std_rcc_get_pllfreq), (120 bytes).
    Removing ciu32l051_std_rcc.o(i.std_rcc_get_sysclkfreq), (116 bytes).
    Removing ciu32l051_std_rcc.o(.constdata), (24 bytes).
    Removing ciu32l051_std_rtc.o(.rev16_text), (4 bytes).
    Removing ciu32l051_std_rtc.o(.revsh_text), (4 bytes).
    Removing ciu32l051_std_rtc.o(i.std_rtc_alarm_init), (108 bytes).
    Removing ciu32l051_std_rtc.o(i.std_rtc_alarm_struct_init), (16 bytes).
    Removing ciu32l051_std_rtc.o(i.std_rtc_date_init), (100 bytes).
    Removing ciu32l051_std_rtc.o(i.std_rtc_date_struct_init), (14 bytes).
    Removing ciu32l051_std_rtc.o(i.std_rtc_deinit), (92 bytes).
    Removing ciu32l051_std_rtc.o(i.std_rtc_get_mode), (16 bytes).
    Removing ciu32l051_std_rtc.o(i.std_rtc_init_mode_enter), (84 bytes).
    Removing ciu32l051_std_rtc.o(i.std_rtc_init_mode_exit), (76 bytes).
    Removing ciu32l051_std_rtc.o(i.std_rtc_time_init), (92 bytes).
    Removing ciu32l051_std_rtc.o(i.std_rtc_time_struct_init), (10 bytes).
    Removing ciu32l051_std_rtc.o(i.std_rtc_write_protection_disable), (16 bytes).
    Removing ciu32l051_std_rtc.o(i.std_rtc_write_protection_enable), (12 bytes).
    Removing ciu32l051_std_rtc.o(.constdata), (24 bytes).
    Removing ciu32l051_std_spi.o(.rev16_text), (4 bytes).
    Removing ciu32l051_std_spi.o(.revsh_text), (4 bytes).
    Removing ciu32l051_std_spi.o(i.std_spi_deinit), (112 bytes).
    Removing ciu32l051_std_spi.o(i.std_spi_init), (60 bytes).
    Removing ciu32l051_std_spi.o(i.std_spi_struct_init), (16 bytes).
    Removing ciu32l051_std_spi.o(.constdata), (24 bytes).
    Removing ciu32l051_std_tamp.o(.rev16_text), (4 bytes).
    Removing ciu32l051_std_tamp.o(.revsh_text), (4 bytes).
    Removing ciu32l051_std_tamp.o(i.std_tamp_deinit), (40 bytes).
    Removing ciu32l051_std_tamp.o(.constdata), (24 bytes).
    Removing ciu32l051_std_tim.o(.rev16_text), (4 bytes).
    Removing ciu32l051_std_tim.o(.revsh_text), (4 bytes).
    Removing ciu32l051_std_tim.o(i.std_rcc_apb1_clk_disable), (16 bytes).
    Removing ciu32l051_std_tim.o(i.std_rcc_apb1_reset), (24 bytes).
    Removing ciu32l051_std_tim.o(i.std_tim_ccx_channel_disable), (16 bytes).
    Removing ciu32l051_std_tim.o(i.std_tim_deinit), (112 bytes).
    Removing ciu32l051_std_tim.o(i.std_tim_input_capture_init), (236 bytes).
    Removing ciu32l051_std_tim.o(i.std_tim_input_capture_struct_init), (16 bytes).
    Removing ciu32l051_std_tim.o(i.std_tim_output_compare_init), (372 bytes).
    Removing ciu32l051_std_tim.o(i.std_tim_output_compare_struct_init), (14 bytes).
    Removing ciu32l051_std_tim.o(i.std_tim_struct_init), (24 bytes).
    Removing ciu32l051_std_tim.o(.constdata), (24 bytes).
    Removing ciu32l051_std_trng.o(.rev16_text), (4 bytes).
    Removing ciu32l051_std_trng.o(.revsh_text), (4 bytes).
    Removing ciu32l051_std_trng.o(i.std_trng_deinit), (40 bytes).
    Removing ciu32l051_std_trng.o(i.std_trng_get_random_number), (40 bytes).
    Removing ciu32l051_std_trng.o(.constdata), (24 bytes).
    Removing ciu32l051_std_usart.o(.rev16_text), (4 bytes).
    Removing ciu32l051_std_usart.o(.revsh_text), (4 bytes).
    Removing ciu32l051_std_usart.o(i.std_rcc_apb1_clk_disable), (16 bytes).
    Removing ciu32l051_std_usart.o(i.std_rcc_apb1_reset), (24 bytes).
    Removing ciu32l051_std_usart.o(i.std_usart_baudrate_config), (176 bytes).
    Removing ciu32l051_std_usart.o(i.std_usart_deinit), (152 bytes).
    Removing ciu32l051_std_usart.o(i.std_usart_init), (116 bytes).
    Removing ciu32l051_std_usart.o(i.std_usart_struct_init), (26 bytes).
    Removing ciu32l051_std_usart.o(i.std_usart_sync_clk_init), (72 bytes).
    Removing ciu32l051_std_usart.o(i.std_usart_sync_clk_struct_init), (14 bytes).
    Removing ciu32l051_std_usart.o(.constdata), (24 bytes).
    Removing system_ciu32l051.o(.rev16_text), (4 bytes).
    Removing system_ciu32l051.o(.revsh_text), (4 bytes).
    Removing startup_ciu32l051.o(HEAP), (0 bytes).

192 unused section(s) (total 6530 bytes) removed from the image.

==============================================================================

Image Symbol Table

    Local Symbols

    Symbol Name                              Value     Ov Type        Size  Object(Section)

    ../clib/microlib/division.c              0x00000000   Number         0  uidiv.o ABSOLUTE
    ../clib/microlib/division.c              0x00000000   Number         0  uldiv.o ABSOLUTE
    ../clib/microlib/division.c              0x00000000   Number         0  idiv.o ABSOLUTE
    ../clib/microlib/init/entry.s            0x00000000   Number         0  entry7b.o ABSOLUTE
    ../clib/microlib/init/entry.s            0x00000000   Number         0  entry10a.o ABSOLUTE
    ../clib/microlib/init/entry.s            0x00000000   Number         0  entry7a.o ABSOLUTE
    ../clib/microlib/init/entry.s            0x00000000   Number         0  entry8b.o ABSOLUTE
    ../clib/microlib/init/entry.s            0x00000000   Number         0  entry.o ABSOLUTE
    ../clib/microlib/init/entry.s            0x00000000   Number         0  entry8a.o ABSOLUTE
    ../clib/microlib/init/entry.s            0x00000000   Number         0  entry2.o ABSOLUTE
    ../clib/microlib/init/entry.s            0x00000000   Number         0  entry9a.o ABSOLUTE
    ../clib/microlib/init/entry.s            0x00000000   Number         0  entry5.o ABSOLUTE
    ../clib/microlib/init/entry.s            0x00000000   Number         0  entry9b.o ABSOLUTE
    ../clib/microlib/init/entry.s            0x00000000   Number         0  entry10b.o ABSOLUTE
    ../clib/microlib/init/entry.s            0x00000000   Number         0  entry11a.o ABSOLUTE
    ../clib/microlib/init/entry.s            0x00000000   Number         0  entry11b.o ABSOLUTE
    ../clib/microlib/init/entry.s            0x00000000   Number         0  entry12a.o ABSOLUTE
    ../clib/microlib/init/entry.s            0x00000000   Number         0  entry12b.o ABSOLUTE
    ../clib/microlib/longlong.c              0x00000000   Number         0  llshl.o ABSOLUTE
    ../clib/microlib/longlong.c              0x00000000   Number         0  llushr.o ABSOLUTE
    ../clib/microlib/string/memset.c         0x00000000   Number         0  memseta.o ABSOLUTE
    ..\..\..\..\Drivers\CIU32L051_Lib\Source\ciu32l051_std.c 0x00000000   Number         0  ciu32l051_std.o ABSOLUTE
    ..\..\..\..\Drivers\CIU32L051_Lib\Source\ciu32l051_std_adc.c 0x00000000   Number         0  ciu32l051_std_adc.o ABSOLUTE
    ..\..\..\..\Drivers\CIU32L051_Lib\Source\ciu32l051_std_aes.c 0x00000000   Number         0  ciu32l051_std_aes.o ABSOLUTE
    ..\..\..\..\Drivers\CIU32L051_Lib\Source\ciu32l051_std_comp.c 0x00000000   Number         0  ciu32l051_std_comp.o ABSOLUTE
    ..\..\..\..\Drivers\CIU32L051_Lib\Source\ciu32l051_std_crc.c 0x00000000   Number         0  ciu32l051_std_crc.o ABSOLUTE
    ..\..\..\..\Drivers\CIU32L051_Lib\Source\ciu32l051_std_dma.c 0x00000000   Number         0  ciu32l051_std_dma.o ABSOLUTE
    ..\..\..\..\Drivers\CIU32L051_Lib\Source\ciu32l051_std_exti.c 0x00000000   Number         0  ciu32l051_std_exti.o ABSOLUTE
    ..\..\..\..\Drivers\CIU32L051_Lib\Source\ciu32l051_std_flash.c 0x00000000   Number         0  ciu32l051_std_flash.o ABSOLUTE
    ..\..\..\..\Drivers\CIU32L051_Lib\Source\ciu32l051_std_gpio.c 0x00000000   Number         0  ciu32l051_std_gpio.o ABSOLUTE
    ..\..\..\..\Drivers\CIU32L051_Lib\Source\ciu32l051_std_i2c.c 0x00000000   Number         0  ciu32l051_std_i2c.o ABSOLUTE
    ..\..\..\..\Drivers\CIU32L051_Lib\Source\ciu32l051_std_lcd.c 0x00000000   Number         0  ciu32l051_std_lcd.o ABSOLUTE
    ..\..\..\..\Drivers\CIU32L051_Lib\Source\ciu32l051_std_lptim.c 0x00000000   Number         0  ciu32l051_std_lptim.o ABSOLUTE
    ..\..\..\..\Drivers\CIU32L051_Lib\Source\ciu32l051_std_lpuart.c 0x00000000   Number         0  ciu32l051_std_lpuart.o ABSOLUTE
    ..\..\..\..\Drivers\CIU32L051_Lib\Source\ciu32l051_std_pmu.c 0x00000000   Number         0  ciu32l051_std_pmu.o ABSOLUTE
    ..\..\..\..\Drivers\CIU32L051_Lib\Source\ciu32l051_std_rcc.c 0x00000000   Number         0  ciu32l051_std_rcc.o ABSOLUTE
    ..\..\..\..\Drivers\CIU32L051_Lib\Source\ciu32l051_std_rtc.c 0x00000000   Number         0  ciu32l051_std_rtc.o ABSOLUTE
    ..\..\..\..\Drivers\CIU32L051_Lib\Source\ciu32l051_std_spi.c 0x00000000   Number         0  ciu32l051_std_spi.o ABSOLUTE
    ..\..\..\..\Drivers\CIU32L051_Lib\Source\ciu32l051_std_tamp.c 0x00000000   Number         0  ciu32l051_std_tamp.o ABSOLUTE
    ..\..\..\..\Drivers\CIU32L051_Lib\Source\ciu32l051_std_tim.c 0x00000000   Number         0  ciu32l051_std_tim.o ABSOLUTE
    ..\..\..\..\Drivers\CIU32L051_Lib\Source\ciu32l051_std_trng.c 0x00000000   Number         0  ciu32l051_std_trng.o ABSOLUTE
    ..\..\..\..\Drivers\CIU32L051_Lib\Source\ciu32l051_std_usart.c 0x00000000   Number         0  ciu32l051_std_usart.o ABSOLUTE
    ..\..\..\..\Drivers\CMSIS\Device\system_ciu32l051.c 0x00000000   Number         0  system_ciu32l051.o ABSOLUTE
    ..\Source\Flash.c                        0x00000000   Number         0  flash.o ABSOLUTE
    ..\Source\LCD.c                          0x00000000   Number         0  lcd.o ABSOLUTE
    ..\Source\LED.c                          0x00000000   Number         0  led.o ABSOLUTE
    ..\Source\adc.c                          0x00000000   Number         0  adc.o ABSOLUTE
    ..\Source\app.c                          0x00000000   Number         0  app.o ABSOLUTE
    ..\Source\gpio.c                         0x00000000   Number         0  gpio.o ABSOLUTE
    ..\Source\i2c.c                          0x00000000   Number         0  i2c.o ABSOLUTE
    ..\Source\main.c                         0x00000000   Number         0  main.o ABSOLUTE
    ..\Source\nivc.c                         0x00000000   Number         0  nivc.o ABSOLUTE
    ..\Source\ssc.c                          0x00000000   Number         0  ssc.o ABSOLUTE
    ..\Source\timer3.c                       0x00000000   Number         0  timer3.o ABSOLUTE
    ..\Source\timer8.c                       0x00000000   Number         0  timer8.o ABSOLUTE
    ..\\..\\..\\..\\Drivers\\CIU32L051_Lib\\Source\\ciu32l051_std.c 0x00000000   Number         0  ciu32l051_std.o ABSOLUTE
    ..\\..\\..\\..\\Drivers\\CIU32L051_Lib\\Source\\ciu32l051_std_adc.c 0x00000000   Number         0  ciu32l051_std_adc.o ABSOLUTE
    ..\\..\\..\\..\\Drivers\\CIU32L051_Lib\\Source\\ciu32l051_std_aes.c 0x00000000   Number         0  ciu32l051_std_aes.o ABSOLUTE
    ..\\..\\..\\..\\Drivers\\CIU32L051_Lib\\Source\\ciu32l051_std_comp.c 0x00000000   Number         0  ciu32l051_std_comp.o ABSOLUTE
    ..\\..\\..\\..\\Drivers\\CIU32L051_Lib\\Source\\ciu32l051_std_crc.c 0x00000000   Number         0  ciu32l051_std_crc.o ABSOLUTE
    ..\\..\\..\\..\\Drivers\\CIU32L051_Lib\\Source\\ciu32l051_std_dma.c 0x00000000   Number         0  ciu32l051_std_dma.o ABSOLUTE
    ..\\..\\..\\..\\Drivers\\CIU32L051_Lib\\Source\\ciu32l051_std_exti.c 0x00000000   Number         0  ciu32l051_std_exti.o ABSOLUTE
    ..\\..\\..\\..\\Drivers\\CIU32L051_Lib\\Source\\ciu32l051_std_flash.c 0x00000000   Number         0  ciu32l051_std_flash.o ABSOLUTE
    ..\\..\\..\\..\\Drivers\\CIU32L051_Lib\\Source\\ciu32l051_std_gpio.c 0x00000000   Number         0  ciu32l051_std_gpio.o ABSOLUTE
    ..\\..\\..\\..\\Drivers\\CIU32L051_Lib\\Source\\ciu32l051_std_i2c.c 0x00000000   Number         0  ciu32l051_std_i2c.o ABSOLUTE
    ..\\..\\..\\..\\Drivers\\CIU32L051_Lib\\Source\\ciu32l051_std_lcd.c 0x00000000   Number         0  ciu32l051_std_lcd.o ABSOLUTE
    ..\\..\\..\\..\\Drivers\\CIU32L051_Lib\\Source\\ciu32l051_std_lptim.c 0x00000000   Number         0  ciu32l051_std_lptim.o ABSOLUTE
    ..\\..\\..\\..\\Drivers\\CIU32L051_Lib\\Source\\ciu32l051_std_lpuart.c 0x00000000   Number         0  ciu32l051_std_lpuart.o ABSOLUTE
    ..\\..\\..\\..\\Drivers\\CIU32L051_Lib\\Source\\ciu32l051_std_pmu.c 0x00000000   Number         0  ciu32l051_std_pmu.o ABSOLUTE
    ..\\..\\..\\..\\Drivers\\CIU32L051_Lib\\Source\\ciu32l051_std_rcc.c 0x00000000   Number         0  ciu32l051_std_rcc.o ABSOLUTE
    ..\\..\\..\\..\\Drivers\\CIU32L051_Lib\\Source\\ciu32l051_std_rtc.c 0x00000000   Number         0  ciu32l051_std_rtc.o ABSOLUTE
    ..\\..\\..\\..\\Drivers\\CIU32L051_Lib\\Source\\ciu32l051_std_spi.c 0x00000000   Number         0  ciu32l051_std_spi.o ABSOLUTE
    ..\\..\\..\\..\\Drivers\\CIU32L051_Lib\\Source\\ciu32l051_std_tamp.c 0x00000000   Number         0  ciu32l051_std_tamp.o ABSOLUTE
    ..\\..\\..\\..\\Drivers\\CIU32L051_Lib\\Source\\ciu32l051_std_tim.c 0x00000000   Number         0  ciu32l051_std_tim.o ABSOLUTE
    ..\\..\\..\\..\\Drivers\\CIU32L051_Lib\\Source\\ciu32l051_std_trng.c 0x00000000   Number         0  ciu32l051_std_trng.o ABSOLUTE
    ..\\..\\..\\..\\Drivers\\CIU32L051_Lib\\Source\\ciu32l051_std_usart.c 0x00000000   Number         0  ciu32l051_std_usart.o ABSOLUTE
    ..\\..\\..\\..\\Drivers\\CMSIS\\Device\\system_ciu32l051.c 0x00000000   Number         0  system_ciu32l051.o ABSOLUTE
    ..\\Source\\Flash.c                      0x00000000   Number         0  flash.o ABSOLUTE
    ..\\Source\\LCD.c                        0x00000000   Number         0  lcd.o ABSOLUTE
    ..\\Source\\LED.c                        0x00000000   Number         0  led.o ABSOLUTE
    ..\\Source\\adc.c                        0x00000000   Number         0  adc.o ABSOLUTE
    ..\\Source\\app.c                        0x00000000   Number         0  app.o ABSOLUTE
    ..\\Source\\gpio.c                       0x00000000   Number         0  gpio.o ABSOLUTE
    ..\\Source\\i2c.c                        0x00000000   Number         0  i2c.o ABSOLUTE
    ..\\Source\\main.c                       0x00000000   Number         0  main.o ABSOLUTE
    ..\\Source\\nivc.c                       0x00000000   Number         0  nivc.o ABSOLUTE
    ..\\Source\\ssc.c                        0x00000000   Number         0  ssc.o ABSOLUTE
    ..\\Source\\timer3.c                     0x00000000   Number         0  timer3.o ABSOLUTE
    ..\\Source\\timer8.c                     0x00000000   Number         0  timer8.o ABSOLUTE
    dc.s                                     0x00000000   Number         0  dc.o ABSOLUTE
    handlers.s                               0x00000000   Number         0  handlers.o ABSOLUTE
    init.s                                   0x00000000   Number         0  init.o ABSOLUTE
    startup_ciu32l051.s                      0x00000000   Number         0  startup_ciu32l051.o ABSOLUTE
    RESET                                    0x08000000   Section      192  startup_ciu32l051.o(RESET)
    .ARM.Collect$$$$00000000                 0x080000c0   Section        0  entry.o(.ARM.Collect$$$$00000000)
    .ARM.Collect$$$$00000001                 0x080000c0   Section        4  entry2.o(.ARM.Collect$$$$00000001)
    .ARM.Collect$$$$00000004                 0x080000c4   Section        4  entry5.o(.ARM.Collect$$$$00000004)
    .ARM.Collect$$$$00000008                 0x080000c8   Section        0  entry7b.o(.ARM.Collect$$$$00000008)
    .ARM.Collect$$$$0000000A                 0x080000c8   Section        0  entry8b.o(.ARM.Collect$$$$0000000A)
    .ARM.Collect$$$$0000000B                 0x080000c8   Section        8  entry9a.o(.ARM.Collect$$$$0000000B)
    .ARM.Collect$$$$0000000E                 0x080000d0   Section        4  entry12b.o(.ARM.Collect$$$$0000000E)
    .ARM.Collect$$$$0000000F                 0x080000d4   Section        0  entry10a.o(.ARM.Collect$$$$0000000F)
    .ARM.Collect$$$$00000011                 0x080000d4   Section        0  entry11a.o(.ARM.Collect$$$$00000011)
    .ARM.Collect$$$$00002712                 0x080000d4   Section        4  entry2.o(.ARM.Collect$$$$00002712)
    __lit__00000000                          0x080000d4   Data           4  entry2.o(.ARM.Collect$$$$00002712)
    .text                                    0x080000d8   Section       28  startup_ciu32l051.o(.text)
    .text                                    0x080000f4   Section        0  uidiv.o(.text)
    .text                                    0x08000120   Section        0  idiv.o(.text)
    .text                                    0x08000148   Section        0  memseta.o(.text)
    .text                                    0x0800016c   Section       36  init.o(.text)
    i.DMA_Channel0_IRQHandler                0x08000190   Section        0  adc.o(i.DMA_Channel0_IRQHandler)
    i.Flash_Read_Voltage_Check               0x080001e8   Section        0  flash.o(i.Flash_Read_Voltage_Check)
    i.Flash_Write_CO_Voltage                 0x08000214   Section        0  flash.o(i.Flash_Write_CO_Voltage)
    i.Flash_get_Value                        0x080002a4   Section        0  flash.o(i.Flash_get_Value)
    i.GXHTC3_read                            0x080002c0   Section        0  i2c.o(i.GXHTC3_read)
    i.IIC_Ack                                0x080003c0   Section        0  i2c.o(i.IIC_Ack)
    i.IIC_NAck                               0x080003f8   Section        0  i2c.o(i.IIC_NAck)
    i.IIC_Read_Byte                          0x08000430   Section        0  i2c.o(i.IIC_Read_Byte)
    i.IIC_Send_Byte                          0x08000484   Section        0  i2c.o(i.IIC_Send_Byte)
    i.IIC_Start                              0x080004e8   Section        0  i2c.o(i.IIC_Start)
    i.IIC_Stop                               0x08000528   Section        0  i2c.o(i.IIC_Stop)
    i.IIC_Wait_Ack                           0x08000568   Section        0  i2c.o(i.IIC_Wait_Ack)
    i.SDA_IN                                 0x08000598   Section        0  i2c.o(i.SDA_IN)
    i.SDA_OUT                                0x080005bc   Section        0  i2c.o(i.SDA_OUT)
    i.SystemCoreClockUpdate                  0x080005e4   Section        0  system_ciu32l051.o(i.SystemCoreClockUpdate)
    i.SystemInit                             0x080006e0   Section        0  system_ciu32l051.o(i.SystemInit)
    i.TIM3_adc_Enable                        0x08000700   Section        0  timer3.o(i.TIM3_adc_Enable)
    i.TIM3_init                              0x08000724   Section        0  timer3.o(i.TIM3_init)
    i.TIM8_IRQHandler                        0x08000794   Section        0  timer8.o(i.TIM8_IRQHandler)
    i.TIM8_init                              0x08000868   Section        0  timer8.o(i.TIM8_init)
    i.__ARM_common_switch8                   0x080008c0   Section        0  lcd.o(i.__ARM_common_switch8)
    i.__NVIC_EnableIRQ                       0x080008dc   Section        0  nivc.o(i.__NVIC_EnableIRQ)
    __NVIC_EnableIRQ                         0x080008dd   Thumb Code    18  nivc.o(i.__NVIC_EnableIRQ)
    i.__NVIC_SetPriority                     0x080008f4   Section        0  nivc.o(i.__NVIC_SetPriority)
    __NVIC_SetPriority                       0x080008f5   Thumb Code   110  nivc.o(i.__NVIC_SetPriority)
    i.__NVIC_SetPriority                     0x0800096c   Section        0  adc.o(i.__NVIC_SetPriority)
    __NVIC_SetPriority                       0x0800096d   Thumb Code   110  adc.o(i.__NVIC_SetPriority)
    i.__scatterload_copy                     0x080009e4   Section       14  handlers.o(i.__scatterload_copy)
    i.__scatterload_null                     0x080009f2   Section        2  handlers.o(i.__scatterload_null)
    i.__scatterload_zeroinit                 0x080009f4   Section       14  handlers.o(i.__scatterload_zeroinit)
    i.adc_init                               0x08000a04   Section        0  adc.o(i.adc_init)
    i.app_LCD_Control                        0x08000acc   Section        0  app.o(i.app_LCD_Control)
    i.app_LED_Control                        0x08000c7c   Section        0  app.o(i.app_LED_Control)
    i.app_Status_Control                     0x08000d5c   Section        0  app.o(i.app_Status_Control)
    i.app_get_adc_data_process               0x08000e30   Section        0  app.o(i.app_get_adc_data_process)
    i.app_value_convert                      0x08000e84   Section        0  app.o(i.app_value_convert)
    i.bsp_adc_dma_config                     0x08000f90   Section        0  adc.o(i.bsp_adc_dma_config)
    i.bsp_tim8_start                         0x08000fbc   Section        0  timer8.o(i.bsp_tim8_start)
    i.dma_init                               0x08000fe0   Section        0  adc.o(i.dma_init)
    i.gpio_init                              0x08001064   Section        0  gpio.o(i.gpio_init)
    i.lcd_clock_config                       0x080010fc   Section        0  lcd.o(i.lcd_clock_config)
    i.lcd_config_init                        0x0800115c   Section        0  lcd.o(i.lcd_config_init)
    i.lcd_mid_clear                          0x08001210   Section        0  lcd.o(i.lcd_mid_clear)
    i.lcd_show_all                           0x08001260   Section        0  lcd.o(i.lcd_show_all)
    i.lcd_show_dash                          0x08001298   Section        0  lcd.o(i.lcd_show_dash)
    i.lcd_show_humidity                      0x0800131c   Section        0  lcd.o(i.lcd_show_humidity)
    i.lcd_show_mid_num                       0x08001670   Section        0  lcd.o(i.lcd_show_mid_num)
    i.lcd_show_temperature                   0x08001ee4   Section        0  lcd.o(i.lcd_show_temperature)
    i.lcd_write_to_RAM                       0x0800241c   Section        0  lcd.o(i.lcd_write_to_RAM)
    i.led_init                               0x08002470   Section        0  led.o(i.led_init)
    i.main                                   0x080024b4   Section        0  main.o(i.main)
    i.nvic_init                              0x0800254c   Section        0  nivc.o(i.nvic_init)
    i.std_adc_channel_sample_time_select     0x0800256c   Section        0  adc.o(i.std_adc_channel_sample_time_select)
    std_adc_channel_sample_time_select       0x0800256d   Thumb Code    32  adc.o(i.std_adc_channel_sample_time_select)
    i.std_adc_fix_sequence_channel_enable    0x08002590   Section        0  adc.o(i.std_adc_fix_sequence_channel_enable)
    std_adc_fix_sequence_channel_enable      0x08002591   Thumb Code    12  adc.o(i.std_adc_fix_sequence_channel_enable)
    i.std_adc_init                           0x080025a0   Section        0  ciu32l051_std_adc.o(i.std_adc_init)
    i.std_adc_trig_edge_config               0x08002660   Section        0  ciu32l051_std_adc.o(i.std_adc_trig_edge_config)
    std_adc_trig_edge_config                 0x08002661   Thumb Code    18  ciu32l051_std_adc.o(i.std_adc_trig_edge_config)
    i.std_delay_init                         0x08002678   Section        0  ciu32l051_std.o(i.std_delay_init)
    i.std_delayms                            0x08002698   Section        0  ciu32l051_std.o(i.std_delayms)
    i.std_delayus                            0x080026b0   Section        0  ciu32l051_std.o(i.std_delayus)
    i.std_dma_init                           0x080026f4   Section        0  ciu32l051_std_dma.o(i.std_dma_init)
    i.std_dma_set_dst_address                0x08002750   Section        0  ciu32l051_std_dma.o(i.std_dma_set_dst_address)
    std_dma_set_dst_address                  0x08002751   Thumb Code    12  ciu32l051_std_dma.o(i.std_dma_set_dst_address)
    i.std_dma_set_src_address                0x08002760   Section        0  ciu32l051_std_dma.o(i.std_dma_set_src_address)
    std_dma_set_src_address                  0x08002761   Thumb Code    12  ciu32l051_std_dma.o(i.std_dma_set_src_address)
    i.std_dma_set_transfer_data_number       0x08002770   Section        0  ciu32l051_std_dma.o(i.std_dma_set_transfer_data_number)
    std_dma_set_transfer_data_number         0x08002771   Thumb Code    12  ciu32l051_std_dma.o(i.std_dma_set_transfer_data_number)
    i.std_dma_start_transmit                 0x08002780   Section        0  ciu32l051_std_dma.o(i.std_dma_start_transmit)
    i.std_flash_erase                        0x080027bc   Section        0  ciu32l051_std_flash.o(i.std_flash_erase)
    i.std_flash_lock                         0x08002818   Section        0  flash.o(i.std_flash_lock)
    std_flash_lock                           0x08002819   Thumb Code    16  flash.o(i.std_flash_lock)
    i.std_flash_page_erase                   0x0800282c   Section        0  ciu32l051_std_flash.o(i.std_flash_page_erase)
    i.std_flash_set_erase_mode               0x0800283c   Section        0  ciu32l051_std_flash.o(i.std_flash_set_erase_mode)
    std_flash_set_erase_mode                 0x0800283d   Thumb Code    16  ciu32l051_std_flash.o(i.std_flash_set_erase_mode)
    i.std_flash_wait_for_last_operation      0x08002850   Section        0  ciu32l051_std_flash.o(i.std_flash_wait_for_last_operation)
    i.std_flash_word_program                 0x080028a4   Section        0  ciu32l051_std_flash.o(i.std_flash_word_program)
    i.std_gpio_init                          0x080028ec   Section        0  ciu32l051_std_gpio.o(i.std_gpio_init)
    i.std_gpio_reset_pin                     0x0800295c   Section        0  app.o(i.std_gpio_reset_pin)
    std_gpio_reset_pin                       0x0800295d   Thumb Code     4  app.o(i.std_gpio_reset_pin)
    i.std_gpio_reset_pin                     0x08002960   Section        0  i2c.o(i.std_gpio_reset_pin)
    std_gpio_reset_pin                       0x08002961   Thumb Code     4  i2c.o(i.std_gpio_reset_pin)
    i.std_gpio_set_afpin_0_7                 0x08002964   Section        0  ciu32l051_std_gpio.o(i.std_gpio_set_afpin_0_7)
    std_gpio_set_afpin_0_7                   0x08002965   Thumb Code    36  ciu32l051_std_gpio.o(i.std_gpio_set_afpin_0_7)
    i.std_gpio_set_afpin_8_15                0x08002988   Section        0  ciu32l051_std_gpio.o(i.std_gpio_set_afpin_8_15)
    std_gpio_set_afpin_8_15                  0x08002989   Thumb Code    42  ciu32l051_std_gpio.o(i.std_gpio_set_afpin_8_15)
    i.std_gpio_set_pin                       0x080029b2   Section        0  app.o(i.std_gpio_set_pin)
    std_gpio_set_pin                         0x080029b3   Thumb Code     4  app.o(i.std_gpio_set_pin)
    i.std_gpio_set_pin                       0x080029b6   Section        0  i2c.o(i.std_gpio_set_pin)
    std_gpio_set_pin                         0x080029b7   Thumb Code     4  i2c.o(i.std_gpio_set_pin)
    i.std_gpio_set_pin_mode                  0x080029ba   Section        0  ciu32l051_std_gpio.o(i.std_gpio_set_pin_mode)
    std_gpio_set_pin_mode                    0x080029bb   Thumb Code    26  ciu32l051_std_gpio.o(i.std_gpio_set_pin_mode)
    i.std_gpio_set_pin_output_type           0x080029d4   Section        0  ciu32l051_std_gpio.o(i.std_gpio_set_pin_output_type)
    std_gpio_set_pin_output_type             0x080029d5   Thumb Code    16  ciu32l051_std_gpio.o(i.std_gpio_set_pin_output_type)
    i.std_gpio_set_pin_pull                  0x080029e4   Section        0  ciu32l051_std_gpio.o(i.std_gpio_set_pin_pull)
    std_gpio_set_pin_pull                    0x080029e5   Thumb Code    26  ciu32l051_std_gpio.o(i.std_gpio_set_pin_pull)
    i.std_lcd_disable                        0x08002a00   Section        0  ciu32l051_std_lcd.o(i.std_lcd_disable)
    std_lcd_disable                          0x08002a01   Thumb Code    14  ciu32l051_std_lcd.o(i.std_lcd_disable)
    i.std_lcd_get_flag                       0x08002a14   Section        0  ciu32l051_std_lcd.o(i.std_lcd_get_flag)
    std_lcd_get_flag                         0x08002a15   Thumb Code    20  ciu32l051_std_lcd.o(i.std_lcd_get_flag)
    i.std_lcd_init                           0x08002a2c   Section        0  ciu32l051_std_lcd.o(i.std_lcd_init)
    i.std_lcd_write                          0x08002a9c   Section        0  lcd.o(i.std_lcd_write)
    std_lcd_write                            0x08002a9d   Thumb Code    22  lcd.o(i.std_lcd_write)
    i.std_rcc_apb1_clk_enable                0x08002ab8   Section        0  lcd.o(i.std_rcc_apb1_clk_enable)
    std_rcc_apb1_clk_enable                  0x08002ab9   Thumb Code    18  lcd.o(i.std_rcc_apb1_clk_enable)
    i.std_rcc_apb2_clk_enable                0x08002ad0   Section        0  adc.o(i.std_rcc_apb2_clk_enable)
    std_rcc_apb2_clk_enable                  0x08002ad1   Thumb Code    18  adc.o(i.std_rcc_apb2_clk_enable)
    i.std_tim_init                           0x08002ae8   Section        0  ciu32l051_std_tim.o(i.std_tim_init)
    i.system_clock_config                    0x08002b34   Section        0  ssc.o(i.system_clock_config)
    i.vrefbuf_init                           0x08002c30   Section        0  adc.o(i.vrefbuf_init)
    .constdata                               0x08002ccc   Section       64  system_ciu32l051.o(.constdata)
    .data                                    0x20000000   Section       12  timer8.o(.data)
    .data                                    0x2000000c   Section       28  lcd.o(.data)
    .data                                    0x20000028   Section        6  adc.o(.data)
    .data                                    0x20000030   Section       35  app.o(.data)
    .data                                    0x20000054   Section       12  flash.o(.data)
    .data                                    0x20000060   Section       20  i2c.o(.data)
    .data                                    0x20000074   Section        4  system_ciu32l051.o(.data)
    STACK                                    0x20000078   Section     1024  startup_ciu32l051.o(STACK)

    Global Symbols

    Symbol Name                              Value     Ov Type        Size  Object(Section)

    BuildAttributes$$THM_ISAv3M$S$PE$A:L22$X:L11$S22$IEEE1$IW$USESV6$~STKCKD$USESV7$~SHL$OSPACE$EBA8$MICROLIB$REQ8$PRES8$EABIv2 0x00000000   Number         0  anon$$obj.o ABSOLUTE
    __ARM_use_no_argv                        0x00000000   Number         0  main.o ABSOLUTE
    __arm_fini_                               - Undefined Weak Reference
    __cpp_initialize__aeabi_                  - Undefined Weak Reference
    __cxa_finalize                            - Undefined Weak Reference
    __decompress                              - Undefined Weak Reference
    _clock_init                               - Undefined Weak Reference
    _microlib_exit                            - Undefined Weak Reference
    __vectors_Size                           0x000000c0   Number         0  startup_ciu32l051.o ABSOLUTE
    __vector_table                           0x08000000   Data           4  startup_ciu32l051.o(RESET)
    __main                                   0x080000c1   Thumb Code     0  entry.o(.ARM.Collect$$$$00000000)
    __vectors_End                            0x080000c0   Data           0  startup_ciu32l051.o(RESET)
    _main_stk                                0x080000c1   Thumb Code     0  entry2.o(.ARM.Collect$$$$00000001)
    _main_scatterload                        0x080000c5   Thumb Code     0  entry5.o(.ARM.Collect$$$$00000004)
    __main_after_scatterload                 0x080000c9   Thumb Code     0  entry5.o(.ARM.Collect$$$$00000004)
    _main_clock                              0x080000c9   Thumb Code     0  entry7b.o(.ARM.Collect$$$$00000008)
    _main_cpp_init                           0x080000c9   Thumb Code     0  entry8b.o(.ARM.Collect$$$$0000000A)
    _main_init                               0x080000c9   Thumb Code     0  entry9a.o(.ARM.Collect$$$$0000000B)
    __rt_lib_shutdown_fini                   0x080000d1   Thumb Code     0  entry12b.o(.ARM.Collect$$$$0000000E)
    __rt_final_cpp                           0x080000d5   Thumb Code     0  entry10a.o(.ARM.Collect$$$$0000000F)
    __rt_final_exit                          0x080000d5   Thumb Code     0  entry11a.o(.ARM.Collect$$$$00000011)
    Reset_Handler                            0x080000d9   Thumb Code     8  startup_ciu32l051.o(.text)
    NMI_Handler                              0x080000e1   Thumb Code     2  startup_ciu32l051.o(.text)
    HardFault_Handler                        0x080000e3   Thumb Code     2  startup_ciu32l051.o(.text)
    SVC_Handler                              0x080000e5   Thumb Code     2  startup_ciu32l051.o(.text)
    PendSV_Handler                           0x080000e7   Thumb Code     2  startup_ciu32l051.o(.text)
    SysTick_Handler                          0x080000e9   Thumb Code     2  startup_ciu32l051.o(.text)
    ADC_COMP_IRQHandler                      0x080000eb   Thumb Code     0  startup_ciu32l051.o(.text)
    AES_IRQHandler                           0x080000eb   Thumb Code     0  startup_ciu32l051.o(.text)
    DMA_Channel1_IRQHandler                  0x080000eb   Thumb Code     0  startup_ciu32l051.o(.text)
    EXTI0_1_IRQHandler                       0x080000eb   Thumb Code     0  startup_ciu32l051.o(.text)
    EXTI2_3_IRQHandler                       0x080000eb   Thumb Code     0  startup_ciu32l051.o(.text)
    EXTI4_15_IRQHandler                      0x080000eb   Thumb Code     0  startup_ciu32l051.o(.text)
    FLASH_IRQHandler                         0x080000eb   Thumb Code     0  startup_ciu32l051.o(.text)
    I2C1_IRQHandler                          0x080000eb   Thumb Code     0  startup_ciu32l051.o(.text)
    LCD_IRQHandler                           0x080000eb   Thumb Code     0  startup_ciu32l051.o(.text)
    LPTIM1_IRQHandler                        0x080000eb   Thumb Code     0  startup_ciu32l051.o(.text)
    LPTIM2_IRQHandler                        0x080000eb   Thumb Code     0  startup_ciu32l051.o(.text)
    LPUART1_IRQHandler                       0x080000eb   Thumb Code     0  startup_ciu32l051.o(.text)
    LPUART2_IRQHandler                       0x080000eb   Thumb Code     0  startup_ciu32l051.o(.text)
    PVD_IRQHandler                           0x080000eb   Thumb Code     0  startup_ciu32l051.o(.text)
    RCC_IRQHandler                           0x080000eb   Thumb Code     0  startup_ciu32l051.o(.text)
    RTC_TAMP_IRQHandler                      0x080000eb   Thumb Code     0  startup_ciu32l051.o(.text)
    SPI1_IRQHandler                          0x080000eb   Thumb Code     0  startup_ciu32l051.o(.text)
    SPI2_IRQHandler                          0x080000eb   Thumb Code     0  startup_ciu32l051.o(.text)
    TIM3_IRQHandler                          0x080000eb   Thumb Code     0  startup_ciu32l051.o(.text)
    TIM4_IRQHandler                          0x080000eb   Thumb Code     0  startup_ciu32l051.o(.text)
    TIM5_IRQHandler                          0x080000eb   Thumb Code     0  startup_ciu32l051.o(.text)
    TRNG_IRQHandler                          0x080000eb   Thumb Code     0  startup_ciu32l051.o(.text)
    UART2_IRQHandler                         0x080000eb   Thumb Code     0  startup_ciu32l051.o(.text)
    UART3_4_IRQHandler                       0x080000eb   Thumb Code     0  startup_ciu32l051.o(.text)
    USART1_IRQHandler                        0x080000eb   Thumb Code     0  startup_ciu32l051.o(.text)
    WWDG_IRQHandler                          0x080000eb   Thumb Code     0  startup_ciu32l051.o(.text)
    __aeabi_uidiv                            0x080000f5   Thumb Code     0  uidiv.o(.text)
    __aeabi_uidivmod                         0x080000f5   Thumb Code    44  uidiv.o(.text)
    __aeabi_idiv                             0x08000121   Thumb Code     0  idiv.o(.text)
    __aeabi_idivmod                          0x08000121   Thumb Code    40  idiv.o(.text)
    __aeabi_memset                           0x08000149   Thumb Code    14  memseta.o(.text)
    __aeabi_memset4                          0x08000149   Thumb Code     0  memseta.o(.text)
    __aeabi_memset8                          0x08000149   Thumb Code     0  memseta.o(.text)
    __aeabi_memclr                           0x08000157   Thumb Code     4  memseta.o(.text)
    __aeabi_memclr4                          0x08000157   Thumb Code     0  memseta.o(.text)
    __aeabi_memclr8                          0x08000157   Thumb Code     0  memseta.o(.text)
    _memset$wrapper                          0x0800015b   Thumb Code    18  memseta.o(.text)
    __scatterload                            0x0800016d   Thumb Code    28  init.o(.text)
    __scatterload_rt2                        0x0800016d   Thumb Code     0  init.o(.text)
    DMA_Channel0_IRQHandler                  0x08000191   Thumb Code    78  adc.o(i.DMA_Channel0_IRQHandler)
    Flash_Read_Voltage_Check                 0x080001e9   Thumb Code    36  flash.o(i.Flash_Read_Voltage_Check)
    Flash_Write_CO_Voltage                   0x08000215   Thumb Code   118  flash.o(i.Flash_Write_CO_Voltage)
    Flash_get_Value                          0x080002a5   Thumb Code    22  flash.o(i.Flash_get_Value)
    GXHTC3_read                              0x080002c1   Thumb Code   240  i2c.o(i.GXHTC3_read)
    IIC_Ack                                  0x080003c1   Thumb Code    52  i2c.o(i.IIC_Ack)
    IIC_NAck                                 0x080003f9   Thumb Code    52  i2c.o(i.IIC_NAck)
    IIC_Read_Byte                            0x08000431   Thumb Code    80  i2c.o(i.IIC_Read_Byte)
    IIC_Send_Byte                            0x08000485   Thumb Code    96  i2c.o(i.IIC_Send_Byte)
    IIC_Start                                0x080004e9   Thumb Code    58  i2c.o(i.IIC_Start)
    IIC_Stop                                 0x08000529   Thumb Code    58  i2c.o(i.IIC_Stop)
    IIC_Wait_Ack                             0x08000569   Thumb Code    44  i2c.o(i.IIC_Wait_Ack)
    SDA_IN                                   0x08000599   Thumb Code    32  i2c.o(i.SDA_IN)
    SDA_OUT                                  0x080005bd   Thumb Code    34  i2c.o(i.SDA_OUT)
    SystemCoreClockUpdate                    0x080005e5   Thumb Code   230  system_ciu32l051.o(i.SystemCoreClockUpdate)
    SystemInit                               0x080006e1   Thumb Code    14  system_ciu32l051.o(i.SystemInit)
    TIM3_adc_Enable                          0x08000701   Thumb Code    28  timer3.o(i.TIM3_adc_Enable)
    TIM3_init                                0x08000725   Thumb Code    90  timer3.o(i.TIM3_init)
    TIM8_IRQHandler                          0x08000795   Thumb Code   174  timer8.o(i.TIM8_IRQHandler)
    TIM8_init                                0x08000869   Thumb Code    72  timer8.o(i.TIM8_init)
    __ARM_common_switch8                     0x080008c1   Thumb Code    28  lcd.o(i.__ARM_common_switch8)
    __scatterload_copy                       0x080009e5   Thumb Code    14  handlers.o(i.__scatterload_copy)
    __scatterload_null                       0x080009f3   Thumb Code     2  handlers.o(i.__scatterload_null)
    __scatterload_zeroinit                   0x080009f5   Thumb Code    14  handlers.o(i.__scatterload_zeroinit)
    adc_init                                 0x08000a05   Thumb Code   194  adc.o(i.adc_init)
    app_LCD_Control                          0x08000acd   Thumb Code   390  app.o(i.app_LCD_Control)
    app_LED_Control                          0x08000c7d   Thumb Code   200  app.o(i.app_LED_Control)
    app_Status_Control                       0x08000d5d   Thumb Code   180  app.o(i.app_Status_Control)
    app_get_adc_data_process                 0x08000e31   Thumb Code    58  app.o(i.app_get_adc_data_process)
    app_value_convert                        0x08000e85   Thumb Code   236  app.o(i.app_value_convert)
    bsp_adc_dma_config                       0x08000f91   Thumb Code    34  adc.o(i.bsp_adc_dma_config)
    bsp_tim8_start                           0x08000fbd   Thumb Code    32  timer8.o(i.bsp_tim8_start)
    dma_init                                 0x08000fe1   Thumb Code   120  adc.o(i.dma_init)
    gpio_init                                0x08001065   Thumb Code   130  gpio.o(i.gpio_init)
    lcd_clock_config                         0x080010fd   Thumb Code    88  lcd.o(i.lcd_clock_config)
    lcd_config_init                          0x0800115d   Thumb Code   174  lcd.o(i.lcd_config_init)
    lcd_mid_clear                            0x08001211   Thumb Code    64  lcd.o(i.lcd_mid_clear)
    lcd_show_all                             0x08001261   Thumb Code    30  lcd.o(i.lcd_show_all)
    lcd_show_dash                            0x08001299   Thumb Code   116  lcd.o(i.lcd_show_dash)
    lcd_show_humidity                        0x0800131d   Thumb Code   824  lcd.o(i.lcd_show_humidity)
    lcd_show_mid_num                         0x08001671   Thumb Code  2144  lcd.o(i.lcd_show_mid_num)
    lcd_show_temperature                     0x08001ee5   Thumb Code  1318  lcd.o(i.lcd_show_temperature)
    lcd_write_to_RAM                         0x0800241d   Thumb Code    64  lcd.o(i.lcd_write_to_RAM)
    led_init                                 0x08002471   Thumb Code    60  led.o(i.led_init)
    main                                     0x080024b5   Thumb Code   130  main.o(i.main)
    nvic_init                                0x0800254d   Thumb Code    32  nivc.o(i.nvic_init)
    std_adc_init                             0x080025a1   Thumb Code   188  ciu32l051_std_adc.o(i.std_adc_init)
    std_delay_init                           0x08002679   Thumb Code    26  ciu32l051_std.o(i.std_delay_init)
    std_delayms                              0x08002699   Thumb Code    24  ciu32l051_std.o(i.std_delayms)
    std_delayus                              0x080026b1   Thumb Code    56  ciu32l051_std.o(i.std_delayus)
    std_dma_init                             0x080026f5   Thumb Code    82  ciu32l051_std_dma.o(i.std_dma_init)
    std_dma_start_transmit                   0x08002781   Thumb Code    54  ciu32l051_std_dma.o(i.std_dma_start_transmit)
    std_flash_erase                          0x080027bd   Thumb Code    88  ciu32l051_std_flash.o(i.std_flash_erase)
    std_flash_page_erase                     0x0800282d   Thumb Code    14  ciu32l051_std_flash.o(i.std_flash_page_erase)
    std_flash_wait_for_last_operation        0x08002851   Thumb Code    76  ciu32l051_std_flash.o(i.std_flash_wait_for_last_operation)
    std_flash_word_program                   0x080028a5   Thumb Code    66  ciu32l051_std_flash.o(i.std_flash_word_program)
    std_gpio_init                            0x080028ed   Thumb Code   112  ciu32l051_std_gpio.o(i.std_gpio_init)
    std_lcd_init                             0x08002a2d   Thumb Code    98  ciu32l051_std_lcd.o(i.std_lcd_init)
    std_tim_init                             0x08002ae9   Thumb Code    72  ciu32l051_std_tim.o(i.std_tim_init)
    system_clock_config                      0x08002b35   Thumb Code   240  ssc.o(i.system_clock_config)
    vrefbuf_init                             0x08002c31   Thumb Code   134  adc.o(i.vrefbuf_init)
    g_ahb_divider_table                      0x08002ccc   Data          32  system_ciu32l051.o(.constdata)
    g_apb_divider_table                      0x08002cec   Data          32  system_ciu32l051.o(.constdata)
    Region$$Table$$Base                      0x08002d0c   Number         0  anon$$obj.o(Region$$Table)
    Region$$Table$$Limit                     0x08002d2c   Number         0  anon$$obj.o(Region$$Table)
    tim8_250ms_count                         0x20000000   Data           1  timer8.o(.data)
    tim8_250ms_flag                          0x20000001   Data           1  timer8.o(.data)
    tim8_500ms_count                         0x20000002   Data           1  timer8.o(.data)
    tim8_500ms_flag                          0x20000003   Data           1  timer8.o(.data)
    tim8_1s_count                            0x20000004   Data           1  timer8.o(.data)
    tim8_1s_flag                             0x20000005   Data           1  timer8.o(.data)
    tim8_wait                                0x20000008   Data           4  timer8.o(.data)
    mid_num                                  0x2000000c   Data           4  lcd.o(.data)
    f_all_zero                               0x20000010   Data           1  lcd.o(.data)
    com1                                     0x20000014   Data           4  lcd.o(.data)
    com2                                     0x20000018   Data           4  lcd.o(.data)
    com3                                     0x2000001c   Data           4  lcd.o(.data)
    com4                                     0x20000020   Data           4  lcd.o(.data)
    com5                                     0x20000024   Data           4  lcd.o(.data)
    g_adc_complete                           0x20000028   Data           1  adc.o(.data)
    g_dma_result                             0x2000002a   Data           4  adc.o(.data)
    Get_CO_Voltage                           0x20000030   Data           4  app.o(.data)
    Get_Smoke_Voltage                        0x20000034   Data           4  app.o(.data)
    Get_CO_Zero                              0x20000038   Data           4  app.o(.data)
    Get_Smoke_Zero                           0x2000003c   Data           4  app.o(.data)
    ppm_co                                   0x20000040   Data           4  app.o(.data)
    dbm_somke                                0x20000044   Data           4  app.o(.data)
    adc_co_calibration_value                 0x20000048   Data           4  app.o(.data)
    Test_co_cal_value                        0x2000004c   Data           4  app.o(.data)
    Running_LCD_counter                      0x20000050   Data           1  app.o(.data)
    Running_LCD_Flag                         0x20000051   Data           1  app.o(.data)
    Status                                   0x20000052   Data           1  app.o(.data)
    buffer                                   0x20000054   Data           4  flash.o(.data)
    word_count                               0x20000058   Data           4  flash.o(.data)
    verify_data                              0x2000005c   Data           4  flash.o(.data)
    I2C_count                                0x20000060   Data           1  i2c.o(.data)
    temperature_Raw                          0x20000064   Data           4  i2c.o(.data)
    temperature_low                          0x20000068   Data           2  i2c.o(.data)
    humidity                                 0x2000006c   Data           4  i2c.o(.data)
    temperature_F                            0x20000070   Data           2  i2c.o(.data)
    temperature_S                            0x20000072   Data           2  i2c.o(.data)
    SystemCoreClock                          0x20000074   Data           4  system_ciu32l051.o(.data)
    __initial_sp                             0x20000478   Data           0  startup_ciu32l051.o(STACK)



==============================================================================

Memory Map of the image

  Image Entry point : 0x080000c1

  Load Region LR_IROM1 (Base: 0x08000000, Size: 0x00002da4, Max: 0x00010000, ABSOLUTE)

    Execution Region ER_IROM1 (Exec base: 0x08000000, Load base: 0x08000000, Size: 0x00002d2c, Max: 0x00010000, ABSOLUTE)

    Exec Addr    Load Addr    Size         Type   Attr      Idx    E Section Name        Object

    0x08000000   0x08000000   0x000000c0   Data   RO         1867    RESET               startup_ciu32l051.o
    0x080000c0   0x080000c0   0x00000000   Code   RO         1872  * .ARM.Collect$$$$00000000  mc_p.l(entry.o)
    0x080000c0   0x080000c0   0x00000004   Code   RO         1883    .ARM.Collect$$$$00000001  mc_p.l(entry2.o)
    0x080000c4   0x080000c4   0x00000004   Code   RO         1886    .ARM.Collect$$$$00000004  mc_p.l(entry5.o)
    0x080000c8   0x080000c8   0x00000000   Code   RO         1888    .ARM.Collect$$$$00000008  mc_p.l(entry7b.o)
    0x080000c8   0x080000c8   0x00000000   Code   RO         1890    .ARM.Collect$$$$0000000A  mc_p.l(entry8b.o)
    0x080000c8   0x080000c8   0x00000008   Code   RO         1891    .ARM.Collect$$$$0000000B  mc_p.l(entry9a.o)
    0x080000d0   0x080000d0   0x00000004   Code   RO         1898    .ARM.Collect$$$$0000000E  mc_p.l(entry12b.o)
    0x080000d4   0x080000d4   0x00000000   Code   RO         1893    .ARM.Collect$$$$0000000F  mc_p.l(entry10a.o)
    0x080000d4   0x080000d4   0x00000000   Code   RO         1895    .ARM.Collect$$$$00000011  mc_p.l(entry11a.o)
    0x080000d4   0x080000d4   0x00000004   Code   RO         1884    .ARM.Collect$$$$00002712  mc_p.l(entry2.o)
    0x080000d8   0x080000d8   0x0000001c   Code   RO         1868    .text               startup_ciu32l051.o
    0x080000f4   0x080000f4   0x0000002c   Code   RO         1875    .text               mc_p.l(uidiv.o)
    0x08000120   0x08000120   0x00000028   Code   RO         1877    .text               mc_p.l(idiv.o)
    0x08000148   0x08000148   0x00000024   Code   RO         1881    .text               mc_p.l(memseta.o)
    0x0800016c   0x0800016c   0x00000024   Code   RO         1903    .text               mc_p.l(init.o)
    0x08000190   0x08000190   0x00000058   Code   RO          448    i.DMA_Channel0_IRQHandler  adc.o
    0x080001e8   0x080001e8   0x0000002c   Code   RO          635    i.Flash_Read_Voltage_Check  flash.o
    0x08000214   0x08000214   0x00000090   Code   RO          636    i.Flash_Write_CO_Voltage  flash.o
    0x080002a4   0x080002a4   0x0000001c   Code   RO          637    i.Flash_get_Value   flash.o
    0x080002c0   0x080002c0   0x00000100   Code   RO          682    i.GXHTC3_read       i2c.o
    0x080003c0   0x080003c0   0x00000038   Code   RO          684    i.IIC_Ack           i2c.o
    0x080003f8   0x080003f8   0x00000038   Code   RO          685    i.IIC_NAck          i2c.o
    0x08000430   0x08000430   0x00000054   Code   RO          686    i.IIC_Read_Byte     i2c.o
    0x08000484   0x08000484   0x00000064   Code   RO          687    i.IIC_Send_Byte     i2c.o
    0x080004e8   0x080004e8   0x00000040   Code   RO          688    i.IIC_Start         i2c.o
    0x08000528   0x08000528   0x00000040   Code   RO          689    i.IIC_Stop          i2c.o
    0x08000568   0x08000568   0x00000030   Code   RO          690    i.IIC_Wait_Ack      i2c.o
    0x08000598   0x08000598   0x00000024   Code   RO          691    i.SDA_IN            i2c.o
    0x080005bc   0x080005bc   0x00000028   Code   RO          692    i.SDA_OUT           i2c.o
    0x080005e4   0x080005e4   0x000000fc   Code   RO         1833    i.SystemCoreClockUpdate  system_ciu32l051.o
    0x080006e0   0x080006e0   0x00000020   Code   RO         1834    i.SystemInit        system_ciu32l051.o
    0x08000700   0x08000700   0x00000024   Code   RO          537    i.TIM3_adc_Enable   timer3.o
    0x08000724   0x08000724   0x00000070   Code   RO          538    i.TIM3_init         timer3.o
    0x08000794   0x08000794   0x000000d4   Code   RO          273    i.TIM8_IRQHandler   timer8.o
    0x08000868   0x08000868   0x00000058   Code   RO          274    i.TIM8_init         timer8.o
    0x080008c0   0x080008c0   0x0000001c   Code   RO          429    i.__ARM_common_switch8  lcd.o
    0x080008dc   0x080008dc   0x00000018   Code   RO          238    i.__NVIC_EnableIRQ  nivc.o
    0x080008f4   0x080008f4   0x00000078   Code   RO          239    i.__NVIC_SetPriority  nivc.o
    0x0800096c   0x0800096c   0x00000078   Code   RO          449    i.__NVIC_SetPriority  adc.o
    0x080009e4   0x080009e4   0x0000000e   Code   RO         1907    i.__scatterload_copy  mc_p.l(handlers.o)
    0x080009f2   0x080009f2   0x00000002   Code   RO         1908    i.__scatterload_null  mc_p.l(handlers.o)
    0x080009f4   0x080009f4   0x0000000e   Code   RO         1909    i.__scatterload_zeroinit  mc_p.l(handlers.o)
    0x08000a02   0x08000a02   0x00000002   PAD
    0x08000a04   0x08000a04   0x000000c8   Code   RO          450    i.adc_init          adc.o
    0x08000acc   0x08000acc   0x000001b0   Code   RO          571    i.app_LCD_Control   app.o
    0x08000c7c   0x08000c7c   0x000000e0   Code   RO          572    i.app_LED_Control   app.o
    0x08000d5c   0x08000d5c   0x000000d4   Code   RO          573    i.app_Status_Control  app.o
    0x08000e30   0x08000e30   0x00000054   Code   RO          574    i.app_get_adc_data_process  app.o
    0x08000e84   0x08000e84   0x0000010c   Code   RO          575    i.app_value_convert  app.o
    0x08000f90   0x08000f90   0x0000002c   Code   RO          451    i.bsp_adc_dma_config  adc.o
    0x08000fbc   0x08000fbc   0x00000024   Code   RO          275    i.bsp_tim8_start    timer8.o
    0x08000fe0   0x08000fe0   0x00000084   Code   RO          452    i.dma_init          adc.o
    0x08001064   0x08001064   0x00000098   Code   RO          318    i.gpio_init         gpio.o
    0x080010fc   0x080010fc   0x00000060   Code   RO          341    i.lcd_clock_config  lcd.o
    0x0800115c   0x0800115c   0x000000b4   Code   RO          342    i.lcd_config_init   lcd.o
    0x08001210   0x08001210   0x00000050   Code   RO          343    i.lcd_mid_clear     lcd.o
    0x08001260   0x08001260   0x00000038   Code   RO          344    i.lcd_show_all      lcd.o
    0x08001298   0x08001298   0x00000084   Code   RO          345    i.lcd_show_dash     lcd.o
    0x0800131c   0x0800131c   0x00000354   Code   RO          347    i.lcd_show_humidity  lcd.o
    0x08001670   0x08001670   0x00000874   Code   RO          348    i.lcd_show_mid_num  lcd.o
    0x08001ee4   0x08001ee4   0x00000538   Code   RO          349    i.lcd_show_temperature  lcd.o
    0x0800241c   0x0800241c   0x00000054   Code   RO          350    i.lcd_write_to_RAM  lcd.o
    0x08002470   0x08002470   0x00000044   Code   RO            3    i.led_init          led.o
    0x080024b4   0x080024b4   0x00000098   Code   RO          185    i.main              main.o
    0x0800254c   0x0800254c   0x00000020   Code   RO          240    i.nvic_init         nivc.o
    0x0800256c   0x0800256c   0x00000024   Code   RO          453    i.std_adc_channel_sample_time_select  adc.o
    0x08002590   0x08002590   0x00000010   Code   RO          454    i.std_adc_fix_sequence_channel_enable  adc.o
    0x080025a0   0x080025a0   0x000000c0   Code   RO          835    i.std_adc_init      ciu32l051_std_adc.o
    0x08002660   0x08002660   0x00000018   Code   RO          837    i.std_adc_trig_edge_config  ciu32l051_std_adc.o
    0x08002678   0x08002678   0x00000020   Code   RO          783    i.std_delay_init    ciu32l051_std.o
    0x08002698   0x08002698   0x00000018   Code   RO          784    i.std_delayms       ciu32l051_std.o
    0x080026b0   0x080026b0   0x00000044   Code   RO          786    i.std_delayus       ciu32l051_std.o
    0x080026f4   0x080026f4   0x0000005c   Code   RO          997    i.std_dma_init      ciu32l051_std_dma.o
    0x08002750   0x08002750   0x00000010   Code   RO          998    i.std_dma_set_dst_address  ciu32l051_std_dma.o
    0x08002760   0x08002760   0x00000010   Code   RO          999    i.std_dma_set_src_address  ciu32l051_std_dma.o
    0x08002770   0x08002770   0x00000010   Code   RO         1000    i.std_dma_set_transfer_data_number  ciu32l051_std_dma.o
    0x08002780   0x08002780   0x0000003c   Code   RO         1001    i.std_dma_start_transmit  ciu32l051_std_dma.o
    0x080027bc   0x080027bc   0x0000005c   Code   RO         1091    i.std_flash_erase   ciu32l051_std_flash.o
    0x08002818   0x08002818   0x00000014   Code   RO          638    i.std_flash_lock    flash.o
    0x0800282c   0x0800282c   0x0000000e   Code   RO         1094    i.std_flash_page_erase  ciu32l051_std_flash.o
    0x0800283a   0x0800283a   0x00000002   PAD
    0x0800283c   0x0800283c   0x00000014   Code   RO         1095    i.std_flash_set_erase_mode  ciu32l051_std_flash.o
    0x08002850   0x08002850   0x00000054   Code   RO         1096    i.std_flash_wait_for_last_operation  ciu32l051_std_flash.o
    0x080028a4   0x080028a4   0x00000048   Code   RO         1097    i.std_flash_word_program  ciu32l051_std_flash.o
    0x080028ec   0x080028ec   0x00000070   Code   RO         1152    i.std_gpio_init     ciu32l051_std_gpio.o
    0x0800295c   0x0800295c   0x00000004   Code   RO          576    i.std_gpio_reset_pin  app.o
    0x08002960   0x08002960   0x00000004   Code   RO          693    i.std_gpio_reset_pin  i2c.o
    0x08002964   0x08002964   0x00000024   Code   RO         1153    i.std_gpio_set_afpin_0_7  ciu32l051_std_gpio.o
    0x08002988   0x08002988   0x0000002a   Code   RO         1154    i.std_gpio_set_afpin_8_15  ciu32l051_std_gpio.o
    0x080029b2   0x080029b2   0x00000004   Code   RO          577    i.std_gpio_set_pin  app.o
    0x080029b6   0x080029b6   0x00000004   Code   RO          694    i.std_gpio_set_pin  i2c.o
    0x080029ba   0x080029ba   0x0000001a   Code   RO         1155    i.std_gpio_set_pin_mode  ciu32l051_std_gpio.o
    0x080029d4   0x080029d4   0x00000010   Code   RO         1156    i.std_gpio_set_pin_output_type  ciu32l051_std_gpio.o
    0x080029e4   0x080029e4   0x0000001a   Code   RO         1157    i.std_gpio_set_pin_pull  ciu32l051_std_gpio.o
    0x080029fe   0x080029fe   0x00000002   PAD
    0x08002a00   0x08002a00   0x00000014   Code   RO         1254    i.std_lcd_disable   ciu32l051_std_lcd.o
    0x08002a14   0x08002a14   0x00000018   Code   RO         1255    i.std_lcd_get_flag  ciu32l051_std_lcd.o
    0x08002a2c   0x08002a2c   0x00000070   Code   RO         1256    i.std_lcd_init      ciu32l051_std_lcd.o
    0x08002a9c   0x08002a9c   0x0000001c   Code   RO          351    i.std_lcd_write     lcd.o
    0x08002ab8   0x08002ab8   0x00000018   Code   RO          352    i.std_rcc_apb1_clk_enable  lcd.o
    0x08002ad0   0x08002ad0   0x00000018   Code   RO          455    i.std_rcc_apb2_clk_enable  adc.o
    0x08002ae8   0x08002ae8   0x0000004c   Code   RO         1665    i.std_tim_init      ciu32l051_std_tim.o
    0x08002b34   0x08002b34   0x000000fc   Code   RO          210    i.system_clock_config  ssc.o
    0x08002c30   0x08002c30   0x0000009c   Code   RO          456    i.vrefbuf_init      adc.o
    0x08002ccc   0x08002ccc   0x00000040   Data   RO         1835    .constdata          system_ciu32l051.o
    0x08002d0c   0x08002d0c   0x00000020   Data   RO         1905    Region$$Table       anon$$obj.o


    Execution Region RW_IRAM1 (Exec base: 0x20000000, Load base: 0x08002d2c, Size: 0x00000478, Max: 0x00004000, ABSOLUTE)

    Exec Addr    Load Addr    Size         Type   Attr      Idx    E Section Name        Object

    0x20000000   0x08002d2c   0x0000000c   Data   RW          277    .data               timer8.o
    0x2000000c   0x08002d38   0x0000001c   Data   RW          354    .data               lcd.o
    0x20000028   0x08002d54   0x00000006   Data   RW          458    .data               adc.o
    0x2000002e   0x08002d5a   0x00000002   PAD
    0x20000030   0x08002d5c   0x00000023   Data   RW          579    .data               app.o
    0x20000053   0x08002d7f   0x00000001   PAD
    0x20000054   0x08002d80   0x0000000c   Data   RW          640    .data               flash.o
    0x20000060   0x08002d8c   0x00000014   Data   RW          696    .data               i2c.o
    0x20000074   0x08002da0   0x00000004   Data   RW         1836    .data               system_ciu32l051.o
    0x20000078        -       0x00000400   Zero   RW         1865    STACK               startup_ciu32l051.o


==============================================================================

Image component sizes


      Code (inc. data)   RO Data    RW Data    ZI Data      Debug   Object Name

       816         84          0          6          0      47174   adc.o
      1228        180          0         35          0      10346   app.o
       124         18          0          0          0       1813   ciu32l051_std.o
       216         10          0          0          0      10595   ciu32l051_std_adc.o
       200         28          0          0          0       8620   ciu32l051_std_dma.o
       282         22          0          0          0       8090   ciu32l051_std_flash.o
       258          0          0          0          0       8988   ciu32l051_std_gpio.o
       156         24          0          0          0      10547   ciu32l051_std_lcd.o
        76          4          0          0          0      13675   ciu32l051_std_tim.o
       236         44          0         12          0       7374   flash.o
       152         22          0          0          0        736   gpio.o
       812         58          0         20          0      11841   i2c.o
      5060        324          0         28          0      34923   lcd.o
        68          8          0          0          0     205187   led.o
       152         22          0          0          0        587   main.o
       176         16          0          0          0       9500   nivc.o
       252         12          0          0          0      20894   ssc.o
        28          8        192          0       1024        652   startup_ciu32l051.o
       284         40         64          4          0       2608   system_ciu32l051.o
       148         30          0          0          0      21862   timer3.o
       336         58          0         12          0      30344   timer8.o

    ----------------------------------------------------------------------
     11064       1012        288        120       1024     466356   Object Totals
         0          0         32          0          0          0   (incl. Generated)
         4          0          0          3          0          0   (incl. Padding)

    ----------------------------------------------------------------------

      Code (inc. data)   RO Data    RW Data    ZI Data      Debug   Library Member Name

         0          0          0          0          0          0   entry.o
         0          0          0          0          0          0   entry10a.o
         0          0          0          0          0          0   entry11a.o
         4          0          0          0          0          0   entry12b.o
         8          4          0          0          0          0   entry2.o
         4          0          0          0          0          0   entry5.o
         0          0          0          0          0          0   entry7b.o
         0          0          0          0          0          0   entry8b.o
         8          4          0          0          0          0   entry9a.o
        30          0          0          0          0          0   handlers.o
        40          0          0          0          0         72   idiv.o
        36          8          0          0          0         68   init.o
        36          0          0          0          0        100   memseta.o
        44          0          0          0          0         72   uidiv.o

    ----------------------------------------------------------------------
       212         16          0          0          0        312   Library Totals
         2          0          0          0          0          0   (incl. Padding)

    ----------------------------------------------------------------------

      Code (inc. data)   RO Data    RW Data    ZI Data      Debug   Library Name

       210         16          0          0          0        312   mc_p.l

    ----------------------------------------------------------------------
       212         16          0          0          0        312   Library Totals

    ----------------------------------------------------------------------

==============================================================================


      Code (inc. data)   RO Data    RW Data    ZI Data      Debug   

     11276       1028        288        120       1024     463212   Grand Totals
     11276       1028        288        120       1024     463212   ELF Image Totals
     11276       1028        288        120          0          0   ROM Totals

==============================================================================

    Total RO  Size (Code + RO Data)                11564 (  11.29kB)
    Total RW  Size (RW Data + ZI Data)              1144 (   1.12kB)
    Total ROM Size (Code + RO Data + RW Data)      11684 (  11.41kB)

==============================================================================

