Component: ARM Compiler 5.06 update 7 (build 960) Tool: armlink [4d3601]

==============================================================================

Section Cross References

    gpio.o(i.EXTI4_15_IRQHandler) refers to gpio.o(i.std_exti_get_pending_status) for std_exti_get_pending_status
    gpio.o(i.EXTI4_15_IRQHandler) refers to gpio.o(i.std_exti_clear_pending) for std_exti_clear_pending
    gpio.o(i.gpio_init) refers to memseta.o(.text) for __aeabi_memclr4
    gpio.o(i.gpio_init) refers to ciu32l051_std_gpio.o(i.std_gpio_init) for std_gpio_init
    gpio.o(i.gpio_init) refers to gpio.o(i.std_gpio_reset_pin) for std_gpio_reset_pin
    gpio.o(i.gpio_sleep) refers to memseta.o(.text) for __aeabi_memclr4
    gpio.o(i.gpio_sleep) refers to ciu32l051_std_gpio.o(i.std_gpio_init) for std_gpio_init
    gpio.o(i.gpio_sleep) refers to ciu32l051_std_exti.o(i.std_exti_init) for std_exti_init
    gpio.o(i.gpio_sleep) refers to gpio.o(i.__NVIC_SetPriority) for __NVIC_SetPriority
    gpio.o(i.gpio_sleep) refers to gpio.o(i.std_gpio_reset_pin) for std_gpio_reset_pin
    gpio.o(i.sleep) refers to gpio.o(i.std_tim_disable) for std_tim_disable
    gpio.o(i.sleep) refers to gpio.o(i.std_rcc_apb1_clk_disable) for std_rcc_apb1_clk_disable
    gpio.o(i.sleep) refers to gpio.o(i.std_rcc_apb2_clk_disable) for std_rcc_apb2_clk_disable
    gpio.o(i.sleep) refers to i2c.o(i.GXHTC3_sleep) for GXHTC3_sleep
    gpio.o(i.sleep) refers to gpio.o(i.gpio_sleep) for gpio_sleep
    gpio.o(i.sleep) refers to time.o(i.bsp_lptim_start) for bsp_lptim_start
    gpio.o(i.sleep) refers to ciu32l051_std_pmu.o(i.std_pmu_enter_stop) for std_pmu_enter_stop
    gpio.o(i.sleep) refers to gpio.o(i.system_clock_config) for system_clock_config
    gpio.o(i.sleep) refers to ciu32l051_std.o(i.std_delay_init) for std_delay_init
    gpio.o(i.sleep) refers to gpio.o(i.gpio_init) for gpio_init
    gpio.o(i.sleep) refers to time.o(i.tim3_init) for tim3_init
    gpio.o(i.sleep) refers to time.o(i.tim8_init) for tim8_init
    gpio.o(i.sleep) refers to adc.o(i.vbgr_init) for vbgr_init
    gpio.o(i.sleep) refers to adc.o(i.adc_init) for adc_init
    gpio.o(i.system_clock_config) refers to system_ciu32l051.o(i.SystemCoreClockUpdate) for SystemCoreClockUpdate
    main.o(i.main) refers to gpio.o(i.system_clock_config) for system_clock_config
    main.o(i.main) refers to ciu32l051_std.o(i.std_delay_init) for std_delay_init
    main.o(i.main) refers to ciu32l051_std.o(i.std_delayms) for std_delayms
    main.o(i.main) refers to gpio.o(i.gpio_init) for gpio_init
    main.o(i.main) refers to lcd.o(i.lcd_init) for lcd_init
    main.o(i.main) refers to time.o(i.tim3_init) for tim3_init
    main.o(i.main) refers to time.o(i.tim8_init) for tim8_init
    main.o(i.main) refers to flash.o(i.flash_init) for flash_init
    main.o(i.main) refers to adc.o(i.vbgr_init) for vbgr_init
    main.o(i.main) refers to adc.o(i.adc_init) for adc_init
    main.o(i.main) refers to time.o(i.lptim2_init) for lptim2_init
    main.o(i.main) refers to lcd.o(i.lcd_show_all) for lcd_show_all
    main.o(i.main) refers to app.o(i.app_proc) for app_proc
    main.o(i.main) refers to time.o(i.time_control) for time_control
    main.o(i.main) refers to time.o(.data) for time_5s_count
    time.o(i.TIM3_IRQHandler) refers to time.o(i.std_tim_get_interrupt_enable) for std_tim_get_interrupt_enable
    time.o(i.TIM3_IRQHandler) refers to time.o(i.std_tim_get_flag) for std_tim_get_flag
    time.o(i.TIM3_IRQHandler) refers to time.o(i.std_tim_clear_flag) for std_tim_clear_flag
    time.o(i.TIM3_IRQHandler) refers to time.o(i.led_W_pwm) for led_W_pwm
    time.o(i.TIM8_IRQHandler) refers to time.o(i.std_tim_get_interrupt_enable) for std_tim_get_interrupt_enable
    time.o(i.TIM8_IRQHandler) refers to time.o(i.std_tim_get_flag) for std_tim_get_flag
    time.o(i.TIM8_IRQHandler) refers to time.o(i.std_tim_clear_flag) for std_tim_clear_flag
    time.o(i.TIM8_IRQHandler) refers to time.o(.data) for time_10ms_flag
    time.o(i.led_W_pwm) refers to time.o(i.std_gpio_reset_pin) for std_gpio_reset_pin
    time.o(i.led_W_pwm) refers to time.o(i.std_gpio_set_pin) for std_gpio_set_pin
    time.o(i.led_W_pwm) refers to app.o(.data) for app_status
    time.o(i.led_W_pwm) refers to time.o(.data) for ppm_100_count
    time.o(i.lptim2_init) refers to time.o(i.std_rcc_apb1_clk_enable) for std_rcc_apb1_clk_enable
    time.o(i.lptim2_init) refers to time.o(i.__NVIC_SetPriority) for __NVIC_SetPriority
    time.o(i.lptim2_init) refers to time.o(i.__NVIC_EnableIRQ) for __NVIC_EnableIRQ
    time.o(i.tim3_init) refers to memseta.o(.text) for __aeabi_memclr4
    time.o(i.tim3_init) refers to time.o(i.std_rcc_apb1_clk_enable) for std_rcc_apb1_clk_enable
    time.o(i.tim3_init) refers to uidiv.o(.text) for __aeabi_uidivmod
    time.o(i.tim3_init) refers to ciu32l051_std_tim.o(i.std_tim_init) for std_tim_init
    time.o(i.tim3_init) refers to time.o(i.__NVIC_SetPriority) for __NVIC_SetPriority
[...]
    uart.o(i.uart_init) refers to ciu32l051_std_gpio.o(i.std_gpio_init) for std_gpio_init
    uart.o(i.uart_init) refers to ciu32l051_std_usart.o(i.std_usart_init) for std_usart_init
    voice.o(i.voice_send) refers to voice.o(i.std_gpio_set_pin) for std_gpio_set_pin
    voice.o(i.voice_send) refers to ciu32l051_std.o(i.std_delayms) for std_delayms
    voice.o(i.voice_send) refers to voice.o(i.std_gpio_reset_pin) for std_gpio_reset_pin
    voice.o(i.voice_send) refers to ciu32l051_std.o(i.std_delayus) for std_delayus
    voice.o(i.voice_send) refers to voice.o(.data) for last_voice
    ciu32l051_std.o(i.std_delayms) refers to ciu32l051_std.o(i.std_delayus) for std_delayus
    ciu32l051_std.o(i.std_delayms_start) refers to ciu32l051_std.o(i.std_delayus_start) for std_delayus_start
    ciu32l051_std.o(i.std_delayus) refers to uidiv.o(.text) for __aeabi_uidivmod
    ciu32l051_std.o(i.std_delayus) refers to system_ciu32l051.o(.data) for SystemCoreClock
    ciu32l051_std.o(i.std_delayus_start) refers to uidiv.o(.text) for __aeabi_uidivmod
    ciu32l051_std.o(i.std_delayus_start) refers to system_ciu32l051.o(.data) for SystemCoreClock
    ciu32l051_std_adc.o(i.std_adc_init) refers to ciu32l051_std_adc.o(i.std_adc_trig_edge_config) for std_adc_trig_edge_config
    ciu32l051_std_crc.o(i.std_crc_init) refers to ciu32l051_std_crc.o(i.std_crc_set_init_value_invert) for std_crc_set_init_value_invert
    ciu32l051_std_dma.o(i.std_dma_deinit) refers to ciu32l051_std_dma.o(i.std_dma_set_transfer_data_number) for std_dma_set_transfer_data_number
    ciu32l051_std_dma.o(i.std_dma_deinit) refers to ciu32l051_std_dma.o(i.std_dma_set_src_address) for std_dma_set_src_address
    ciu32l051_std_dma.o(i.std_dma_deinit) refers to ciu32l051_std_dma.o(i.std_dma_set_dst_address) for std_dma_set_dst_address
    ciu32l051_std_dma.o(i.std_dma_start_transmit) refers to ciu32l051_std_dma.o(i.std_dma_set_transfer_data_number) for std_dma_set_transfer_data_number
    ciu32l051_std_dma.o(i.std_dma_start_transmit) refers to ciu32l051_std_dma.o(i.std_dma_set_src_address) for std_dma_set_src_address
    ciu32l051_std_dma.o(i.std_dma_start_transmit) refers to ciu32l051_std_dma.o(i.std_dma_set_dst_address) for std_dma_set_dst_address
    ciu32l051_std_flash.o(i.std_flash_erase) refers to ciu32l051_std_flash.o(i.std_flash_wait_for_last_operation) for std_flash_wait_for_last_operation
    ciu32l051_std_flash.o(i.std_flash_erase) refers to ciu32l051_std_flash.o(i.std_flash_set_erase_mode) for std_flash_set_erase_mode
    ciu32l051_std_flash.o(i.std_flash_mass_erase) refers to ciu32l051_std_flash.o(i.std_flash_erase) for std_flash_erase
    ciu32l051_std_flash.o(i.std_flash_opt_erase) refers to ciu32l051_std_flash.o(i.std_flash_wait_for_last_operation) for std_flash_wait_for_last_operation
    ciu32l051_std_flash.o(i.std_flash_page_erase) refers to ciu32l051_std_flash.o(i.std_flash_erase) for std_flash_erase
    ciu32l051_std_flash.o(i.std_flash_wait_for_last_operation) refers to uidiv.o(.text) for __aeabi_uidivmod
    ciu32l051_std_flash.o(i.std_flash_wait_for_last_operation) refers to system_ciu32l051.o(.data) for SystemCoreClock
    ciu32l051_std_flash.o(i.std_flash_word_program) refers to ciu32l051_std_flash.o(i.std_flash_wait_for_last_operation) for std_flash_wait_for_last_operation
    ciu32l051_std_gpio.o(i.std_gpio_deinit) refers to ciu32l051_std_gpio.o(i.std_gpio_set_pin_mode) for std_gpio_set_pin_mode
    ciu32l051_std_gpio.o(i.std_gpio_deinit) refers to ciu32l051_std_gpio.o(i.std_gpio_set_pin_pull) for std_gpio_set_pin_pull
    ciu32l051_std_gpio.o(i.std_gpio_deinit) refers to ciu32l051_std_gpio.o(i.std_gpio_set_afpin_0_7) for std_gpio_set_afpin_0_7
    ciu32l051_std_gpio.o(i.std_gpio_deinit) refers to ciu32l051_std_gpio.o(i.std_gpio_set_afpin_8_15) for std_gpio_set_afpin_8_15
    ciu32l051_std_gpio.o(i.std_gpio_deinit) refers to ciu32l051_std_gpio.o(i.std_gpio_set_pin_output_type) for std_gpio_set_pin_output_type
    ciu32l051_std_gpio.o(i.std_gpio_init) refers to ciu32l051_std_gpio.o(i.std_gpio_set_pin_mode) for std_gpio_set_pin_mode
    ciu32l051_std_gpio.o(i.std_gpio_init) refers to ciu32l051_std_gpio.o(i.std_gpio_set_pin_pull) for std_gpio_set_pin_pull
    ciu32l051_std_gpio.o(i.std_gpio_init) refers to ciu32l051_std_gpio.o(i.std_gpio_set_afpin_0_7) for std_gpio_set_afpin_0_7
    ciu32l051_std_gpio.o(i.std_gpio_init) refers to ciu32l051_std_gpio.o(i.std_gpio_set_afpin_8_15) for std_gpio_set_afpin_8_15
    ciu32l051_std_gpio.o(i.std_gpio_init) refers to ciu32l051_std_gpio.o(i.std_gpio_set_pin_output_type) for std_gpio_set_pin_output_type
    ciu32l051_std_lcd.o(i.std_lcd_deinit) refers to ciu32l051_std_lcd.o(i.std_lcd_disable) for std_lcd_disable
    ciu32l051_std_lcd.o(i.std_lcd_deinit) refers to ciu32l051_std_lcd.o(i.std_lcd_get_flag) for std_lcd_get_flag
    ciu32l051_std_lcd.o(i.std_lcd_init) refers to ciu32l051_std_lcd.o(i.std_lcd_disable) for std_lcd_disable
    ciu32l051_std_lcd.o(i.std_lcd_init) refers to ciu32l051_std_lcd.o(i.std_lcd_get_flag) for std_lcd_get_flag
    ciu32l051_std_lptim.o(i.std_lptim_deinit) refers to ciu32l051_std_lptim.o(i.std_rcc_apb1_reset) for std_rcc_apb1_reset
    ciu32l051_std_lptim.o(i.std_lptim_deinit) refers to ciu32l051_std_lptim.o(i.std_rcc_apb1_clk_disable) for std_rcc_apb1_clk_disable
    ciu32l051_std_lpuart.o(i.std_lpuart_deinit) refers to ciu32l051_std_lpuart.o(i.std_lpuart_disable) for std_lpuart_disable
    ciu32l051_std_lpuart.o(i.std_lpuart_deinit) refers to ciu32l051_std_lpuart.o(i.std_rcc_apb1_reset) for std_rcc_apb1_reset
    ciu32l051_std_lpuart.o(i.std_lpuart_deinit) refers to ciu32l051_std_lpuart.o(i.std_rcc_apb1_clk_disable) for std_rcc_apb1_clk_disable
    ciu32l051_std_lpuart.o(i.std_lpuart_init) refers to ciu32l051_std_lpuart.o(i.std_lpuart_disable) for std_lpuart_disable
    ciu32l051_std_lpuart.o(i.std_lpuart_init) refers to ciu32l051_std_lpuart.o(i.std_lpuart_set_baudrate) for std_lpuart_set_baudrate
    ciu32l051_std_lpuart.o(i.std_lpuart_init) refers to ciu32l051_std_lpuart.o(i.std_lpuart_get_flag) for std_lpuart_get_flag
    ciu32l051_std_lpuart.o(i.std_lpuart_set_baudrate) refers to ciu32l051_std_rcc.o(i.std_rcc_get_pclk1freq) for std_rcc_get_pclk1freq
    ciu32l051_std_lpuart.o(i.std_lpuart_set_baudrate) refers to ciu32l051_std_rcc.o(i.std_rcc_get_sysclkfreq) for std_rcc_get_sysclkfreq
    ciu32l051_std_lpuart.o(i.std_lpuart_set_baudrate) refers to uldiv.o(.text) for __aeabi_uldivmod
    ciu32l051_std_lpuart.o(i.std_lpuart_set_baudrate) refers to ciu32l051_std_lpuart.o(.constdata) for LPUART_PRESCALER_TABLE
    ciu32l051_std_rcc.o(i.std_rcc_get_hclkfreq) refers to ciu32l051_std_rcc.o(i.std_rcc_get_sysclkfreq) for std_rcc_get_sysclkfreq
    ciu32l051_std_rcc.o(i.std_rcc_get_pclk1freq) refers to ciu32l051_std_rcc.o(i.std_rcc_get_hclkfreq) for std_rcc_get_hclkfreq
    ciu32l051_std_rcc.o(i.std_rcc_get_pclk2freq) refers to ciu32l051_std_rcc.o(i.std_rcc_get_hclkfreq) for std_rcc_get_hclkfreq
    ciu32l051_std_rcc.o(i.std_rcc_get_pllfreq) refers to uidiv.o(.text) for __aeabi_uidivmod
    ciu32l051_std_rcc.o(i.std_rcc_get_sysclkfreq) refers to ciu32l051_std_rcc.o(i.std_rcc_get_pllfreq) for std_rcc_get_pllfreq
    ciu32l051_std_rcc.o(i.std_rcc_get_sysclkfreq) refers to uidiv.o(.text) for __aeabi_uidivmod
    ciu32l051_std_rtc.o(i.std_rtc_alarm_init) refers to ciu32l051_std_rtc.o(i.std_rtc_write_protection_disable) for std_rtc_write_protection_disable
    ciu32l051_std_rtc.o(i.std_rtc_alarm_init) refers to ciu32l051_std_rtc.o(i.std_rtc_write_protection_enable) for std_rtc_write_protection_enable
    ciu32l051_std_rtc.o(i.std_rtc_alarm_struct_init) refers to ciu32l051_std_rtc.o(i.std_rtc_time_struct_init) for std_rtc_time_struct_init
    ciu32l051_std_rtc.o(i.std_rtc_date_init) refers to ciu32l051_std_rtc.o(i.std_rtc_write_protection_disable) for std_rtc_write_protection_disable
    ciu32l051_std_rtc.o(i.std_rtc_date_init) refers to ciu32l051_std_rtc.o(i.std_rtc_init_mode_enter) for std_rtc_init_mode_enter
    ciu32l051_std_rtc.o(i.std_rtc_date_init) refers to ciu32l051_std_rtc.o(i.std_rtc_init_mode_exit) for std_rtc_init_mode_exit
    ciu32l051_std_rtc.o(i.std_rtc_date_init) refers to ciu32l051_std_rtc.o(i.std_rtc_write_protection_enable) for std_rtc_write_protection_enable
    ciu32l051_std_rtc.o(i.std_rtc_deinit) refers to ciu32l051_std_rtc.o(i.std_rtc_write_protection_disable) for std_rtc_write_protection_disable
    ciu32l051_std_rtc.o(i.std_rtc_deinit) refers to ciu32l051_std_rtc.o(i.std_rtc_init_mode_enter) for std_rtc_init_mode_enter
    ciu32l051_std_rtc.o(i.std_rtc_deinit) refers to ciu32l051_std_rtc.o(i.std_rtc_init_mode_exit) for std_rtc_init_mode_exit
    ciu32l051_std_rtc.o(i.std_rtc_deinit) refers to ciu32l051_std_rtc.o(i.std_rtc_write_protection_enable) for std_rtc_write_protection_enable
    ciu32l051_std_rtc.o(i.std_rtc_init_mode_enter) refers to uidiv.o(.text) for __aeabi_uidivmod
    ciu32l051_std_rtc.o(i.std_rtc_init_mode_enter) refers to ciu32l051_std_rtc.o(i.std_rtc_get_mode) for std_rtc_get_mode
    ciu32l051_std_rtc.o(i.std_rtc_init_mode_enter) refers to system_ciu32l051.o(.data) for SystemCoreClock
    ciu32l051_std_rtc.o(i.std_rtc_init_mode_exit) refers to uidiv.o(.text) for __aeabi_uidivmod
    ciu32l051_std_rtc.o(i.std_rtc_init_mode_exit) refers to ciu32l051_std_rtc.o(i.std_rtc_get_mode) for std_rtc_get_mode
    ciu32l051_std_rtc.o(i.std_rtc_init_mode_exit) refers to system_ciu32l051.o(.data) for SystemCoreClock
    ciu32l051_std_rtc.o(i.std_rtc_time_init) refers to ciu32l051_std_rtc.o(i.std_rtc_write_protection_disable) for std_rtc_write_protection_disable
    ciu32l051_std_rtc.o(i.std_rtc_time_init) refers to ciu32l051_std_rtc.o(i.std_rtc_init_mode_enter) for std_rtc_init_mode_enter
    ciu32l051_std_rtc.o(i.std_rtc_time_init) refers to ciu32l051_std_rtc.o(i.std_rtc_init_mode_exit) for std_rtc_init_mode_exit
    ciu32l051_std_rtc.o(i.std_rtc_time_init) refers to ciu32l051_std_rtc.o(i.std_rtc_write_protection_enable) for std_rtc_write_protection_enable
    ciu32l051_std_tim.o(i.std_tim_deinit) refers to ciu32l051_std_tim.o(i.std_rcc_apb1_reset) for std_rcc_apb1_reset
    ciu32l051_std_tim.o(i.std_tim_deinit) refers to ciu32l051_std_tim.o(i.std_rcc_apb1_clk_disable) for std_rcc_apb1_clk_disable
    ciu32l051_std_tim.o(i.std_tim_input_capture_init) refers to ciu32l051_std_tim.o(i.std_tim_ccx_channel_disable) for std_tim_ccx_channel_disable
    ciu32l051_std_tim.o(i.std_tim_output_compare_init) refers to ciu32l051_std_tim.o(i.std_tim_ccx_channel_disable) for std_tim_ccx_channel_disable
    ciu32l051_std_usart.o(i.std_usart_baudrate_config) refers to ciu32l051_std_rcc.o(i.std_rcc_get_pclk2freq) for std_rcc_get_pclk2freq
    ciu32l051_std_usart.o(i.std_usart_baudrate_config) refers to ciu32l051_std_rcc.o(i.std_rcc_get_pclk1freq) for std_rcc_get_pclk1freq
    ciu32l051_std_usart.o(i.std_usart_baudrate_config) refers to uidiv.o(.text) for __aeabi_uidivmod
    ciu32l051_std_usart.o(i.std_usart_deinit) refers to ciu32l051_std_usart.o(i.std_rcc_apb1_reset) for std_rcc_apb1_reset
    ciu32l051_std_usart.o(i.std_usart_deinit) refers to ciu32l051_std_usart.o(i.std_rcc_apb1_clk_disable) for std_rcc_apb1_clk_disable
    ciu32l051_std_usart.o(i.std_usart_init) refers to ciu32l051_std_usart.o(i.std_usart_baudrate_config) for std_usart_baudrate_config
    system_ciu32l051.o(i.SystemCoreClockUpdate) refers to uidiv.o(.text) for __aeabi_uidivmod
    system_ciu32l051.o(i.SystemCoreClockUpdate) refers to system_ciu32l051.o(.constdata) for g_ahb_divider_table
    system_ciu32l051.o(i.SystemCoreClockUpdate) refers to system_ciu32l051.o(.data) for SystemCoreClock
    system_ciu32l051.o(i.SystemInit) refers to startup_ciu32l051.o(RESET) for __vector_table
    system_ciu32l051.o(i.SystemInit) refers to system_ciu32l051.o(.data) for SystemCoreClock
    startup_ciu32l051.o(RESET) refers to startup_ciu32l051.o(STACK) for __initial_sp
    startup_ciu32l051.o(RESET) refers to startup_ciu32l051.o(.text) for Reset_Handler
    startup_ciu32l051.o(RESET) refers to gpio.o(i.EXTI4_15_IRQHandler) for EXTI4_15_IRQHandler
    startup_ciu32l051.o(RESET) refers to time.o(i.TIM3_IRQHandler) for TIM3_IRQHandler
    startup_ciu32l051.o(RESET) refers to time.o(i.TIM8_IRQHandler) for TIM8_IRQHandler
    startup_ciu32l051.o(RESET) refers to time.o(i.LPTIM2_IRQHandler) for LPTIM2_IRQHandler
    startup_ciu32l051.o(.text) refers to system_ciu32l051.o(i.SystemInit) for SystemInit
    startup_ciu32l051.o(.text) refers to entry.o(.ARM.Collect$$$$00000000) for __main
    entry.o(.ARM.Collect$$$$00000000) refers (Special) to entry10a.o(.ARM.Collect$$$$0000000F) for __rt_final_cpp
    entry.o(.ARM.Collect$$$$00000000) refers (Special) to entry11a.o(.ARM.Collect$$$$00000011) for __rt_final_exit
    entry.o(.ARM.Collect$$$$00000000) refers (Special) to entry12b.o(.ARM.Collect$$$$0000000E) for __rt_lib_shutdown_fini
    entry.o(.ARM.Collect$$$$00000000) refers (Special) to entry7b.o(.ARM.Collect$$$$00000008) for _main_clock
    entry.o(.ARM.Collect$$$$00000000) refers (Special) to entry8b.o(.ARM.Collect$$$$0000000A) for _main_cpp_init
    entry.o(.ARM.Collect$$$$00000000) refers (Special) to entry9a.o(.ARM.Collect$$$$0000000B) for _main_init
    entry.o(.ARM.Collect$$$$00000000) refers (Special) to entry5.o(.ARM.Collect$$$$00000004) for _main_scatterload
    entry.o(.ARM.Collect$$$$00000000) refers (Special) to entry2.o(.ARM.Collect$$$$00000001) for _main_stk
    idiv.o(.text) refers to uidiv.o(.text) for __aeabi_uidivmod
    uldiv.o(.text) refers to llushr.o(.text) for __aeabi_llsr
    uldiv.o(.text) refers to llshl.o(.text) for __aeabi_llsl
    llmul.o(.text) refers to llshl.o(.text) for __aeabi_llsl
    entry2.o(.ARM.Collect$$$$00000001) refers to entry2.o(.ARM.Collect$$$$00002712) for __lit__00000000
    entry2.o(.ARM.Collect$$$$00002712) refers to startup_ciu32l051.o(STACK) for __initial_sp
    entry2.o(__vectab_stack_and_reset_area) refers to startup_ciu32l051.o(STACK) for __initial_sp
    entry2.o(__vectab_stack_and_reset_area) refers to entry.o(.ARM.Collect$$$$00000000) for __main
    entry5.o(.ARM.Collect$$$$00000004) refers to init.o(.text) for __scatterload
    entry9a.o(.ARM.Collect$$$$0000000B) refers to main.o(i.main) for main
    entry9b.o(.ARM.Collect$$$$0000000C) refers to main.o(i.main) for main
    init.o(.text) refers to entry5.o(.ARM.Collect$$$$00000004) for __main_after_scatterload


==============================================================================

Removing Unused input sections from the image.

    Removing gpio.o(.rev16_text), (4 bytes).
    Removing gpio.o(.revsh_text), (4 bytes).
    Removing gpio.o(i.__NVIC_SetPriority), (120 bytes).
    Removing gpio.o(i.gpio_sleep), (152 bytes).
    Removing gpio.o(i.sleep), (200 bytes).
    Removing gpio.o(i.std_rcc_apb1_clk_disable), (16 bytes).
    Removing gpio.o(i.std_rcc_apb2_clk_disable), (16 bytes).
    Removing gpio.o(i.std_tim_disable), (10 bytes).
    Removing gpio.o(.constdata), (24 bytes).
    Removing main.o(.rev16_text), (4 bytes).
    Removing main.o(.revsh_text), (4 bytes).
    Removing main.o(.constdata), (24 bytes).
    Removing time.o(.rev16_text), (4 bytes).
    Removing time.o(.revsh_text), (4 bytes).
    Removing time.o(i.bsp_lptim_start), (64 bytes).
    Removing time.o(.constdata), (24 bytes).
    Removing adc.o(.rev16_text), (4 bytes).
    Removing adc.o(.revsh_text), (4 bytes).
    Removing adc.o(.constdata), (24 bytes).
    Removing app.o(.rev16_text), (4 bytes).
    Removing app.o(.revsh_text), (4 bytes).
    Removing app.o(i.check_devices_mod), (20 bytes).
    Removing app.o(.constdata), (24 bytes).
    Removing flash.o(.rev16_text), (4 bytes).
    Removing flash.o(.revsh_text), (4 bytes).
    Removing flash.o(i.ReadFlashData), (22 bytes).
    Removing flash.o(.constdata), (24 bytes).
    Removing i2c.o(.rev16_text), (4 bytes).
    Removing i2c.o(.revsh_text), (4 bytes).
    Removing i2c.o(i.GXHTC3_sleep), (48 bytes).
    Removing i2c.o(.constdata), (24 bytes).
    Removing lcd.o(.rev16_text), (4 bytes).
    Removing lcd.o(.revsh_text), (4 bytes).
    Removing lcd.o(.constdata), (24 bytes).
    Removing led.o(.rev16_text), (4 bytes).
    Removing led.o(.revsh_text), (4 bytes).
    Removing led.o(.constdata), (24 bytes).
    Removing uart.o(.rev16_text), (4 bytes).
    Removing uart.o(.revsh_text), (4 bytes).
    Removing uart.o(i.fputc), (40 bytes).
    Removing uart.o(i.uart_init), (132 bytes).
    Removing uart.o(.constdata), (24 bytes).
    Removing voice.o(.rev16_text), (4 bytes).
    Removing voice.o(.revsh_text), (4 bytes).
    Removing voice.o(.constdata), (24 bytes).
    Removing ciu32l051_std.o(.rev16_text), (4 bytes).
    Removing ciu32l051_std.o(.revsh_text), (4 bytes).
    Removing ciu32l051_std.o(i.std_delay_end), (20 bytes).
    Removing ciu32l051_std.o(i.std_delayms_start), (18 bytes).
    Removing ciu32l051_std.o(i.std_delayus_start), (56 bytes).
    Removing ciu32l051_std.o(.constdata), (24 bytes).
    Removing ciu32l051_std_adc.o(.rev16_text), (4 bytes).
    Removing ciu32l051_std_adc.o(.revsh_text), (4 bytes).
    Removing ciu32l051_std_adc.o(i.std_adc_deinit), (56 bytes).
    Removing ciu32l051_std_adc.o(i.std_adc_struct_init), (34 bytes).
    Removing ciu32l051_std_adc.o(.constdata), (24 bytes).
    Removing ciu32l051_std_aes.o(.rev16_text), (4 bytes).
    Removing ciu32l051_std_aes.o(.revsh_text), (4 bytes).
    Removing ciu32l051_std_aes.o(i.std_aes_deinit), (44 bytes).
    Removing ciu32l051_std_aes.o(i.std_aes_init), (28 bytes).
    Removing ciu32l051_std_aes.o(i.std_aes_struct_init), (8 bytes).
    Removing ciu32l051_std_aes.o(.constdata), (24 bytes).
    Removing ciu32l051_std_comp.o(.rev16_text), (4 bytes).
    Removing ciu32l051_std_comp.o(.revsh_text), (4 bytes).
    Removing ciu32l051_std_comp.o(i.std_comp_deinit), (18 bytes).
    Removing ciu32l051_std_comp.o(i.std_comp_init), (80 bytes).
    Removing ciu32l051_std_comp.o(i.std_comp_struct_init), (26 bytes).
    Removing ciu32l051_std_comp.o(.constdata), (24 bytes).
    Removing ciu32l051_std_crc.o(.rev16_text), (4 bytes).
    Removing ciu32l051_std_crc.o(.revsh_text), (4 bytes).
    Removing ciu32l051_std_crc.o(i.std_crc_deinit), (44 bytes).
    Removing ciu32l051_std_crc.o(i.std_crc_init), (48 bytes).
    Removing ciu32l051_std_crc.o(i.std_crc_set_init_value_invert), (100 bytes).
    Removing ciu32l051_std_crc.o(i.std_crc_struct_init), (14 bytes).
    Removing ciu32l051_std_crc.o(.constdata), (24 bytes).
    Removing ciu32l051_std_dma.o(.rev16_text), (4 bytes).
    Removing ciu32l051_std_dma.o(.revsh_text), (4 bytes).
    Removing ciu32l051_std_dma.o(i.std_dma_deinit), (108 bytes).
    Removing ciu32l051_std_dma.o(i.std_dma_init), (92 bytes).
    Removing ciu32l051_std_dma.o(i.std_dma_set_dst_address), (16 bytes).
    Removing ciu32l051_std_dma.o(i.std_dma_set_src_address), (16 bytes).
    Removing ciu32l051_std_dma.o(i.std_dma_set_transfer_data_number), (16 bytes).
    Removing ciu32l051_std_dma.o(i.std_dma_start_transmit), (60 bytes).
    Removing ciu32l051_std_dma.o(i.std_dma_struct_init), (18 bytes).
    Removing ciu32l051_std_dma.o(.constdata), (24 bytes).
    Removing ciu32l051_std_exti.o(.rev16_text), (4 bytes).
    Removing ciu32l051_std_exti.o(.revsh_text), (4 bytes).
    Removing ciu32l051_std_exti.o(i.std_exti_deinit), (52 bytes).
    Removing ciu32l051_std_exti.o(i.std_exti_init), (380 bytes).
    Removing ciu32l051_std_exti.o(i.std_exti_struct_init), (16 bytes).
    Removing ciu32l051_std_exti.o(.constdata), (24 bytes).
    Removing ciu32l051_std_flash.o(.rev16_text), (4 bytes).
    Removing ciu32l051_std_flash.o(.revsh_text), (4 bytes).
    Removing ciu32l051_std_flash.o(i.std_flash_mass_erase), (12 bytes).
    Removing ciu32l051_std_flash.o(i.std_flash_opt_erase), (48 bytes).
    Removing ciu32l051_std_flash.o(.constdata), (24 bytes).
    Removing ciu32l051_std_gpio.o(.rev16_text), (4 bytes).
    Removing ciu32l051_std_gpio.o(.revsh_text), (4 bytes).
    Removing ciu32l051_std_gpio.o(i.std_gpio_deinit), (92 bytes).
    Removing ciu32l051_std_gpio.o(i.std_gpio_struct_init), (18 bytes).
    Removing ciu32l051_std_gpio.o(.constdata), (24 bytes).
    Removing ciu32l051_std_i2c.o(.rev16_text), (4 bytes).
    Removing ciu32l051_std_i2c.o(.revsh_text), (4 bytes).
    Removing ciu32l051_std_i2c.o(i.std_i2c_deinit), (44 bytes).
    Removing ciu32l051_std_i2c.o(i.std_i2c_init), (102 bytes).
    Removing ciu32l051_std_i2c.o(i.std_i2c_struct_init), (18 bytes).
    Removing ciu32l051_std_i2c.o(.constdata), (24 bytes).
    Removing ciu32l051_std_lcd.o(.rev16_text), (4 bytes).
    Removing ciu32l051_std_lcd.o(.revsh_text), (4 bytes).
    Removing ciu32l051_std_lcd.o(i.std_lcd_deinit), (60 bytes).
    Removing ciu32l051_std_lcd.o(i.std_lcd_struct_init), (34 bytes).
    Removing ciu32l051_std_lcd.o(.constdata), (24 bytes).
    Removing ciu32l051_std_lptim.o(.rev16_text), (4 bytes).
    Removing ciu32l051_std_lptim.o(.revsh_text), (4 bytes).
    Removing ciu32l051_std_lptim.o(i.std_lptim_deinit), (52 bytes).
    Removing ciu32l051_std_lptim.o(i.std_lptim_init), (32 bytes).
    Removing ciu32l051_std_lptim.o(i.std_lptim_struct_init), (12 bytes).
    Removing ciu32l051_std_lptim.o(i.std_rcc_apb1_clk_disable), (16 bytes).
    Removing ciu32l051_std_lptim.o(i.std_rcc_apb1_reset), (24 bytes).
    Removing ciu32l051_std_lptim.o(.constdata), (24 bytes).
    Removing ciu32l051_std_lpuart.o(.rev16_text), (4 bytes).
    Removing ciu32l051_std_lpuart.o(.revsh_text), (4 bytes).
    Removing ciu32l051_std_lpuart.o(i.std_lpuart_deinit), (64 bytes).
    Removing ciu32l051_std_lpuart.o(i.std_lpuart_disable), (10 bytes).
    Removing ciu32l051_std_lpuart.o(i.std_lpuart_get_flag), (18 bytes).
    Removing ciu32l051_std_lpuart.o(i.std_lpuart_init), (192 bytes).
    Removing ciu32l051_std_lpuart.o(i.std_lpuart_set_baudrate), (308 bytes).
    Removing ciu32l051_std_lpuart.o(i.std_lpuart_struct_init), (26 bytes).
    Removing ciu32l051_std_lpuart.o(i.std_rcc_apb1_clk_disable), (16 bytes).
    Removing ciu32l051_std_lpuart.o(i.std_rcc_apb1_reset), (24 bytes).
    Removing ciu32l051_std_lpuart.o(.constdata), (24 bytes).
    Removing ciu32l051_std_pmu.o(.rev16_text), (4 bytes).
    Removing ciu32l051_std_pmu.o(.revsh_text), (4 bytes).
    Removing ciu32l051_std_pmu.o(i.std_pmu_enter_sleep), (32 bytes).
    Removing ciu32l051_std_pmu.o(i.std_pmu_enter_stop), (44 bytes).
    Removing ciu32l051_std_pmu.o(i.std_pmu_pvd_init), (92 bytes).
    Removing ciu32l051_std_pmu.o(i.std_pmu_reg_reset), (28 bytes).
    Removing ciu32l051_std_pmu.o(i.std_pmu_struct_init), (18 bytes).
    Removing ciu32l051_std_pmu.o(.constdata), (24 bytes).
    Removing ciu32l051_std_rcc.o(.rev16_text), (4 bytes).
    Removing ciu32l051_std_rcc.o(.revsh_text), (4 bytes).
    Removing ciu32l051_std_rcc.o(i.std_rcc_get_hclkfreq), (40 bytes).
    Removing ciu32l051_std_rcc.o(i.std_rcc_get_pclk1freq), (48 bytes).
    Removing ciu32l051_std_rcc.o(i.std_rcc_get_pclk2freq), (48 bytes).
    Removing ciu32l051_std_rcc.o(i.std_rcc_get_pllfreq), (120 bytes).
    Removing ciu32l051_std_rcc.o(i.std_rcc_get_sysclkfreq), (116 bytes).
    Removing ciu32l051_std_rcc.o(.constdata), (24 bytes).
    Removing ciu32l051_std_rtc.o(.rev16_text), (4 bytes).
    Removing ciu32l051_std_rtc.o(.revsh_text), (4 bytes).
    Removing ciu32l051_std_rtc.o(i.std_rtc_alarm_init), (108 bytes).
    Removing ciu32l051_std_rtc.o(i.std_rtc_alarm_struct_init), (16 bytes).
    Removing ciu32l051_std_rtc.o(i.std_rtc_date_init), (100 bytes).
    Removing ciu32l051_std_rtc.o(i.std_rtc_date_struct_init), (14 bytes).
    Removing ciu32l051_std_rtc.o(i.std_rtc_deinit), (92 bytes).
    Removing ciu32l051_std_rtc.o(i.std_rtc_get_mode), (16 bytes).
    Removing ciu32l051_std_rtc.o(i.std_rtc_init_mode_enter), (84 bytes).
    Removing ciu32l051_std_rtc.o(i.std_rtc_init_mode_exit), (76 bytes).
    Removing ciu32l051_std_rtc.o(i.std_rtc_time_init), (92 bytes).
    Removing ciu32l051_std_rtc.o(i.std_rtc_time_struct_init), (10 bytes).
    Removing ciu32l051_std_rtc.o(i.std_rtc_write_protection_disable), (16 bytes).
    Removing ciu32l051_std_rtc.o(i.std_rtc_write_protection_enable), (12 bytes).
    Removing ciu32l051_std_rtc.o(.constdata), (24 bytes).
    Removing ciu32l051_std_spi.o(.rev16_text), (4 bytes).
    Removing ciu32l051_std_spi.o(.revsh_text), (4 bytes).
    Removing ciu32l051_std_spi.o(i.std_spi_deinit), (112 bytes).
    Removing ciu32l051_std_spi.o(i.std_spi_init), (60 bytes).
    Removing ciu32l051_std_spi.o(i.std_spi_struct_init), (16 bytes).
    Removing ciu32l051_std_spi.o(.constdata), (24 bytes).
    Removing ciu32l051_std_tamp.o(.rev16_text), (4 bytes).
    Removing ciu32l051_std_tamp.o(.revsh_text), (4 bytes).
    Removing ciu32l051_std_tamp.o(i.std_tamp_deinit), (40 bytes).
    Removing ciu32l051_std_tamp.o(.constdata), (24 bytes).
    Removing ciu32l051_std_tim.o(.rev16_text), (4 bytes).
    Removing ciu32l051_std_tim.o(.revsh_text), (4 bytes).
    Removing ciu32l051_std_tim.o(i.std_rcc_apb1_clk_disable), (16 bytes).
    Removing ciu32l051_std_tim.o(i.std_rcc_apb1_reset), (24 bytes).
    Removing ciu32l051_std_tim.o(i.std_tim_ccx_channel_disable), (16 bytes).
    Removing ciu32l051_std_tim.o(i.std_tim_deinit), (112 bytes).
    Removing ciu32l051_std_tim.o(i.std_tim_input_capture_init), (236 bytes).
    Removing ciu32l051_std_tim.o(i.std_tim_input_capture_struct_init), (16 bytes).
    Removing ciu32l051_std_tim.o(i.std_tim_output_compare_init), (372 bytes).
    Removing ciu32l051_std_tim.o(i.std_tim_output_compare_struct_init), (14 bytes).
    Removing ciu32l051_std_tim.o(i.std_tim_struct_init), (24 bytes).
    Removing ciu32l051_std_tim.o(.constdata), (24 bytes).
    Removing ciu32l051_std_trng.o(.rev16_text), (4 bytes).
    Removing ciu32l051_std_trng.o(.revsh_text), (4 bytes).
    Removing ciu32l051_std_trng.o(i.std_trng_deinit), (40 bytes).
    Removing ciu32l051_std_trng.o(i.std_trng_get_random_number), (40 bytes).
    Removing ciu32l051_std_trng.o(.constdata), (24 bytes).
    Removing ciu32l051_std_usart.o(.rev16_text), (4 bytes).
    Removing ciu32l051_std_usart.o(.revsh_text), (4 bytes).
    Removing ciu32l051_std_usart.o(i.std_rcc_apb1_clk_disable), (16 bytes).
    Removing ciu32l051_std_usart.o(i.std_rcc_apb1_reset), (24 bytes).
    Removing ciu32l051_std_usart.o(i.std_usart_baudrate_config), (176 bytes).
    Removing ciu32l051_std_usart.o(i.std_usart_deinit), (152 bytes).
    Removing ciu32l051_std_usart.o(i.std_usart_init), (116 bytes).
    Removing ciu32l051_std_usart.o(i.std_usart_struct_init), (26 bytes).
    Removing ciu32l051_std_usart.o(i.std_usart_sync_clk_init), (72 bytes).
    Removing ciu32l051_std_usart.o(i.std_usart_sync_clk_struct_init), (14 bytes).
    Removing ciu32l051_std_usart.o(.constdata), (24 bytes).
    Removing system_ciu32l051.o(.rev16_text), (4 bytes).
    Removing system_ciu32l051.o(.revsh_text), (4 bytes).
    Removing startup_ciu32l051.o(HEAP), (0 bytes).

203 unused section(s) (total 7418 bytes) removed from the image.

==============================================================================

Image Symbol Table

    Local Symbols

    Symbol Name                              Value     Ov Type        Size  Object(Section)

    ../clib/microlib/division.c              0x00000000   Number         0  idiv.o ABSOLUTE
    ../clib/microlib/division.c              0x00000000   Number         0  uidiv.o ABSOLUTE
    ../clib/microlib/division.c              0x00000000   Number         0  uldiv.o ABSOLUTE
    ../clib/microlib/init/entry.s            0x00000000   Number         0  entry8a.o ABSOLUTE
    ../clib/microlib/init/entry.s            0x00000000   Number         0  entry7b.o ABSOLUTE
    ../clib/microlib/init/entry.s            0x00000000   Number         0  entry7a.o ABSOLUTE
    ../clib/microlib/init/entry.s            0x00000000   Number         0  entry5.o ABSOLUTE
    ../clib/microlib/init/entry.s            0x00000000   Number         0  entry.o ABSOLUTE
    ../clib/microlib/init/entry.s            0x00000000   Number         0  entry8b.o ABSOLUTE
    ../clib/microlib/init/entry.s            0x00000000   Number         0  entry2.o ABSOLUTE
    ../clib/microlib/init/entry.s            0x00000000   Number         0  entry12b.o ABSOLUTE
    ../clib/microlib/init/entry.s            0x00000000   Number         0  entry12a.o ABSOLUTE
    ../clib/microlib/init/entry.s            0x00000000   Number         0  entry11b.o ABSOLUTE
    ../clib/microlib/init/entry.s            0x00000000   Number         0  entry11a.o ABSOLUTE
    ../clib/microlib/init/entry.s            0x00000000   Number         0  entry10b.o ABSOLUTE
    ../clib/microlib/init/entry.s            0x00000000   Number         0  entry10a.o ABSOLUTE
    ../clib/microlib/init/entry.s            0x00000000   Number         0  entry9b.o ABSOLUTE
    ../clib/microlib/init/entry.s            0x00000000   Number         0  entry9a.o ABSOLUTE
    ../clib/microlib/longlong.c              0x00000000   Number         0  llushr.o ABSOLUTE
    ../clib/microlib/longlong.c              0x00000000   Number         0  llmul.o ABSOLUTE
    ../clib/microlib/longlong.c              0x00000000   Number         0  llshl.o ABSOLUTE
    ../clib/microlib/string/memset.c         0x00000000   Number         0  memseta.o ABSOLUTE
    ..\..\..\..\Drivers\CIU32L051_Lib\Source\ciu32l051_std.c 0x00000000   Number         0  ciu32l051_std.o ABSOLUTE
    ..\..\..\..\Drivers\CIU32L051_Lib\Source\ciu32l051_std_adc.c 0x00000000   Number         0  ciu32l051_std_adc.o ABSOLUTE
    ..\..\..\..\Drivers\CIU32L051_Lib\Source\ciu32l051_std_aes.c 0x00000000   Number         0  ciu32l051_std_aes.o ABSOLUTE
    ..\..\..\..\Drivers\CIU32L051_Lib\Source\ciu32l051_std_comp.c 0x00000000   Number         0  ciu32l051_std_comp.o ABSOLUTE
    ..\..\..\..\Drivers\CIU32L051_Lib\Source\ciu32l051_std_crc.c 0x00000000   Number         0  ciu32l051_std_crc.o ABSOLUTE
    ..\..\..\..\Drivers\CIU32L051_Lib\Source\ciu32l051_std_dma.c 0x00000000   Number         0  ciu32l051_std_dma.o ABSOLUTE
    ..\..\..\..\Drivers\CIU32L051_Lib\Source\ciu32l051_std_exti.c 0x00000000   Number         0  ciu32l051_std_exti.o ABSOLUTE
    ..\..\..\..\Drivers\CIU32L051_Lib\Source\ciu32l051_std_flash.c 0x00000000   Number         0  ciu32l051_std_flash.o ABSOLUTE
    ..\..\..\..\Drivers\CIU32L051_Lib\Source\ciu32l051_std_gpio.c 0x00000000   Number         0  ciu32l051_std_gpio.o ABSOLUTE
    ..\..\..\..\Drivers\CIU32L051_Lib\Source\ciu32l051_std_i2c.c 0x00000000   Number         0  ciu32l051_std_i2c.o ABSOLUTE
    ..\..\..\..\Drivers\CIU32L051_Lib\Source\ciu32l051_std_lcd.c 0x00000000   Number         0  ciu32l051_std_lcd.o ABSOLUTE
    ..\..\..\..\Drivers\CIU32L051_Lib\Source\ciu32l051_std_lptim.c 0x00000000   Number         0  ciu32l051_std_lptim.o ABSOLUTE
    ..\..\..\..\Drivers\CIU32L051_Lib\Source\ciu32l051_std_lpuart.c 0x00000000   Number         0  ciu32l051_std_lpuart.o ABSOLUTE
    ..\..\..\..\Drivers\CIU32L051_Lib\Source\ciu32l051_std_pmu.c 0x00000000   Number         0  ciu32l051_std_pmu.o ABSOLUTE
    ..\..\..\..\Drivers\CIU32L051_Lib\Source\ciu32l051_std_rcc.c 0x00000000   Number         0  ciu32l051_std_rcc.o ABSOLUTE
    ..\..\..\..\Drivers\CIU32L051_Lib\Source\ciu32l051_std_rtc.c 0x00000000   Number         0  ciu32l051_std_rtc.o ABSOLUTE
    ..\..\..\..\Drivers\CIU32L051_Lib\Source\ciu32l051_std_spi.c 0x00000000   Number         0  ciu32l051_std_spi.o ABSOLUTE
    ..\..\..\..\Drivers\CIU32L051_Lib\Source\ciu32l051_std_tamp.c 0x00000000   Number         0  ciu32l051_std_tamp.o ABSOLUTE
    ..\..\..\..\Drivers\CIU32L051_Lib\Source\ciu32l051_std_tim.c 0x00000000   Number         0  ciu32l051_std_tim.o ABSOLUTE
    ..\..\..\..\Drivers\CIU32L051_Lib\Source\ciu32l051_std_trng.c 0x00000000   Number         0  ciu32l051_std_trng.o ABSOLUTE
    ..\..\..\..\Drivers\CIU32L051_Lib\Source\ciu32l051_std_usart.c 0x00000000   Number         0  ciu32l051_std_usart.o ABSOLUTE
    ..\..\..\..\Drivers\CMSIS\Device\system_ciu32l051.c 0x00000000   Number         0  system_ciu32l051.o ABSOLUTE
    ..\Source\adc.c                          0x00000000   Number         0  adc.o ABSOLUTE
    ..\Source\app.c                          0x00000000   Number         0  app.o ABSOLUTE
    ..\Source\flash.c                        0x00000000   Number         0  flash.o ABSOLUTE
    ..\Source\gpio.c                         0x00000000   Number         0  gpio.o ABSOLUTE
    ..\Source\i2c.c                          0x00000000   Number         0  i2c.o ABSOLUTE
    ..\Source\lcd.c                          0x00000000   Number         0  lcd.o ABSOLUTE
    ..\Source\led.c                          0x00000000   Number         0  led.o ABSOLUTE
    ..\Source\main.c                         0x00000000   Number         0  main.o ABSOLUTE
    ..\Source\time.c                         0x00000000   Number         0  time.o ABSOLUTE
    ..\Source\uart.c                         0x00000000   Number         0  uart.o ABSOLUTE
    ..\Source\voice.c                        0x00000000   Number         0  voice.o ABSOLUTE
    ..\\..\\..\\..\\Drivers\\CIU32L051_Lib\\Source\\ciu32l051_std.c 0x00000000   Number         0  ciu32l051_std.o ABSOLUTE
    ..\\..\\..\\..\\Drivers\\CIU32L051_Lib\\Source\\ciu32l051_std_adc.c 0x00000000   Number         0  ciu32l051_std_adc.o ABSOLUTE
    ..\\..\\..\\..\\Drivers\\CIU32L051_Lib\\Source\\ciu32l051_std_aes.c 0x00000000   Number         0  ciu32l051_std_aes.o ABSOLUTE
    ..\\..\\..\\..\\Drivers\\CIU32L051_Lib\\Source\\ciu32l051_std_comp.c 0x00000000   Number         0  ciu32l051_std_comp.o ABSOLUTE
    ..\\..\\..\\..\\Drivers\\CIU32L051_Lib\\Source\\ciu32l051_std_crc.c 0x00000000   Number         0  ciu32l051_std_crc.o ABSOLUTE
    ..\\..\\..\\..\\Drivers\\CIU32L051_Lib\\Source\\ciu32l051_std_dma.c 0x00000000   Number         0  ciu32l051_std_dma.o ABSOLUTE
    ..\\..\\..\\..\\Drivers\\CIU32L051_Lib\\Source\\ciu32l051_std_exti.c 0x00000000   Number         0  ciu32l051_std_exti.o ABSOLUTE
    ..\\..\\..\\..\\Drivers\\CIU32L051_Lib\\Source\\ciu32l051_std_flash.c 0x00000000   Number         0  ciu32l051_std_flash.o ABSOLUTE
    ..\\..\\..\\..\\Drivers\\CIU32L051_Lib\\Source\\ciu32l051_std_gpio.c 0x00000000   Number         0  ciu32l051_std_gpio.o ABSOLUTE
    ..\\..\\..\\..\\Drivers\\CIU32L051_Lib\\Source\\ciu32l051_std_i2c.c 0x00000000   Number         0  ciu32l051_std_i2c.o ABSOLUTE
    ..\\..\\..\\..\\Drivers\\CIU32L051_Lib\\Source\\ciu32l051_std_lcd.c 0x00000000   Number         0  ciu32l051_std_lcd.o ABSOLUTE
    ..\\..\\..\\..\\Drivers\\CIU32L051_Lib\\Source\\ciu32l051_std_lptim.c 0x00000000   Number         0  ciu32l051_std_lptim.o ABSOLUTE
    ..\\..\\..\\..\\Drivers\\CIU32L051_Lib\\Source\\ciu32l051_std_lpuart.c 0x00000000   Number         0  ciu32l051_std_lpuart.o ABSOLUTE
    ..\\..\\..\\..\\Drivers\\CIU32L051_Lib\\Source\\ciu32l051_std_pmu.c 0x00000000   Number         0  ciu32l051_std_pmu.o ABSOLUTE
    ..\\..\\..\\..\\Drivers\\CIU32L051_Lib\\Source\\ciu32l051_std_rcc.c 0x00000000   Number         0  ciu32l051_std_rcc.o ABSOLUTE
    ..\\..\\..\\..\\Drivers\\CIU32L051_Lib\\Source\\ciu32l051_std_rtc.c 0x00000000   Number         0  ciu32l051_std_rtc.o ABSOLUTE
    ..\\..\\..\\..\\Drivers\\CIU32L051_Lib\\Source\\ciu32l051_std_spi.c 0x00000000   Number         0  ciu32l051_std_spi.o ABSOLUTE
    ..\\..\\..\\..\\Drivers\\CIU32L051_Lib\\Source\\ciu32l051_std_tamp.c 0x00000000   Number         0  ciu32l051_std_tamp.o ABSOLUTE
    ..\\..\\..\\..\\Drivers\\CIU32L051_Lib\\Source\\ciu32l051_std_tim.c 0x00000000   Number         0  ciu32l051_std_tim.o ABSOLUTE
    ..\\..\\..\\..\\Drivers\\CIU32L051_Lib\\Source\\ciu32l051_std_trng.c 0x00000000   Number         0  ciu32l051_std_trng.o ABSOLUTE
    ..\\..\\..\\..\\Drivers\\CIU32L051_Lib\\Source\\ciu32l051_std_usart.c 0x00000000   Number         0  ciu32l051_std_usart.o ABSOLUTE
    ..\\..\\..\\..\\Drivers\\CMSIS\\Device\\system_ciu32l051.c 0x00000000   Number         0  system_ciu32l051.o ABSOLUTE
    ..\\Source\\adc.c                        0x00000000   Number         0  adc.o ABSOLUTE
    ..\\Source\\app.c                        0x00000000   Number         0  app.o ABSOLUTE
    ..\\Source\\flash.c                      0x00000000   Number         0  flash.o ABSOLUTE
    ..\\Source\\gpio.c                       0x00000000   Number         0  gpio.o ABSOLUTE
    ..\\Source\\i2c.c                        0x00000000   Number         0  i2c.o ABSOLUTE
    ..\\Source\\lcd.c                        0x00000000   Number         0  lcd.o ABSOLUTE
    ..\\Source\\led.c                        0x00000000   Number         0  led.o ABSOLUTE
    ..\\Source\\main.c                       0x00000000   Number         0  main.o ABSOLUTE
    ..\\Source\\time.c                       0x00000000   Number         0  time.o ABSOLUTE
    ..\\Source\\uart.c                       0x00000000   Number         0  uart.o ABSOLUTE
    ..\\Source\\voice.c                      0x00000000   Number         0  voice.o ABSOLUTE
    dc.s                                     0x00000000   Number         0  dc.o ABSOLUTE
    handlers.s                               0x00000000   Number         0  handlers.o ABSOLUTE
    init.s                                   0x00000000   Number         0  init.o ABSOLUTE
    startup_ciu32l051.s                      0x00000000   Number         0  startup_ciu32l051.o ABSOLUTE
    RESET                                    0x08000000   Section      192  startup_ciu32l051.o(RESET)
    .ARM.Collect$$$$00000000                 0x080000c0   Section        0  entry.o(.ARM.Collect$$$$00000000)
    .ARM.Collect$$$$00000001                 0x080000c0   Section        4  entry2.o(.ARM.Collect$$$$00000001)
    .ARM.Collect$$$$00000004                 0x080000c4   Section        4  entry5.o(.ARM.Collect$$$$00000004)
    .ARM.Collect$$$$00000008                 0x080000c8   Section        0  entry7b.o(.ARM.Collect$$$$00000008)
    .ARM.Collect$$$$0000000A                 0x080000c8   Section        0  entry8b.o(.ARM.Collect$$$$0000000A)
    .ARM.Collect$$$$0000000B                 0x080000c8   Section        8  entry9a.o(.ARM.Collect$$$$0000000B)
    .ARM.Collect$$$$0000000E                 0x080000d0   Section        4  entry12b.o(.ARM.Collect$$$$0000000E)
    .ARM.Collect$$$$0000000F                 0x080000d4   Section        0  entry10a.o(.ARM.Collect$$$$0000000F)
    .ARM.Collect$$$$00000011                 0x080000d4   Section        0  entry11a.o(.ARM.Collect$$$$00000011)
    .ARM.Collect$$$$00002712                 0x080000d4   Section        4  entry2.o(.ARM.Collect$$$$00002712)
    __lit__00000000                          0x080000d4   Data           4  entry2.o(.ARM.Collect$$$$00002712)
    .text                                    0x080000d8   Section       28  startup_ciu32l051.o(.text)
    .text                                    0x080000f4   Section        0  uidiv.o(.text)
    .text                                    0x08000120   Section        0  idiv.o(.text)
    .text                                    0x08000148   Section        0  uldiv.o(.text)
    .text                                    0x080001a8   Section        0  llmul.o(.text)
    .text                                    0x08000222   Section        0  memseta.o(.text)
    .text                                    0x08000246   Section        0  llshl.o(.text)
    .text                                    0x08000266   Section        0  llushr.o(.text)
    .text                                    0x08000288   Section       36  init.o(.text)
    i.EXTI4_15_IRQHandler                    0x080002ac   Section        0  gpio.o(i.EXTI4_15_IRQHandler)
    i.GXHTC3_read                            0x080002d8   Section        0  i2c.o(i.GXHTC3_read)
    i.IIC_Ack                                0x08000500   Section        0  i2c.o(i.IIC_Ack)
    i.IIC_NAck                               0x08000538   Section        0  i2c.o(i.IIC_NAck)
    i.IIC_Read_Byte                          0x08000570   Section        0  i2c.o(i.IIC_Read_Byte)
    i.IIC_Send_Byte                          0x080005c4   Section        0  i2c.o(i.IIC_Send_Byte)
    i.IIC_Start                              0x08000628   Section        0  i2c.o(i.IIC_Start)
    i.IIC_Stop                               0x08000668   Section        0  i2c.o(i.IIC_Stop)
    i.IIC_Wait_Ack                           0x080006a8   Section        0  i2c.o(i.IIC_Wait_Ack)
    i.LPTIM2_IRQHandler                      0x080006d8   Section        0  time.o(i.LPTIM2_IRQHandler)
    i.SDA_IN                                 0x0800071c   Section        0  i2c.o(i.SDA_IN)
    i.SDA_OUT                                0x08000740   Section        0  i2c.o(i.SDA_OUT)
    i.SystemCoreClockUpdate                  0x08000768   Section        0  system_ciu32l051.o(i.SystemCoreClockUpdate)
    i.SystemInit                             0x08000864   Section        0  system_ciu32l051.o(i.SystemInit)
    i.TIM3_IRQHandler                        0x08000884   Section        0  time.o(i.TIM3_IRQHandler)
    i.TIM8_IRQHandler                        0x080008b0   Section        0  time.o(i.TIM8_IRQHandler)
    i.__ARM_common_ll_muluu                  0x080008e4   Section        0  adc.o(i.__ARM_common_ll_muluu)
    i.__ARM_common_switch8                   0x08000914   Section        0  app.o(i.__ARM_common_switch8)
    i.__NVIC_EnableIRQ                       0x08000930   Section        0  time.o(i.__NVIC_EnableIRQ)
    __NVIC_EnableIRQ                         0x08000931   Thumb Code    18  time.o(i.__NVIC_EnableIRQ)
    i.__NVIC_SetPriority                     0x08000948   Section        0  time.o(i.__NVIC_SetPriority)
    __NVIC_SetPriority                       0x08000949   Thumb Code   110  time.o(i.__NVIC_SetPriority)
    i.__scatterload_copy                     0x080009c0   Section       14  handlers.o(i.__scatterload_copy)
    i.__scatterload_null                     0x080009ce   Section        2  handlers.o(i.__scatterload_null)
    i.__scatterload_zeroinit                 0x080009d0   Section       14  handlers.o(i.__scatterload_zeroinit)
    i.adc_init                               0x080009e0   Section        0  adc.o(i.adc_init)
    i.adc_update                             0x08000aac   Section        0  adc.o(i.adc_update)
    i.app_proc                               0x08000b88   Section        0  app.o(i.app_proc)
    i.bat_control                            0x080010bc   Section        0  app.o(i.bat_control)
    i.bsp_get_channel_voltage                0x080010f8   Section        0  adc.o(i.bsp_get_channel_voltage)
    i.bsp_get_single_channel_sample_value    0x08001164   Section        0  adc.o(i.bsp_get_single_channel_sample_value)
    i.bsp_get_vbgr_channel_sample_value      0x080011b4   Section        0  adc.o(i.bsp_get_vbgr_channel_sample_value)
    i.flash_init                             0x08001208   Section        0  flash.o(i.flash_init)
    i.flash_write                            0x080012b0   Section        0  flash.o(i.flash_write)
    i.gpio_init                              0x0800132c   Section        0  gpio.o(i.gpio_init)
    i.lcd_clock_config                       0x0800147c   Section        0  lcd.o(i.lcd_clock_config)
    i.lcd_init                               0x080014dc   Section        0  lcd.o(i.lcd_init)
    i.lcd_show_all                           0x08001590   Section        0  lcd.o(i.lcd_show_all)
    i.lcd_show_dash                          0x08001618   Section        0  lcd.o(i.lcd_show_dash)
    i.lcd_show_humidity                      0x080016c8   Section        0  lcd.o(i.lcd_show_humidity)
    i.lcd_show_mid_num                       0x08001a18   Section        0  lcd.o(i.lcd_show_mid_num)
    i.lcd_show_temperature                   0x080022d4   Section        0  lcd.o(i.lcd_show_temperature)
    i.lcd_update                             0x0800285c   Section        0  lcd.o(i.lcd_update)
    i.led_W_pwm                              0x08002b34   Section        0  time.o(i.led_W_pwm)
    i.led_control                            0x08002bcc   Section        0  led.o(i.led_control)
    i.lptim2_init                            0x08002c3c   Section        0  time.o(i.lptim2_init)
    i.main                                   0x08002cec   Section        0  main.o(i.main)
    i.set_led_flash_mode                     0x08002d44   Section        0  led.o(i.set_led_flash_mode)
    i.std_adc_clear_flag                     0x08002db0   Section        0  adc.o(i.std_adc_clear_flag)
    std_adc_clear_flag                       0x08002db1   Thumb Code     6  adc.o(i.std_adc_clear_flag)
    i.std_adc_fix_sequence_channel_disable   0x08002dbc   Section        0  adc.o(i.std_adc_fix_sequence_channel_disable)
    std_adc_fix_sequence_channel_disable     0x08002dbd   Thumb Code    12  adc.o(i.std_adc_fix_sequence_channel_disable)
    i.std_adc_fix_sequence_channel_enable    0x08002dcc   Section        0  adc.o(i.std_adc_fix_sequence_channel_enable)
    std_adc_fix_sequence_channel_enable      0x08002dcd   Thumb Code    12  adc.o(i.std_adc_fix_sequence_channel_enable)
    i.std_adc_get_conversion_status          0x08002ddc   Section        0  adc.o(i.std_adc_get_conversion_status)
    std_adc_get_conversion_status            0x08002ddd   Thumb Code    12  adc.o(i.std_adc_get_conversion_status)
    i.std_adc_get_flag                       0x08002dec   Section        0  adc.o(i.std_adc_get_flag)
    std_adc_get_flag                         0x08002ded   Thumb Code    20  adc.o(i.std_adc_get_flag)
    i.std_adc_init                           0x08002e04   Section        0  ciu32l051_std_adc.o(i.std_adc_init)
    i.std_adc_trig_edge_config               0x08002ec4   Section        0  ciu32l051_std_adc.o(i.std_adc_trig_edge_config)
    std_adc_trig_edge_config                 0x08002ec5   Thumb Code    18  ciu32l051_std_adc.o(i.std_adc_trig_edge_config)
    i.std_delay_init                         0x08002edc   Section        0  ciu32l051_std.o(i.std_delay_init)
    i.std_delayms                            0x08002efc   Section        0  ciu32l051_std.o(i.std_delayms)
    i.std_delayus                            0x08002f14   Section        0  ciu32l051_std.o(i.std_delayus)
    i.std_exti_clear_pending                 0x08002f58   Section        0  gpio.o(i.std_exti_clear_pending)
    std_exti_clear_pending                   0x08002f59   Thumb Code    14  gpio.o(i.std_exti_clear_pending)
    i.std_exti_get_pending_status            0x08002f6c   Section        0  gpio.o(i.std_exti_get_pending_status)
    std_exti_get_pending_status              0x08002f6d   Thumb Code    28  gpio.o(i.std_exti_get_pending_status)
    i.std_flash_clear_flag                   0x08002f8c   Section        0  flash.o(i.std_flash_clear_flag)
    std_flash_clear_flag                     0x08002f8d   Thumb Code     6  flash.o(i.std_flash_clear_flag)
    i.std_flash_erase                        0x08002f98   Section        0  ciu32l051_std_flash.o(i.std_flash_erase)
    i.std_flash_page_erase                   0x08002ff4   Section        0  ciu32l051_std_flash.o(i.std_flash_page_erase)
    i.std_flash_set_erase_mode               0x08003004   Section        0  ciu32l051_std_flash.o(i.std_flash_set_erase_mode)
    std_flash_set_erase_mode                 0x08003005   Thumb Code    16  ciu32l051_std_flash.o(i.std_flash_set_erase_mode)
    i.std_flash_wait_for_last_operation      0x08003018   Section        0  ciu32l051_std_flash.o(i.std_flash_wait_for_last_operation)
    i.std_flash_word_program                 0x0800306c   Section        0  ciu32l051_std_flash.o(i.std_flash_word_program)
    i.std_gpio_get_input_pin                 0x080030b4   Section        0  time.o(i.std_gpio_get_input_pin)
    std_gpio_get_input_pin                   0x080030b5   Thumb Code    18  time.o(i.std_gpio_get_input_pin)
    i.std_gpio_init                          0x080030c6   Section        0  ciu32l051_std_gpio.o(i.std_gpio_init)
    i.std_gpio_reset_pin                     0x08003136   Section        0  gpio.o(i.std_gpio_reset_pin)
    std_gpio_reset_pin                       0x08003137   Thumb Code     4  gpio.o(i.std_gpio_reset_pin)
    i.std_gpio_reset_pin                     0x0800313a   Section        0  time.o(i.std_gpio_reset_pin)
    std_gpio_reset_pin                       0x0800313b   Thumb Code     4  time.o(i.std_gpio_reset_pin)
    i.std_gpio_reset_pin                     0x0800313e   Section        0  adc.o(i.std_gpio_reset_pin)
    std_gpio_reset_pin                       0x0800313f   Thumb Code     4  adc.o(i.std_gpio_reset_pin)
    i.std_gpio_reset_pin                     0x08003142   Section        0  app.o(i.std_gpio_reset_pin)
    std_gpio_reset_pin                       0x08003143   Thumb Code     4  app.o(i.std_gpio_reset_pin)
    i.std_gpio_reset_pin                     0x08003146   Section        0  i2c.o(i.std_gpio_reset_pin)
    std_gpio_reset_pin                       0x08003147   Thumb Code     4  i2c.o(i.std_gpio_reset_pin)
    i.std_gpio_reset_pin                     0x0800314a   Section        0  led.o(i.std_gpio_reset_pin)
    std_gpio_reset_pin                       0x0800314b   Thumb Code     4  led.o(i.std_gpio_reset_pin)
    i.std_gpio_reset_pin                     0x0800314e   Section        0  voice.o(i.std_gpio_reset_pin)
    std_gpio_reset_pin                       0x0800314f   Thumb Code     4  voice.o(i.std_gpio_reset_pin)
    i.std_gpio_set_afpin_0_7                 0x08003152   Section        0  ciu32l051_std_gpio.o(i.std_gpio_set_afpin_0_7)
    std_gpio_set_afpin_0_7                   0x08003153   Thumb Code    36  ciu32l051_std_gpio.o(i.std_gpio_set_afpin_0_7)
    i.std_gpio_set_afpin_8_15                0x08003176   Section        0  ciu32l051_std_gpio.o(i.std_gpio_set_afpin_8_15)
    std_gpio_set_afpin_8_15                  0x08003177   Thumb Code    42  ciu32l051_std_gpio.o(i.std_gpio_set_afpin_8_15)
    i.std_gpio_set_pin                       0x080031a0   Section        0  time.o(i.std_gpio_set_pin)
    std_gpio_set_pin                         0x080031a1   Thumb Code     4  time.o(i.std_gpio_set_pin)
    i.std_gpio_set_pin                       0x080031a4   Section        0  adc.o(i.std_gpio_set_pin)
    std_gpio_set_pin                         0x080031a5   Thumb Code     4  adc.o(i.std_gpio_set_pin)
    i.std_gpio_set_pin                       0x080031a8   Section        0  app.o(i.std_gpio_set_pin)
    std_gpio_set_pin                         0x080031a9   Thumb Code     4  app.o(i.std_gpio_set_pin)
    i.std_gpio_set_pin                       0x080031ac   Section        0  i2c.o(i.std_gpio_set_pin)
    std_gpio_set_pin                         0x080031ad   Thumb Code     4  i2c.o(i.std_gpio_set_pin)
    i.std_gpio_set_pin                       0x080031b0   Section        0  voice.o(i.std_gpio_set_pin)
    std_gpio_set_pin                         0x080031b1   Thumb Code     4  voice.o(i.std_gpio_set_pin)
    i.std_gpio_set_pin_mode                  0x080031b4   Section        0  ciu32l051_std_gpio.o(i.std_gpio_set_pin_mode)
    std_gpio_set_pin_mode                    0x080031b5   Thumb Code    26  ciu32l051_std_gpio.o(i.std_gpio_set_pin_mode)
    i.std_gpio_set_pin_output_type           0x080031ce   Section        0  ciu32l051_std_gpio.o(i.std_gpio_set_pin_output_type)
    std_gpio_set_pin_output_type             0x080031cf   Thumb Code    16  ciu32l051_std_gpio.o(i.std_gpio_set_pin_output_type)
    i.std_gpio_set_pin_pull                  0x080031de   Section        0  ciu32l051_std_gpio.o(i.std_gpio_set_pin_pull)
    std_gpio_set_pin_pull                    0x080031df   Thumb Code    26  ciu32l051_std_gpio.o(i.std_gpio_set_pin_pull)
    i.std_gpio_toggle_pin                    0x080031f8   Section        0  led.o(i.std_gpio_toggle_pin)
    std_gpio_toggle_pin                      0x080031f9   Thumb Code     8  led.o(i.std_gpio_toggle_pin)
    i.std_lcd_disable                        0x08003200   Section        0  ciu32l051_std_lcd.o(i.std_lcd_disable)
    std_lcd_disable                          0x08003201   Thumb Code    14  ciu32l051_std_lcd.o(i.std_lcd_disable)
    i.std_lcd_get_flag                       0x08003214   Section        0  ciu32l051_std_lcd.o(i.std_lcd_get_flag)
    std_lcd_get_flag                         0x08003215   Thumb Code    20  ciu32l051_std_lcd.o(i.std_lcd_get_flag)
    i.std_lcd_init                           0x0800322c   Section        0  ciu32l051_std_lcd.o(i.std_lcd_init)
    i.std_lcd_write                          0x0800329c   Section        0  lcd.o(i.std_lcd_write)
    std_lcd_write                            0x0800329d   Thumb Code    22  lcd.o(i.std_lcd_write)
    i.std_rcc_apb1_clk_enable                0x080032b8   Section        0  time.o(i.std_rcc_apb1_clk_enable)
    std_rcc_apb1_clk_enable                  0x080032b9   Thumb Code    18  time.o(i.std_rcc_apb1_clk_enable)
    i.std_rcc_apb1_clk_enable                0x080032d0   Section        0  lcd.o(i.std_rcc_apb1_clk_enable)
    std_rcc_apb1_clk_enable                  0x080032d1   Thumb Code    18  lcd.o(i.std_rcc_apb1_clk_enable)
    i.std_tim_clear_flag                     0x080032e8   Section        0  time.o(i.std_tim_clear_flag)
    std_tim_clear_flag                       0x080032e9   Thumb Code     6  time.o(i.std_tim_clear_flag)
    i.std_tim_enable                         0x080032ee   Section        0  time.o(i.std_tim_enable)
    std_tim_enable                           0x080032ef   Thumb Code    10  time.o(i.std_tim_enable)
    i.std_tim_get_flag                       0x080032f8   Section        0  time.o(i.std_tim_get_flag)
    std_tim_get_flag                         0x080032f9   Thumb Code    18  time.o(i.std_tim_get_flag)
    i.std_tim_get_interrupt_enable           0x0800330a   Section        0  time.o(i.std_tim_get_interrupt_enable)
    std_tim_get_interrupt_enable             0x0800330b   Thumb Code    18  time.o(i.std_tim_get_interrupt_enable)
    i.std_tim_init                           0x0800331c   Section        0  ciu32l051_std_tim.o(i.std_tim_init)
    i.std_tim_interrupt_enable               0x08003368   Section        0  time.o(i.std_tim_interrupt_enable)
    std_tim_interrupt_enable                 0x08003369   Thumb Code     8  time.o(i.std_tim_interrupt_enable)
    i.system_clock_config                    0x08003370   Section        0  gpio.o(i.system_clock_config)
    i.tim3_init                              0x08003394   Section        0  time.o(i.tim3_init)
    i.tim8_init                              0x080033f8   Section        0  time.o(i.tim8_init)
    i.time_control                           0x0800345c   Section        0  time.o(i.time_control)
    i.value_convert                          0x08003858   Section        0  app.o(i.value_convert)
    i.vbgr_init                              0x0800394c   Section        0  adc.o(i.vbgr_init)
    i.voice_send                             0x08003988   Section        0  voice.o(i.voice_send)
    .constdata                               0x08003aa8   Section       64  system_ciu32l051.o(.constdata)
    .data                                    0x20000000   Section       25  time.o(.data)
    .data                                    0x2000001c   Section       28  adc.o(.data)
    .data                                    0x20000038   Section       36  app.o(.data)
    .data                                    0x2000005c   Section        2  i2c.o(.data)
    .data                                    0x20000060   Section       42  lcd.o(.data)
    .data                                    0x2000008a   Section        3  led.o(.data)
    .data                                    0x2000008d   Section        2  voice.o(.data)
    .data                                    0x20000090   Section        4  system_ciu32l051.o(.data)
    .bss                                     0x20000094   Section      128  flash.o(.bss)
    STACK                                    0x20000118   Section     1024  startup_ciu32l051.o(STACK)

    Global Symbols

    Symbol Name                              Value     Ov Type        Size  Object(Section)

    BuildAttributes$$THM_ISAv3M$S$PE$A:L22$X:L11$S22$IEEE1$IW$USESV6$~STKCKD$USESV7$~SHL$OSPACE$EBA8$MICROLIB$REQ8$PRES8$EABIv2 0x00000000   Number         0  anon$$obj.o ABSOLUTE
    __ARM_use_no_argv                        0x00000000   Number         0  main.o ABSOLUTE
    __arm_fini_                               - Undefined Weak Reference
    __cpp_initialize__aeabi_                  - Undefined Weak Reference
    __cxa_finalize                            - Undefined Weak Reference
    __decompress                              - Undefined Weak Reference
    _clock_init                               - Undefined Weak Reference
    _microlib_exit                            - Undefined Weak Reference
    __vectors_Size                           0x000000c0   Number         0  startup_ciu32l051.o ABSOLUTE
    __vector_table                           0x08000000   Data           4  startup_ciu32l051.o(RESET)
    __main                                   0x080000c1   Thumb Code     0  entry.o(.ARM.Collect$$$$00000000)
    __vectors_End                            0x080000c0   Data           0  startup_ciu32l051.o(RESET)
    _main_stk                                0x080000c1   Thumb Code     0  entry2.o(.ARM.Collect$$$$00000001)
    _main_scatterload                        0x080000c5   Thumb Code     0  entry5.o(.ARM.Collect$$$$00000004)
    __main_after_scatterload                 0x080000c9   Thumb Code     0  entry5.o(.ARM.Collect$$$$00000004)
    _main_clock                              0x080000c9   Thumb Code     0  entry7b.o(.ARM.Collect$$$$00000008)
    _main_cpp_init                           0x080000c9   Thumb Code     0  entry8b.o(.ARM.Collect$$$$0000000A)
    _main_init                               0x080000c9   Thumb Code     0  entry9a.o(.ARM.Collect$$$$0000000B)
    __rt_lib_shutdown_fini                   0x080000d1   Thumb Code     0  entry12b.o(.ARM.Collect$$$$0000000E)
    __rt_final_cpp                           0x080000d5   Thumb Code     0  entry10a.o(.ARM.Collect$$$$0000000F)
    __rt_final_exit                          0x080000d5   Thumb Code     0  entry11a.o(.ARM.Collect$$$$00000011)
    Reset_Handler                            0x080000d9   Thumb Code     8  startup_ciu32l051.o(.text)
    NMI_Handler                              0x080000e1   Thumb Code     2  startup_ciu32l051.o(.text)
    HardFault_Handler                        0x080000e3   Thumb Code     2  startup_ciu32l051.o(.text)
    SVC_Handler                              0x080000e5   Thumb Code     2  startup_ciu32l051.o(.text)
    PendSV_Handler                           0x080000e7   Thumb Code     2  startup_ciu32l051.o(.text)
    SysTick_Handler                          0x080000e9   Thumb Code     2  startup_ciu32l051.o(.text)
    ADC_COMP_IRQHandler                      0x080000eb   Thumb Code     0  startup_ciu32l051.o(.text)
    AES_IRQHandler                           0x080000eb   Thumb Code     0  startup_ciu32l051.o(.text)
    DMA_Channel0_IRQHandler                  0x080000eb   Thumb Code     0  startup_ciu32l051.o(.text)
    DMA_Channel1_IRQHandler                  0x080000eb   Thumb Code     0  startup_ciu32l051.o(.text)
    EXTI0_1_IRQHandler                       0x080000eb   Thumb Code     0  startup_ciu32l051.o(.text)
    EXTI2_3_IRQHandler                       0x080000eb   Thumb Code     0  startup_ciu32l051.o(.text)
    FLASH_IRQHandler                         0x080000eb   Thumb Code     0  startup_ciu32l051.o(.text)
    I2C1_IRQHandler                          0x080000eb   Thumb Code     0  startup_ciu32l051.o(.text)
    LCD_IRQHandler                           0x080000eb   Thumb Code     0  startup_ciu32l051.o(.text)
    LPTIM1_IRQHandler                        0x080000eb   Thumb Code     0  startup_ciu32l051.o(.text)
    LPUART1_IRQHandler                       0x080000eb   Thumb Code     0  startup_ciu32l051.o(.text)
    LPUART2_IRQHandler                       0x080000eb   Thumb Code     0  startup_ciu32l051.o(.text)
    PVD_IRQHandler                           0x080000eb   Thumb Code     0  startup_ciu32l051.o(.text)
    RCC_IRQHandler                           0x080000eb   Thumb Code     0  startup_ciu32l051.o(.text)
    RTC_TAMP_IRQHandler                      0x080000eb   Thumb Code     0  startup_ciu32l051.o(.text)
    SPI1_IRQHandler                          0x080000eb   Thumb Code     0  startup_ciu32l051.o(.text)
    SPI2_IRQHandler                          0x080000eb   Thumb Code     0  startup_ciu32l051.o(.text)
    TIM4_IRQHandler                          0x080000eb   Thumb Code     0  startup_ciu32l051.o(.text)
    TIM5_IRQHandler                          0x080000eb   Thumb Code     0  startup_ciu32l051.o(.text)
    TRNG_IRQHandler                          0x080000eb   Thumb Code     0  startup_ciu32l051.o(.text)
    UART2_IRQHandler                         0x080000eb   Thumb Code     0  startup_ciu32l051.o(.text)
    UART3_4_IRQHandler                       0x080000eb   Thumb Code     0  startup_ciu32l051.o(.text)
    USART1_IRQHandler                        0x080000eb   Thumb Code     0  startup_ciu32l051.o(.text)
    WWDG_IRQHandler                          0x080000eb   Thumb Code     0  startup_ciu32l051.o(.text)
    __aeabi_uidiv                            0x080000f5   Thumb Code     0  uidiv.o(.text)
    __aeabi_uidivmod                         0x080000f5   Thumb Code    44  uidiv.o(.text)
    __aeabi_idiv                             0x08000121   Thumb Code     0  idiv.o(.text)
    __aeabi_idivmod                          0x08000121   Thumb Code    40  idiv.o(.text)
    __aeabi_uldivmod                         0x08000149   Thumb Code    96  uldiv.o(.text)
    __aeabi_lmul                             0x080001a9   Thumb Code   122  llmul.o(.text)
    _ll_mul                                  0x080001a9   Thumb Code     0  llmul.o(.text)
    __aeabi_memset                           0x08000223   Thumb Code    14  memseta.o(.text)
    __aeabi_memset4                          0x08000223   Thumb Code     0  memseta.o(.text)
    __aeabi_memset8                          0x08000223   Thumb Code     0  memseta.o(.text)
    __aeabi_memclr                           0x08000231   Thumb Code     4  memseta.o(.text)
    __aeabi_memclr4                          0x08000231   Thumb Code     0  memseta.o(.text)
    __aeabi_memclr8                          0x08000231   Thumb Code     0  memseta.o(.text)
    _memset$wrapper                          0x08000235   Thumb Code    18  memseta.o(.text)
    __aeabi_llsl                             0x08000247   Thumb Code    32  llshl.o(.text)
    _ll_shift_l                              0x08000247   Thumb Code     0  llshl.o(.text)
    __aeabi_llsr                             0x08000267   Thumb Code    34  llushr.o(.text)
    _ll_ushift_r                             0x08000267   Thumb Code     0  llushr.o(.text)
    __scatterload                            0x08000289   Thumb Code    28  init.o(.text)
    __scatterload_rt2                        0x08000289   Thumb Code     0  init.o(.text)
    EXTI4_15_IRQHandler                      0x080002ad   Thumb Code    40  gpio.o(i.EXTI4_15_IRQHandler)
    GXHTC3_read                              0x080002d9   Thumb Code   530  i2c.o(i.GXHTC3_read)
    IIC_Ack                                  0x08000501   Thumb Code    52  i2c.o(i.IIC_Ack)
    IIC_NAck                                 0x08000539   Thumb Code    52  i2c.o(i.IIC_NAck)
    IIC_Read_Byte                            0x08000571   Thumb Code    80  i2c.o(i.IIC_Read_Byte)
    IIC_Send_Byte                            0x080005c5   Thumb Code    96  i2c.o(i.IIC_Send_Byte)
    IIC_Start                                0x08000629   Thumb Code    58  i2c.o(i.IIC_Start)
    IIC_Stop                                 0x08000669   Thumb Code    58  i2c.o(i.IIC_Stop)
    IIC_Wait_Ack                             0x080006a9   Thumb Code    44  i2c.o(i.IIC_Wait_Ack)
    LPTIM2_IRQHandler                        0x080006d9   Thumb Code    62  time.o(i.LPTIM2_IRQHandler)
    SDA_IN                                   0x0800071d   Thumb Code    32  i2c.o(i.SDA_IN)
    SDA_OUT                                  0x08000741   Thumb Code    34  i2c.o(i.SDA_OUT)
    SystemCoreClockUpdate                    0x08000769   Thumb Code   230  system_ciu32l051.o(i.SystemCoreClockUpdate)
    SystemInit                               0x08000865   Thumb Code    14  system_ciu32l051.o(i.SystemInit)
    TIM3_IRQHandler                          0x08000885   Thumb Code    40  time.o(i.TIM3_IRQHandler)
    TIM8_IRQHandler                          0x080008b1   Thumb Code    42  time.o(i.TIM8_IRQHandler)
    __ARM_common_ll_muluu                    0x080008e5   Thumb Code    48  adc.o(i.__ARM_common_ll_muluu)
    __ARM_common_switch8                     0x08000915   Thumb Code    28  app.o(i.__ARM_common_switch8)
    __scatterload_copy                       0x080009c1   Thumb Code    14  handlers.o(i.__scatterload_copy)
    __scatterload_null                       0x080009cf   Thumb Code     2  handlers.o(i.__scatterload_null)
    __scatterload_zeroinit                   0x080009d1   Thumb Code    14  handlers.o(i.__scatterload_zeroinit)
    adc_init                                 0x080009e1   Thumb Code   192  adc.o(i.adc_init)
    adc_update                               0x08000aad   Thumb Code   186  adc.o(i.adc_update)
    app_proc                                 0x08000b89   Thumb Code  1304  app.o(i.app_proc)
    bat_control                              0x080010bd   Thumb Code    48  app.o(i.bat_control)
    bsp_get_channel_voltage                  0x080010f9   Thumb Code    94  adc.o(i.bsp_get_channel_voltage)
    bsp_get_single_channel_sample_value      0x08001165   Thumb Code    76  adc.o(i.bsp_get_single_channel_sample_value)
    bsp_get_vbgr_channel_sample_value        0x080011b5   Thumb Code    78  adc.o(i.bsp_get_vbgr_channel_sample_value)
    flash_init                               0x08001209   Thumb Code   132  flash.o(i.flash_init)
    flash_write                              0x080012b1   Thumb Code   104  flash.o(i.flash_write)
    gpio_init                                0x0800132d   Thumb Code   314  gpio.o(i.gpio_init)
    lcd_clock_config                         0x0800147d   Thumb Code    88  lcd.o(i.lcd_clock_config)
    lcd_init                                 0x080014dd   Thumb Code   174  lcd.o(i.lcd_init)
    lcd_show_all                             0x08001591   Thumb Code   116  lcd.o(i.lcd_show_all)
    lcd_show_dash                            0x08001619   Thumb Code   160  lcd.o(i.lcd_show_dash)
    lcd_show_humidity                        0x080016c9   Thumb Code   820  lcd.o(i.lcd_show_humidity)
    lcd_show_mid_num                         0x08001a19   Thumb Code  2216  lcd.o(i.lcd_show_mid_num)
    lcd_show_temperature                     0x080022d5   Thumb Code  1400  lcd.o(i.lcd_show_temperature)
    lcd_update                               0x0800285d   Thumb Code   642  lcd.o(i.lcd_update)
    led_W_pwm                                0x08002b35   Thumb Code   116  time.o(i.led_W_pwm)
    led_control                              0x08002bcd   Thumb Code    98  led.o(i.led_control)
    lptim2_init                              0x08002c3d   Thumb Code   162  time.o(i.lptim2_init)
    main                                     0x08002ced   Thumb Code    80  main.o(i.main)
    set_led_flash_mode                       0x08002d45   Thumb Code    96  led.o(i.set_led_flash_mode)
    std_adc_init                             0x08002e05   Thumb Code   188  ciu32l051_std_adc.o(i.std_adc_init)
    std_delay_init                           0x08002edd   Thumb Code    26  ciu32l051_std.o(i.std_delay_init)
    std_delayms                              0x08002efd   Thumb Code    24  ciu32l051_std.o(i.std_delayms)
    std_delayus                              0x08002f15   Thumb Code    56  ciu32l051_std.o(i.std_delayus)
    std_flash_erase                          0x08002f99   Thumb Code    88  ciu32l051_std_flash.o(i.std_flash_erase)
    std_flash_page_erase                     0x08002ff5   Thumb Code    14  ciu32l051_std_flash.o(i.std_flash_page_erase)
    std_flash_wait_for_last_operation        0x08003019   Thumb Code    76  ciu32l051_std_flash.o(i.std_flash_wait_for_last_operation)
    std_flash_word_program                   0x0800306d   Thumb Code    66  ciu32l051_std_flash.o(i.std_flash_word_program)
    std_gpio_init                            0x080030c7   Thumb Code   112  ciu32l051_std_gpio.o(i.std_gpio_init)
    std_lcd_init                             0x0800322d   Thumb Code    98  ciu32l051_std_lcd.o(i.std_lcd_init)
    std_tim_init                             0x0800331d   Thumb Code    72  ciu32l051_std_tim.o(i.std_tim_init)
    system_clock_config                      0x08003371   Thumb Code    30  gpio.o(i.system_clock_config)
    tim3_init                                0x08003395   Thumb Code    86  time.o(i.tim3_init)
    tim8_init                                0x080033f9   Thumb Code    86  time.o(i.tim8_init)
    time_control                             0x0800345d   Thumb Code   920  time.o(i.time_control)
    value_convert                            0x08003859   Thumb Code   210  app.o(i.value_convert)
    vbgr_init                                0x0800394d   Thumb Code    50  adc.o(i.vbgr_init)
    voice_send                               0x08003989   Thumb Code   276  voice.o(i.voice_send)
    g_ahb_divider_table                      0x08003aa8   Data          32  system_ciu32l051.o(.constdata)
    g_apb_divider_table                      0x08003ac8   Data          32  system_ciu32l051.o(.constdata)
    Region$$Table$$Base                      0x08003ae8   Number         0  anon$$obj.o(Region$$Table)
    Region$$Table$$Limit                     0x08003b08   Number         0  anon$$obj.o(Region$$Table)
    app_wait                                 0x20000000   Data           4  time.o(.data)
    time_10ms_flag                           0x20000004   Data           1  time.o(.data)
    time_1s_count                            0x20000006   Data           2  time.o(.data)
    time_5s_count                            0x20000008   Data           1  time.o(.data)
    time_5s_count_buffer                     0x20000009   Data           1  time.o(.data)
    led_key_wakeup                           0x2000000a   Data           1  time.o(.data)
    low_power_count                          0x2000000c   Data           4  time.o(.data)
    ppm_100_count                            0x20000010   Data           1  time.o(.data)
    time_100s_count                          0x20000011   Data           1  time.o(.data)
    key_led_count                            0x20000012   Data           1  time.o(.data)
    key_test_count                           0x20000014   Data           2  time.o(.data)
    key_test_flag                            0x20000016   Data           1  time.o(.data)
    W_duty                                   0x20000017   Data           1  time.o(.data)
    W_duty_count                             0x20000018   Data           1  time.o(.data)
    adc_co                                   0x2000001c   Data           4  adc.o(.data)
    adc_bat                                  0x20000020   Data           4  adc.o(.data)
    adc_smoke_0                              0x20000024   Data           4  adc.o(.data)
    adc_smoke_1                              0x20000028   Data           4  adc.o(.data)
    adc_smoke_abs                            0x2000002c   Data           4  adc.o(.data)
    adc_somke_count                          0x20000030   Data           1  adc.o(.data)
    adc_somke_avg                            0x20000034   Data           4  adc.o(.data)
    app_status                               0x20000038   Data           1  app.o(.data)
    app_buffer                               0x20000039   Data           1  app.o(.data)
    app_step                                 0x2000003a   Data           1  app.o(.data)
    app_temp                                 0x2000003b   Data           1  app.o(.data)
    tttttttt                                 0x2000003c   Data           2  app.o(.data)
    not_set_zero                             0x2000003e   Data           1  app.o(.data)
    ppm_co                                   0x20000040   Data           4  app.o(.data)
    dbm_somke                                0x20000044   Data           4  app.o(.data)
    count_somke                              0x20000048   Data           1  app.o(.data)
    adc_co_zero                              0x2000004c   Data           4  app.o(.data)
    adc_co_cal                               0x20000050   Data           4  app.o(.data)
    adc_smoke_zero                           0x20000054   Data           4  app.o(.data)
    devices_have_co                          0x20000058   Data           1  app.o(.data)
    devices_have_smoke                       0x20000059   Data           1  app.o(.data)
    bat_status                               0x2000005a   Data           1  app.o(.data)
    bat_buffer                               0x2000005b   Data           1  app.o(.data)
    I2C_count                                0x2000005c   Data           1  i2c.o(.data)
    temperature_F                            0x2000005d   Data           1  i2c.o(.data)
    mid_num                                  0x20000060   Data           4  lcd.o(.data)
    temperature                              0x20000064   Data           4  lcd.o(.data)
    temperature_low                          0x20000068   Data           1  lcd.o(.data)
    humidity                                 0x2000006c   Data           4  lcd.o(.data)
    f_all_zero                               0x20000070   Data           1  lcd.o(.data)
    com1                                     0x20000074   Data           4  lcd.o(.data)
    com2                                     0x20000078   Data           4  lcd.o(.data)
    com3                                     0x2000007c   Data           4  lcd.o(.data)
    com4                                     0x20000080   Data           4  lcd.o(.data)
    com5                                     0x20000084   Data           4  lcd.o(.data)
    lcd_switch                               0x20000088   Data           1  lcd.o(.data)
    lcd_bat_count                            0x20000089   Data           1  lcd.o(.data)
    led_flash_count                          0x2000008a   Data           2  led.o(.data)
    led_flash_mode                           0x2000008c   Data           1  led.o(.data)
    last_voice                               0x2000008d   Data           1  voice.o(.data)
    voice_mute_countdown                     0x2000008e   Data           1  voice.o(.data)
    SystemCoreClock                          0x20000090   Data           4  system_ciu32l051.o(.data)
    buffer                                   0x20000094   Data         128  flash.o(.bss)
    __initial_sp                             0x20000518   Data           0  startup_ciu32l051.o(STACK)



==============================================================================

Memory Map of the image

  Image Entry point : 0x080000c1

  Load Region LR_IROM1 (Base: 0x08000000, Size: 0x00003b9c, Max: 0x00010000, ABSOLUTE)

    Execution Region ER_IROM1 (Exec base: 0x08000000, Load base: 0x08000000, Size: 0x00003b08, Max: 0x00010000, ABSOLUTE)

    Exec Addr    Load Addr    Size         Type   Attr      Idx    E Section Name        Object

    0x08000000   0x08000000   0x000000c0   Data   RO         2038    RESET               startup_ciu32l051.o
    0x080000c0   0x080000c0   0x00000000   Code   RO         2043  * .ARM.Collect$$$$00000000  mc_p.l(entry.o)
    0x080000c0   0x080000c0   0x00000004   Code   RO         2056    .ARM.Collect$$$$00000001  mc_p.l(entry2.o)
    0x080000c4   0x080000c4   0x00000004   Code   RO         2059    .ARM.Collect$$$$00000004  mc_p.l(entry5.o)
    0x080000c8   0x080000c8   0x00000000   Code   RO         2061    .ARM.Collect$$$$00000008  mc_p.l(entry7b.o)
    0x080000c8   0x080000c8   0x00000000   Code   RO         2063    .ARM.Collect$$$$0000000A  mc_p.l(entry8b.o)
    0x080000c8   0x080000c8   0x00000008   Code   RO         2064    .ARM.Collect$$$$0000000B  mc_p.l(entry9a.o)
    0x080000d0   0x080000d0   0x00000004   Code   RO         2071    .ARM.Collect$$$$0000000E  mc_p.l(entry12b.o)
    0x080000d4   0x080000d4   0x00000000   Code   RO         2066    .ARM.Collect$$$$0000000F  mc_p.l(entry10a.o)
    0x080000d4   0x080000d4   0x00000000   Code   RO         2068    .ARM.Collect$$$$00000011  mc_p.l(entry11a.o)
    0x080000d4   0x080000d4   0x00000004   Code   RO         2057    .ARM.Collect$$$$00002712  mc_p.l(entry2.o)
    0x080000d8   0x080000d8   0x0000001c   Code   RO         2039    .text               startup_ciu32l051.o
    0x080000f4   0x080000f4   0x0000002c   Code   RO         2046    .text               mc_p.l(uidiv.o)
    0x08000120   0x08000120   0x00000028   Code   RO         2048    .text               mc_p.l(idiv.o)
    0x08000148   0x08000148   0x00000060   Code   RO         2050    .text               mc_p.l(uldiv.o)
    0x080001a8   0x080001a8   0x0000007a   Code   RO         2052    .text               mc_p.l(llmul.o)
    0x08000222   0x08000222   0x00000024   Code   RO         2054    .text               mc_p.l(memseta.o)
    0x08000246   0x08000246   0x00000020   Code   RO         2072    .text               mc_p.l(llshl.o)
    0x08000266   0x08000266   0x00000022   Code   RO         2074    .text               mc_p.l(llushr.o)
    0x08000288   0x08000288   0x00000024   Code   RO         2076    .text               mc_p.l(init.o)
    0x080002ac   0x080002ac   0x0000002c   Code   RO            3    i.EXTI4_15_IRQHandler  gpio.o
    0x080002d8   0x080002d8   0x00000228   Code   RO          654    i.GXHTC3_read       i2c.o
    0x08000500   0x08000500   0x00000038   Code   RO          656    i.IIC_Ack           i2c.o
    0x08000538   0x08000538   0x00000038   Code   RO          657    i.IIC_NAck          i2c.o
    0x08000570   0x08000570   0x00000054   Code   RO          658    i.IIC_Read_Byte     i2c.o
    0x080005c4   0x080005c4   0x00000064   Code   RO          659    i.IIC_Send_Byte     i2c.o
    0x08000628   0x08000628   0x00000040   Code   RO          660    i.IIC_Start         i2c.o
    0x08000668   0x08000668   0x00000040   Code   RO          661    i.IIC_Stop          i2c.o
    0x080006a8   0x080006a8   0x00000030   Code   RO          662    i.IIC_Wait_Ack      i2c.o
    0x080006d8   0x080006d8   0x00000044   Code   RO          290    i.LPTIM2_IRQHandler  time.o
    0x0800071c   0x0800071c   0x00000024   Code   RO          663    i.SDA_IN            i2c.o
    0x08000740   0x08000740   0x00000028   Code   RO          664    i.SDA_OUT           i2c.o
    0x08000768   0x08000768   0x000000fc   Code   RO         2004    i.SystemCoreClockUpdate  system_ciu32l051.o
    0x08000864   0x08000864   0x00000020   Code   RO         2005    i.SystemInit        system_ciu32l051.o
    0x08000884   0x08000884   0x0000002c   Code   RO          291    i.TIM3_IRQHandler   time.o
    0x080008b0   0x080008b0   0x00000034   Code   RO          292    i.TIM8_IRQHandler   time.o
    0x080008e4   0x080008e4   0x00000030   Code   RO          525    i.__ARM_common_ll_muluu  adc.o
    0x08000914   0x08000914   0x0000001c   Code   RO          594    i.__ARM_common_switch8  app.o
    0x08000930   0x08000930   0x00000018   Code   RO          293    i.__NVIC_EnableIRQ  time.o
    0x08000948   0x08000948   0x00000078   Code   RO          294    i.__NVIC_SetPriority  time.o
    0x080009c0   0x080009c0   0x0000000e   Code   RO         2080    i.__scatterload_copy  mc_p.l(handlers.o)
    0x080009ce   0x080009ce   0x00000002   Code   RO         2081    i.__scatterload_null  mc_p.l(handlers.o)
    0x080009d0   0x080009d0   0x0000000e   Code   RO         2082    i.__scatterload_zeroinit  mc_p.l(handlers.o)
    0x080009de   0x080009de   0x00000002   PAD
    0x080009e0   0x080009e0   0x000000cc   Code   RO          441    i.adc_init          adc.o
    0x08000aac   0x08000aac   0x000000dc   Code   RO          442    i.adc_update        adc.o
    0x08000b88   0x08000b88   0x00000534   Code   RO          547    i.app_proc          app.o
    0x080010bc   0x080010bc   0x0000003c   Code   RO          548    i.bat_control       app.o
    0x080010f8   0x080010f8   0x0000006c   Code   RO          443    i.bsp_get_channel_voltage  adc.o
    0x08001164   0x08001164   0x00000050   Code   RO          444    i.bsp_get_single_channel_sample_value  adc.o
    0x080011b4   0x080011b4   0x00000054   Code   RO          445    i.bsp_get_vbgr_channel_sample_value  adc.o
    0x08001208   0x08001208   0x000000a8   Code   RO          605    i.flash_init        flash.o
    0x080012b0   0x080012b0   0x0000007c   Code   RO          606    i.flash_write       flash.o
    0x0800132c   0x0800132c   0x00000150   Code   RO            5    i.gpio_init         gpio.o
    0x0800147c   0x0800147c   0x00000060   Code   RO          751    i.lcd_clock_config  lcd.o
    0x080014dc   0x080014dc   0x000000b4   Code   RO          752    i.lcd_init          lcd.o
    0x08001590   0x08001590   0x00000088   Code   RO          753    i.lcd_show_all      lcd.o
    0x08001618   0x08001618   0x000000b0   Code   RO          754    i.lcd_show_dash     lcd.o
    0x080016c8   0x080016c8   0x00000350   Code   RO          755    i.lcd_show_humidity  lcd.o
    0x08001a18   0x08001a18   0x000008bc   Code   RO          756    i.lcd_show_mid_num  lcd.o
    0x080022d4   0x080022d4   0x00000588   Code   RO          757    i.lcd_show_temperature  lcd.o
    0x0800285c   0x0800285c   0x000002d8   Code   RO          758    i.lcd_update        lcd.o
    0x08002b34   0x08002b34   0x00000098   Code   RO          296    i.led_W_pwm         time.o
    0x08002bcc   0x08002bcc   0x00000070   Code   RO          836    i.led_control       led.o
    0x08002c3c   0x08002c3c   0x000000b0   Code   RO          297    i.lptim2_init       time.o
    0x08002cec   0x08002cec   0x00000058   Code   RO          244    i.main              main.o
    0x08002d44   0x08002d44   0x0000006c   Code   RO          837    i.set_led_flash_mode  led.o
    0x08002db0   0x08002db0   0x0000000c   Code   RO          446    i.std_adc_clear_flag  adc.o
    0x08002dbc   0x08002dbc   0x00000010   Code   RO          447    i.std_adc_fix_sequence_channel_disable  adc.o
    0x08002dcc   0x08002dcc   0x00000010   Code   RO          448    i.std_adc_fix_sequence_channel_enable  adc.o
    0x08002ddc   0x08002ddc   0x00000010   Code   RO          449    i.std_adc_get_conversion_status  adc.o
    0x08002dec   0x08002dec   0x00000018   Code   RO          450    i.std_adc_get_flag  adc.o
    0x08002e04   0x08002e04   0x000000c0   Code   RO         1006    i.std_adc_init      ciu32l051_std_adc.o
    0x08002ec4   0x08002ec4   0x00000018   Code   RO         1008    i.std_adc_trig_edge_config  ciu32l051_std_adc.o
    0x08002edc   0x08002edc   0x00000020   Code   RO          954    i.std_delay_init    ciu32l051_std.o
    0x08002efc   0x08002efc   0x00000018   Code   RO          955    i.std_delayms       ciu32l051_std.o
    0x08002f14   0x08002f14   0x00000044   Code   RO          957    i.std_delayus       ciu32l051_std.o
    0x08002f58   0x08002f58   0x00000014   Code   RO            8    i.std_exti_clear_pending  gpio.o
    0x08002f6c   0x08002f6c   0x00000020   Code   RO            9    i.std_exti_get_pending_status  gpio.o
    0x08002f8c   0x08002f8c   0x0000000c   Code   RO          607    i.std_flash_clear_flag  flash.o
    0x08002f98   0x08002f98   0x0000005c   Code   RO         1262    i.std_flash_erase   ciu32l051_std_flash.o
    0x08002ff4   0x08002ff4   0x0000000e   Code   RO         1265    i.std_flash_page_erase  ciu32l051_std_flash.o
    0x08003002   0x08003002   0x00000002   PAD
    0x08003004   0x08003004   0x00000014   Code   RO         1266    i.std_flash_set_erase_mode  ciu32l051_std_flash.o
    0x08003018   0x08003018   0x00000054   Code   RO         1267    i.std_flash_wait_for_last_operation  ciu32l051_std_flash.o
    0x0800306c   0x0800306c   0x00000048   Code   RO         1268    i.std_flash_word_program  ciu32l051_std_flash.o
    0x080030b4   0x080030b4   0x00000012   Code   RO          298    i.std_gpio_get_input_pin  time.o
    0x080030c6   0x080030c6   0x00000070   Code   RO         1323    i.std_gpio_init     ciu32l051_std_gpio.o
    0x08003136   0x08003136   0x00000004   Code   RO           10    i.std_gpio_reset_pin  gpio.o
    0x0800313a   0x0800313a   0x00000004   Code   RO          299    i.std_gpio_reset_pin  time.o
    0x0800313e   0x0800313e   0x00000004   Code   RO          451    i.std_gpio_reset_pin  adc.o
    0x08003142   0x08003142   0x00000004   Code   RO          550    i.std_gpio_reset_pin  app.o
    0x08003146   0x08003146   0x00000004   Code   RO          665    i.std_gpio_reset_pin  i2c.o
    0x0800314a   0x0800314a   0x00000004   Code   RO          838    i.std_gpio_reset_pin  led.o
    0x0800314e   0x0800314e   0x00000004   Code   RO          916    i.std_gpio_reset_pin  voice.o
    0x08003152   0x08003152   0x00000024   Code   RO         1324    i.std_gpio_set_afpin_0_7  ciu32l051_std_gpio.o
    0x08003176   0x08003176   0x0000002a   Code   RO         1325    i.std_gpio_set_afpin_8_15  ciu32l051_std_gpio.o
    0x080031a0   0x080031a0   0x00000004   Code   RO          300    i.std_gpio_set_pin  time.o
    0x080031a4   0x080031a4   0x00000004   Code   RO          452    i.std_gpio_set_pin  adc.o
    0x080031a8   0x080031a8   0x00000004   Code   RO          551    i.std_gpio_set_pin  app.o
    0x080031ac   0x080031ac   0x00000004   Code   RO          666    i.std_gpio_set_pin  i2c.o
    0x080031b0   0x080031b0   0x00000004   Code   RO          917    i.std_gpio_set_pin  voice.o
    0x080031b4   0x080031b4   0x0000001a   Code   RO         1326    i.std_gpio_set_pin_mode  ciu32l051_std_gpio.o
    0x080031ce   0x080031ce   0x00000010   Code   RO         1327    i.std_gpio_set_pin_output_type  ciu32l051_std_gpio.o
    0x080031de   0x080031de   0x0000001a   Code   RO         1328    i.std_gpio_set_pin_pull  ciu32l051_std_gpio.o
    0x080031f8   0x080031f8   0x00000008   Code   RO          839    i.std_gpio_toggle_pin  led.o
    0x08003200   0x08003200   0x00000014   Code   RO         1425    i.std_lcd_disable   ciu32l051_std_lcd.o
    0x08003214   0x08003214   0x00000018   Code   RO         1426    i.std_lcd_get_flag  ciu32l051_std_lcd.o
    0x0800322c   0x0800322c   0x00000070   Code   RO         1427    i.std_lcd_init      ciu32l051_std_lcd.o
    0x0800329c   0x0800329c   0x0000001c   Code   RO          759    i.std_lcd_write     lcd.o
    0x080032b8   0x080032b8   0x00000018   Code   RO          301    i.std_rcc_apb1_clk_enable  time.o
    0x080032d0   0x080032d0   0x00000018   Code   RO          760    i.std_rcc_apb1_clk_enable  lcd.o
    0x080032e8   0x080032e8   0x00000006   Code   RO          302    i.std_tim_clear_flag  time.o
    0x080032ee   0x080032ee   0x0000000a   Code   RO          303    i.std_tim_enable    time.o
    0x080032f8   0x080032f8   0x00000012   Code   RO          304    i.std_tim_get_flag  time.o
    0x0800330a   0x0800330a   0x00000012   Code   RO          305    i.std_tim_get_interrupt_enable  time.o
    0x0800331c   0x0800331c   0x0000004c   Code   RO         1836    i.std_tim_init      ciu32l051_std_tim.o
    0x08003368   0x08003368   0x00000008   Code   RO          306    i.std_tim_interrupt_enable  time.o
    0x08003370   0x08003370   0x00000024   Code   RO           14    i.system_clock_config  gpio.o
    0x08003394   0x08003394   0x00000064   Code   RO          307    i.tim3_init         time.o
    0x080033f8   0x080033f8   0x00000064   Code   RO          308    i.tim8_init         time.o
    0x0800345c   0x0800345c   0x000003fc   Code   RO          309    i.time_control      time.o
    0x08003858   0x08003858   0x000000f4   Code   RO          552    i.value_convert     app.o
    0x0800394c   0x0800394c   0x0000003c   Code   RO          453    i.vbgr_init         adc.o
    0x08003988   0x08003988   0x00000120   Code   RO          918    i.voice_send        voice.o
    0x08003aa8   0x08003aa8   0x00000040   Data   RO         2006    .constdata          system_ciu32l051.o
    0x08003ae8   0x08003ae8   0x00000020   Data   RO         2078    Region$$Table       anon$$obj.o


    Execution Region RW_IRAM1 (Exec base: 0x20000000, Load base: 0x08003b08, Size: 0x00000518, Max: 0x00004000, ABSOLUTE)

    Exec Addr    Load Addr    Size         Type   Attr      Idx    E Section Name        Object

    0x20000000   0x08003b08   0x00000019   Data   RW          311    .data               time.o
    0x20000019   0x08003b21   0x00000003   PAD
    0x2000001c   0x08003b24   0x0000001c   Data   RW          455    .data               adc.o
    0x20000038   0x08003b40   0x00000024   Data   RW          554    .data               app.o
    0x2000005c   0x08003b64   0x00000002   Data   RW          668    .data               i2c.o
    0x2000005e   0x08003b66   0x00000002   PAD
    0x20000060   0x08003b68   0x0000002a   Data   RW          762    .data               lcd.o
    0x2000008a   0x08003b92   0x00000003   Data   RW          841    .data               led.o
    0x2000008d   0x08003b95   0x00000002   Data   RW          920    .data               voice.o
    0x2000008f   0x08003b97   0x00000001   PAD
    0x20000090   0x08003b98   0x00000004   Data   RW         2007    .data               system_ciu32l051.o
    0x20000094        -       0x00000080   Zero   RW          608    .bss                flash.o
    0x20000114   0x08003b9c   0x00000004   PAD
    0x20000118        -       0x00000400   Zero   RW         2036    STACK               startup_ciu32l051.o


==============================================================================

Image component sizes


      Code (inc. data)   RO Data    RW Data    ZI Data      Debug   Object Name

       896        102          0         28          0      39949   adc.o
      1672        178          0         36          0       4417   app.o
       124         18          0          0          0       1777   ciu32l051_std.o
       216         10          0          0          0      10547   ciu32l051_std_adc.o
       282         22          0          0          0       8018   ciu32l051_std_flash.o
       258          0          0          0          0       8892   ciu32l051_std_gpio.o
       156         24          0          0          0      10487   ciu32l051_std_lcd.o
        76          4          0          0          0      13639   ciu32l051_std_tim.o
       304         62          0          0        128       6580   flash.o
       472         42          0          0          0     211000   gpio.o
      1108         64          0          2          0       6978   i2c.o
      5868        400          0         42          0      32196   lcd.o
       232         26          0          3          0       7292   led.o
        88          8          0          0          0       5347   main.o
        28          8        192          0       1024        636   startup_ciu32l051.o
       284         40         64          4          0       2560   system_ciu32l051.o
      1966        220          0         25          0      62340   time.o
       296         12          0          2          0       2171   voice.o

    ----------------------------------------------------------------------
     14328       1240        288        148       1156     434826   Object Totals
         0          0         32          0          0          0   (incl. Generated)
         2          0          0          6          4          0   (incl. Padding)

    ----------------------------------------------------------------------

      Code (inc. data)   RO Data    RW Data    ZI Data      Debug   Library Member Name

         0          0          0          0          0          0   entry.o
         0          0          0          0          0          0   entry10a.o
         0          0          0          0          0          0   entry11a.o
         4          0          0          0          0          0   entry12b.o
         8          4          0          0          0          0   entry2.o
         4          0          0          0          0          0   entry5.o
         0          0          0          0          0          0   entry7b.o
         0          0          0          0          0          0   entry8b.o
         8          4          0          0          0          0   entry9a.o
        30          0          0          0          0          0   handlers.o
        40          0          0          0          0         72   idiv.o
        36          8          0          0          0         68   init.o
       122          0          0          0          0         84   llmul.o
        32          0          0          0          0         68   llshl.o
        34          0          0          0          0         68   llushr.o
        36          0          0          0          0        100   memseta.o
        44          0          0          0          0         72   uidiv.o
        96          0          0          0          0         84   uldiv.o

    ----------------------------------------------------------------------
       496         16          0          0          0        616   Library Totals
         2          0          0          0          0          0   (incl. Padding)

    ----------------------------------------------------------------------

      Code (inc. data)   RO Data    RW Data    ZI Data      Debug   Library Name

       494         16          0          0          0        616   mc_p.l

    ----------------------------------------------------------------------
       496         16          0          0          0        616   Library Totals

    ----------------------------------------------------------------------

==============================================================================


      Code (inc. data)   RO Data    RW Data    ZI Data      Debug   

     14824       1256        288        148       1156     431062   Grand Totals
     14824       1256        288        148       1156     431062   ELF Image Totals
     14824       1256        288        148          0          0   ROM Totals

==============================================================================

    Total RO  Size (Code + RO Data)                15112 (  14.76kB)
    Total RW  Size (RW Data + ZI Data)              1304 (   1.27kB)
    Total ROM Size (Code + RO Data + RW Data)      15260 (  14.90kB)

==============================================================================

