Component: ARM Compiler 5.06 update 7 (build 960) Tool: armlink [4d3601]

==============================================================================

Section Cross References

    main.o(i.main) refers to common.o(i.system_clock_config) for system_clock_config
    main.o(i.main) refers to ciu32l051_std.o(i.std_delay_init) for std_delay_init
    main.o(i.main) refers to common.o(i.gpio_init) for gpio_init
    main.o(i.main) refers to common.o(i.vrefbuf_init) for vrefbuf_init
    main.o(i.main) refers to common.o(i.timer3_init) for timer3_init
    main.o(i.main) refers to common.o(i.adc_init) for adc_init
    main.o(i.main) refers to common.o(i.dma_init) for dma_init
    main.o(i.main) refers to adc_bsp.o(i.bsp_adc_dma_config) for bsp_adc_dma_config
    main.o(i.main) refers to common.o(i.nvic_init) for nvic_init
    main.o(i.main) refers to uidiv.o(.text) for __aeabi_uidivmod
    main.o(i.main) refers to adc_bsp.o(.data) for g_adc_complete
    main.o(i.main) refers to main.o(.data) for g_get_voltage
    common.o(i.adc_init) refers to memseta.o(.text) for __aeabi_memclr4
    common.o(i.adc_init) refers to common.o(i.std_rcc_apb2_clk_enable) for std_rcc_apb2_clk_enable
    common.o(i.adc_init) refers to ciu32l051_std_adc.o(i.std_adc_init) for std_adc_init
    common.o(i.adc_init) refers to ciu32l051_std.o(i.std_delayus) for std_delayus
    common.o(i.dma_init) refers to memseta.o(.text) for __aeabi_memclr4
    common.o(i.dma_init) refers to ciu32l051_std_dma.o(i.std_dma_init) for std_dma_init
    common.o(i.dma_init) refers to common.o(i.__NVIC_SetPriority) for __NVIC_SetPriority
    common.o(i.dma_init) refers to common.o(i.__NVIC_EnableIRQ) for __NVIC_EnableIRQ
    common.o(i.gpio_init) refers to memseta.o(.text) for __aeabi_memclr4
    common.o(i.gpio_init) refers to ciu32l051_std_gpio.o(i.std_gpio_init) for std_gpio_init
    common.o(i.nvic_init) refers to common.o(i.__NVIC_SetPriority) for __NVIC_SetPriority
    common.o(i.nvic_init) refers to common.o(i.__NVIC_EnableIRQ) for __NVIC_EnableIRQ
    common.o(i.system_clock_config) refers to system_ciu32l051.o(i.SystemCoreClockUpdate) for SystemCoreClockUpdate
    common.o(i.timer3_init) refers to memseta.o(.text) for __aeabi_memclr4
    common.o(i.timer3_init) refers to common.o(i.std_rcc_apb1_clk_enable) for std_rcc_apb1_clk_enable
    common.o(i.timer3_init) refers to uidiv.o(.text) for __aeabi_uidivmod
    common.o(i.timer3_init) refers to ciu32l051_std_tim.o(i.std_tim_init) for std_tim_init
    common.o(i.timer3_init) refers to system_ciu32l051.o(.data) for SystemCoreClock
    common.o(i.vrefbuf_init) refers to common.o(i.std_rcc_apb2_clk_enable) for std_rcc_apb2_clk_enable
    common.o(i.vrefbuf_init) refers to common.o(i.std_rcc_apb1_clk_enable) for std_rcc_apb1_clk_enable
    common.o(i.vrefbuf_init) refers to ciu32l051_std.o(i.std_delayus) for std_delayus
    adc_bsp.o(i.DMA_Channel0_IRQHandler) refers to adc_bsp.o(.data) for g_adc_complete
    adc_bsp.o(i.bsp_adc_dma_config) refers to ciu32l051_std_dma.o(i.std_dma_start_transmit) for std_dma_start_transmit
    adc_bsp.o(i.bsp_adc_dma_config) refers to adc_bsp.o(.data) for g_dma_result
    ciu32l051_std.o(i.std_delayms) refers to ciu32l051_std.o(i.std_delayus) for std_delayus
    ciu32l051_std.o(i.std_delayms_start) refers to ciu32l051_std.o(i.std_delayus_start) for std_delayus_start
    ciu32l051_std.o(i.std_delayus) refers to uidiv.o(.text) for __aeabi_uidivmod
    ciu32l051_std.o(i.std_delayus) refers to system_ciu32l051.o(.data) for SystemCoreClock
    ciu32l051_std.o(i.std_delayus_start) refers to uidiv.o(.text) for __aeabi_uidivmod
    ciu32l051_std.o(i.std_delayus_start) refers to system_ciu32l051.o(.data) for SystemCoreClock
    ciu32l051_std_adc.o(i.std_adc_init) refers to ciu32l051_std_adc.o(i.std_adc_trig_edge_config) for std_adc_trig_edge_config
    ciu32l051_std_crc.o(i.std_crc_init) refers to ciu32l051_std_crc.o(i.std_crc_set_init_value_invert) for std_crc_set_init_value_invert
    ciu32l051_std_dma.o(i.std_dma_deinit) refers to ciu32l051_std_dma.o(i.std_dma_set_transfer_data_number) for std_dma_set_transfer_data_number
    ciu32l051_std_dma.o(i.std_dma_deinit) refers to ciu32l051_std_dma.o(i.std_dma_set_src_address) for std_dma_set_src_address
    ciu32l051_std_dma.o(i.std_dma_deinit) refers to ciu32l051_std_dma.o(i.std_dma_set_dst_address) for std_dma_set_dst_address
    ciu32l051_std_dma.o(i.std_dma_start_transmit) refers to ciu32l051_std_dma.o(i.std_dma_set_transfer_data_number) for std_dma_set_transfer_data_number
    ciu32l051_std_dma.o(i.std_dma_start_transmit) refers to ciu32l051_std_dma.o(i.std_dma_set_src_address) for std_dma_set_src_address
    ciu32l051_std_dma.o(i.std_dma_start_transmit) refers to ciu32l051_std_dma.o(i.std_dma_set_dst_address) for std_dma_set_dst_address
    ciu32l051_std_flash.o(i.std_flash_erase) refers to ciu32l051_std_flash.o(i.std_flash_wait_for_last_operation) for std_flash_wait_for_last_operation
    ciu32l051_std_flash.o(i.std_flash_erase) refers to ciu32l051_std_flash.o(i.std_flash_set_erase_mode) for std_flash_set_erase_mode
    ciu32l051_std_flash.o(i.std_flash_mass_erase) refers to ciu32l051_std_flash.o(i.std_flash_erase) for std_flash_erase
    ciu32l051_std_flash.o(i.std_flash_opt_erase) refers to ciu32l051_std_flash.o(i.std_flash_wait_for_last_operation) for std_flash_wait_for_last_operation
    ciu32l051_std_flash.o(i.std_flash_page_erase) refers to ciu32l051_std_flash.o(i.std_flash_erase) for std_flash_erase
    ciu32l051_std_flash.o(i.std_flash_wait_for_last_operation) refers to uidiv.o(.text) for __aeabi_uidivmod
    ciu32l051_std_flash.o(i.std_flash_wait_for_last_operation) refers to system_ciu32l051.o(.data) for SystemCoreClock
    ciu32l051_std_flash.o(i.std_flash_word_program) refers to ciu32l051_std_flash.o(i.std_flash_wait_for_last_operation) for std_flash_wait_for_last_operation
    ciu32l051_std_gpio.o(i.std_gpio_deinit) refers to ciu32l051_std_gpio.o(i.std_gpio_set_pin_mode) for std_gpio_set_pin_mode
    ciu32l051_std_gpio.o(i.std_gpio_deinit) refers to ciu32l051_std_gpio.o(i.std_gpio_set_pin_pull) for std_gpio_set_pin_pull
    ciu32l051_std_gpio.o(i.std_gpio_deinit) refers to ciu32l051_std_gpio.o(i.std_gpio_set_afpin_0_7) for std_gpio_set_afpin_0_7
    ciu32l051_std_gpio.o(i.std_gpio_deinit) refers to ciu32l051_std_gpio.o(i.std_gpio_set_afpin_8_15) for std_gpio_set_afpin_8_15
    ciu32l051_std_gpio.o(i.std_gpio_deinit) refers to ciu32l051_std_gpio.o(i.std_gpio_set_pin_output_type) for std_gpio_set_pin_output_type
    ciu32l051_std_gpio.o(i.std_gpio_init) refers to ciu32l051_std_gpio.o(i.std_gpio_set_pin_mode) for std_gpio_set_pin_mode
    ciu32l051_std_gpio.o(i.std_gpio_init) refers to ciu32l051_std_gpio.o(i.std_gpio_set_pin_pull) for std_gpio_set_pin_pull
    ciu32l051_std_gpio.o(i.std_gpio_init) refers to ciu32l051_std_gpio.o(i.std_gpio_set_afpin_0_7) for std_gpio_set_afpin_0_7
    ciu32l051_std_gpio.o(i.std_gpio_init) refers to ciu32l051_std_gpio.o(i.std_gpio_set_afpin_8_15) for std_gpio_set_afpin_8_15
    ciu32l051_std_gpio.o(i.std_gpio_init) refers to ciu32l051_std_gpio.o(i.std_gpio_set_pin_output_type) for std_gpio_set_pin_output_type
    ciu32l051_std_lcd.o(i.std_lcd_deinit) refers to ciu32l051_std_lcd.o(i.std_lcd_disable) for std_lcd_disable
    ciu32l051_std_lcd.o(i.std_lcd_deinit) refers to ciu32l051_std_lcd.o(i.std_lcd_get_flag) for std_lcd_get_flag
    ciu32l051_std_lcd.o(i.std_lcd_init) refers to ciu32l051_std_lcd.o(i.std_lcd_disable) for std_lcd_disable
    ciu32l051_std_lcd.o(i.std_lcd_init) refers to ciu32l051_std_lcd.o(i.std_lcd_get_flag) for std_lcd_get_flag
    ciu32l051_std_lptim.o(i.std_lptim_deinit) refers to ciu32l051_std_lptim.o(i.std_rcc_apb1_reset) for std_rcc_apb1_reset
    ciu32l051_std_lptim.o(i.std_lptim_deinit) refers to ciu32l051_std_lptim.o(i.std_rcc_apb1_clk_disable) for std_rcc_apb1_clk_disable
    ciu32l051_std_rcc.o(i.std_rcc_get_hclkfreq) refers to ciu32l051_std_rcc.o(i.std_rcc_get_sysclkfreq) for std_rcc_get_sysclkfreq
    ciu32l051_std_rcc.o(i.std_rcc_get_pclk1freq) refers to ciu32l051_std_rcc.o(i.std_rcc_get_hclkfreq) for std_rcc_get_hclkfreq
    ciu32l051_std_rcc.o(i.std_rcc_get_pclk2freq) refers to ciu32l051_std_rcc.o(i.std_rcc_get_hclkfreq) for std_rcc_get_hclkfreq
    ciu32l051_std_rcc.o(i.std_rcc_get_pllfreq) refers to uidiv.o(.text) for __aeabi_uidivmod
    ciu32l051_std_rcc.o(i.std_rcc_get_sysclkfreq) refers to ciu32l051_std_rcc.o(i.std_rcc_get_pllfreq) for std_rcc_get_pllfreq
    ciu32l051_std_rcc.o(i.std_rcc_get_sysclkfreq) refers to uidiv.o(.text) for __aeabi_uidivmod
    ciu32l051_std_rtc.o(i.std_rtc_alarm_init) refers to ciu32l051_std_rtc.o(i.std_rtc_write_protection_disable) for std_rtc_write_protection_disable
    ciu32l051_std_rtc.o(i.std_rtc_alarm_init) refers to ciu32l051_std_rtc.o(i.std_rtc_write_protection_enable) for std_rtc_write_protection_enable
    ciu32l051_std_rtc.o(i.std_rtc_alarm_struct_init) refers to ciu32l051_std_rtc.o(i.std_rtc_time_struct_init) for std_rtc_time_struct_init
    ciu32l051_std_rtc.o(i.std_rtc_date_init) refers to ciu32l051_std_rtc.o(i.std_rtc_write_protection_disable) for std_rtc_write_protection_disable
    ciu32l051_std_rtc.o(i.std_rtc_date_init) refers to ciu32l051_std_rtc.o(i.std_rtc_init_mode_enter) for std_rtc_init_mode_enter
    ciu32l051_std_rtc.o(i.std_rtc_date_init) refers to ciu32l051_std_rtc.o(i.std_rtc_init_mode_exit) for std_rtc_init_mode_exit
    ciu32l051_std_rtc.o(i.std_rtc_date_init) refers to ciu32l051_std_rtc.o(i.std_rtc_write_protection_enable) for std_rtc_write_protection_enable
    ciu32l051_std_rtc.o(i.std_rtc_deinit) refers to ciu32l051_std_rtc.o(i.std_rtc_write_protection_disable) for std_rtc_write_protection_disable
    ciu32l051_std_rtc.o(i.std_rtc_deinit) refers to ciu32l051_std_rtc.o(i.std_rtc_init_mode_enter) for std_rtc_init_mode_enter
    ciu32l051_std_rtc.o(i.std_rtc_deinit) refers to ciu32l051_std_rtc.o(i.std_rtc_init_mode_exit) for std_rtc_init_mode_exit
    ciu32l051_std_rtc.o(i.std_rtc_deinit) refers to ciu32l051_std_rtc.o(i.std_rtc_write_protection_enable) for std_rtc_write_protection_enable
    ciu32l051_std_rtc.o(i.std_rtc_init_mode_enter) refers to uidiv.o(.text) for __aeabi_uidivmod
    ciu32l051_std_rtc.o(i.std_rtc_init_mode_enter) refers to ciu32l051_std_rtc.o(i.std_rtc_get_mode) for std_rtc_get_mode
    ciu32l051_std_rtc.o(i.std_rtc_init_mode_enter) refers to system_ciu32l051.o(.data) for SystemCoreClock
    ciu32l051_std_rtc.o(i.std_rtc_init_mode_exit) refers to uidiv.o(.text) for __aeabi_uidivmod
    ciu32l051_std_rtc.o(i.std_rtc_init_mode_exit) refers to ciu32l051_std_rtc.o(i.std_rtc_get_mode) for std_rtc_get_mode
    ciu32l051_std_rtc.o(i.std_rtc_init_mode_exit) refers to system_ciu32l051.o(.data) for SystemCoreClock
    ciu32l051_std_rtc.o(i.std_rtc_time_init) refers to ciu32l051_std_rtc.o(i.std_rtc_write_protection_disable) for std_rtc_write_protection_disable
    ciu32l051_std_rtc.o(i.std_rtc_time_init) refers to ciu32l051_std_rtc.o(i.std_rtc_init_mode_enter) for std_rtc_init_mode_enter
    ciu32l051_std_rtc.o(i.std_rtc_time_init) refers to ciu32l051_std_rtc.o(i.std_rtc_init_mode_exit) for std_rtc_init_mode_exit
    ciu32l051_std_rtc.o(i.std_rtc_time_init) refers to ciu32l051_std_rtc.o(i.std_rtc_write_protection_enable) for std_rtc_write_protection_enable
    ciu32l051_std_tim.o(i.std_tim_deinit) refers to ciu32l051_std_tim.o(i.std_rcc_apb1_reset) for std_rcc_apb1_reset
    ciu32l051_std_tim.o(i.std_tim_deinit) refers to ciu32l051_std_tim.o(i.std_rcc_apb1_clk_disable) for std_rcc_apb1_clk_disable
    ciu32l051_std_tim.o(i.std_tim_input_capture_init) refers to ciu32l051_std_tim.o(i.std_tim_ccx_channel_disable) for std_tim_ccx_channel_disable
    ciu32l051_std_tim.o(i.std_tim_output_compare_init) refers to ciu32l051_std_tim.o(i.std_tim_ccx_channel_disable) for std_tim_ccx_channel_disable
    ciu32l051_std_lpuart.o(i.std_lpuart_deinit) refers to ciu32l051_std_lpuart.o(i.std_lpuart_disable) for std_lpuart_disable
    ciu32l051_std_lpuart.o(i.std_lpuart_deinit) refers to ciu32l051_std_lpuart.o(i.std_rcc_apb1_reset) for std_rcc_apb1_reset
    ciu32l051_std_lpuart.o(i.std_lpuart_deinit) refers to ciu32l051_std_lpuart.o(i.std_rcc_apb1_clk_disable) for std_rcc_apb1_clk_disable
    ciu32l051_std_lpuart.o(i.std_lpuart_init) refers to ciu32l051_std_lpuart.o(i.std_lpuart_disable) for std_lpuart_disable
    ciu32l051_std_lpuart.o(i.std_lpuart_init) refers to ciu32l051_std_lpuart.o(i.std_lpuart_set_baudrate) for std_lpuart_set_baudrate
    ciu32l051_std_lpuart.o(i.std_lpuart_init) refers to ciu32l051_std_lpuart.o(i.std_lpuart_get_flag) for std_lpuart_get_flag
    ciu32l051_std_lpuart.o(i.std_lpuart_set_baudrate) refers to ciu32l051_std_rcc.o(i.std_rcc_get_pclk1freq) for std_rcc_get_pclk1freq
    ciu32l051_std_lpuart.o(i.std_lpuart_set_baudrate) refers to ciu32l051_std_rcc.o(i.std_rcc_get_sysclkfreq) for std_rcc_get_sysclkfreq
    ciu32l051_std_lpuart.o(i.std_lpuart_set_baudrate) refers to uldiv.o(.text) for __aeabi_uldivmod
    ciu32l051_std_lpuart.o(i.std_lpuart_set_baudrate) refers to ciu32l051_std_lpuart.o(.constdata) for LPUART_PRESCALER_TABLE
    ciu32l051_std_usart.o(i.std_usart_baudrate_config) refers to ciu32l051_std_rcc.o(i.std_rcc_get_pclk2freq) for std_rcc_get_pclk2freq
    ciu32l051_std_usart.o(i.std_usart_baudrate_config) refers to ciu32l051_std_rcc.o(i.std_rcc_get_pclk1freq) for std_rcc_get_pclk1freq
    ciu32l051_std_usart.o(i.std_usart_baudrate_config) refers to uidiv.o(.text) for __aeabi_uidivmod
    ciu32l051_std_usart.o(i.std_usart_deinit) refers to ciu32l051_std_usart.o(i.std_rcc_apb1_reset) for std_rcc_apb1_reset
    ciu32l051_std_usart.o(i.std_usart_deinit) refers to ciu32l051_std_usart.o(i.std_rcc_apb1_clk_disable) for std_rcc_apb1_clk_disable
    ciu32l051_std_usart.o(i.std_usart_init) refers to ciu32l051_std_usart.o(i.std_usart_baudrate_config) for std_usart_baudrate_config
    system_ciu32l051.o(i.SystemCoreClockUpdate) refers to uidiv.o(.text) for __aeabi_uidivmod
    system_ciu32l051.o(i.SystemCoreClockUpdate) refers to system_ciu32l051.o(.constdata) for g_ahb_divider_table
    system_ciu32l051.o(i.SystemCoreClockUpdate) refers to system_ciu32l051.o(.data) for SystemCoreClock
    system_ciu32l051.o(i.SystemInit) refers to startup_ciu32l051.o(RESET) for __vector_table
    system_ciu32l051.o(i.SystemInit) refers to system_ciu32l051.o(.data) for SystemCoreClock
    startup_ciu32l051.o(RESET) refers to startup_ciu32l051.o(STACK) for __initial_sp
    startup_ciu32l051.o(RESET) refers to startup_ciu32l051.o(.text) for Reset_Handler
    startup_ciu32l051.o(RESET) refers to adc_bsp.o(i.DMA_Channel0_IRQHandler) for DMA_Channel0_IRQHandler
    startup_ciu32l051.o(.text) refers to system_ciu32l051.o(i.SystemInit) for SystemInit
    startup_ciu32l051.o(.text) refers to entry.o(.ARM.Collect$$$$00000000) for __main
    entry.o(.ARM.Collect$$$$00000000) refers (Special) to entry10a.o(.ARM.Collect$$$$0000000F) for __rt_final_cpp
    entry.o(.ARM.Collect$$$$00000000) refers (Special) to entry11a.o(.ARM.Collect$$$$00000011) for __rt_final_exit
    entry.o(.ARM.Collect$$$$00000000) refers (Special) to entry12b.o(.ARM.Collect$$$$0000000E) for __rt_lib_shutdown_fini
    entry.o(.ARM.Collect$$$$00000000) refers (Special) to entry7b.o(.ARM.Collect$$$$00000008) for _main_clock
    entry.o(.ARM.Collect$$$$00000000) refers (Special) to entry8b.o(.ARM.Collect$$$$0000000A) for _main_cpp_init
    entry.o(.ARM.Collect$$$$00000000) refers (Special) to entry9a.o(.ARM.Collect$$$$0000000B) for _main_init
    entry.o(.ARM.Collect$$$$00000000) refers (Special) to entry5.o(.ARM.Collect$$$$00000004) for _main_scatterload
    entry.o(.ARM.Collect$$$$00000000) refers (Special) to entry2.o(.ARM.Collect$$$$00000001) for _main_stk
    uldiv.o(.text) refers to llushr.o(.text) for __aeabi_llsr
    uldiv.o(.text) refers to llshl.o(.text) for __aeabi_llsl
    entry2.o(.ARM.Collect$$$$00000001) refers to entry2.o(.ARM.Collect$$$$00002712) for __lit__00000000
    entry2.o(.ARM.Collect$$$$00002712) refers to startup_ciu32l051.o(STACK) for __initial_sp
    entry2.o(__vectab_stack_and_reset_area) refers to startup_ciu32l051.o(STACK) for __initial_sp
    entry2.o(__vectab_stack_and_reset_area) refers to entry.o(.ARM.Collect$$$$00000000) for __main
    entry5.o(.ARM.Collect$$$$00000004) refers to init.o(.text) for __scatterload
    entry9a.o(.ARM.Collect$$$$0000000B) refers to main.o(i.main) for main
    entry9b.o(.ARM.Collect$$$$0000000C) refers to main.o(i.main) for main
    init.o(.text) refers to entry5.o(.ARM.Collect$$$$00000004) for __main_after_scatterload


==============================================================================

Removing Unused input sections from the image.

    Removing main.o(.rev16_text), (4 bytes).
    Removing main.o(.revsh_text), (4 bytes).
    Removing main.o(.constdata), (24 bytes).
    Removing common.o(.rev16_text), (4 bytes).
    Removing common.o(.revsh_text), (4 bytes).
    Removing common.o(.constdata), (24 bytes).
    Removing adc_bsp.o(.rev16_text), (4 bytes).
    Removing adc_bsp.o(.revsh_text), (4 bytes).
    Removing adc_bsp.o(.constdata), (24 bytes).
    Removing ciu32l051_std.o(.rev16_text), (4 bytes).
    Removing ciu32l051_std.o(.revsh_text), (4 bytes).
    Removing ciu32l051_std.o(i.std_delay_end), (20 bytes).
    Removing ciu32l051_std.o(i.std_delayms), (24 bytes).
    Removing ciu32l051_std.o(i.std_delayms_start), (18 bytes).
    Removing ciu32l051_std.o(i.std_delayus_start), (56 bytes).
    Removing ciu32l051_std.o(.constdata), (24 bytes).
    Removing ciu32l051_std_adc.o(.rev16_text), (4 bytes).
    Removing ciu32l051_std_adc.o(.revsh_text), (4 bytes).
    Removing ciu32l051_std_adc.o(i.std_adc_deinit), (56 bytes).
    Removing ciu32l051_std_adc.o(i.std_adc_struct_init), (34 bytes).
    Removing ciu32l051_std_adc.o(.constdata), (24 bytes).
    Removing ciu32l051_std_aes.o(.rev16_text), (4 bytes).
    Removing ciu32l051_std_aes.o(.revsh_text), (4 bytes).
    Removing ciu32l051_std_aes.o(i.std_aes_deinit), (44 bytes).
    Removing ciu32l051_std_aes.o(i.std_aes_init), (28 bytes).
    Removing ciu32l051_std_aes.o(i.std_aes_struct_init), (8 bytes).
    Removing ciu32l051_std_aes.o(.constdata), (24 bytes).
    Removing ciu32l051_std_comp.o(.rev16_text), (4 bytes).
    Removing ciu32l051_std_comp.o(.revsh_text), (4 bytes).
    Removing ciu32l051_std_comp.o(i.std_comp_deinit), (18 bytes).
    Removing ciu32l051_std_comp.o(i.std_comp_init), (80 bytes).
    Removing ciu32l051_std_comp.o(i.std_comp_struct_init), (26 bytes).
    Removing ciu32l051_std_comp.o(.constdata), (24 bytes).
    Removing ciu32l051_std_crc.o(.rev16_text), (4 bytes).
    Removing ciu32l051_std_crc.o(.revsh_text), (4 bytes).
    Removing ciu32l051_std_crc.o(i.std_crc_deinit), (44 bytes).
    Removing ciu32l051_std_crc.o(i.std_crc_init), (48 bytes).
    Removing ciu32l051_std_crc.o(i.std_crc_set_init_value_invert), (100 bytes).
    Removing ciu32l051_std_crc.o(i.std_crc_struct_init), (14 bytes).
    Removing ciu32l051_std_crc.o(.constdata), (24 bytes).
    Removing ciu32l051_std_dma.o(.rev16_text), (4 bytes).
    Removing ciu32l051_std_dma.o(.revsh_text), (4 bytes).
    Removing ciu32l051_std_dma.o(i.std_dma_deinit), (108 bytes).
    Removing ciu32l051_std_dma.o(i.std_dma_struct_init), (18 bytes).
    Removing ciu32l051_std_dma.o(.constdata), (24 bytes).
    Removing ciu32l051_std_exti.o(.rev16_text), (4 bytes).
    Removing ciu32l051_std_exti.o(.revsh_text), (4 bytes).
    Removing ciu32l051_std_exti.o(i.std_exti_deinit), (52 bytes).
    Removing ciu32l051_std_exti.o(i.std_exti_init), (380 bytes).
    Removing ciu32l051_std_exti.o(i.std_exti_struct_init), (16 bytes).
    Removing ciu32l051_std_exti.o(.constdata), (24 bytes).
    Removing ciu32l051_std_flash.o(.rev16_text), (4 bytes).
    Removing ciu32l051_std_flash.o(.revsh_text), (4 bytes).
    Removing ciu32l051_std_flash.o(i.std_flash_erase), (92 bytes).
    Removing ciu32l051_std_flash.o(i.std_flash_mass_erase), (12 bytes).
    Removing ciu32l051_std_flash.o(i.std_flash_opt_erase), (48 bytes).
    Removing ciu32l051_std_flash.o(i.std_flash_page_erase), (14 bytes).
    Removing ciu32l051_std_flash.o(i.std_flash_set_erase_mode), (20 bytes).
    Removing ciu32l051_std_flash.o(i.std_flash_wait_for_last_operation), (96 bytes).
    Removing ciu32l051_std_flash.o(i.std_flash_word_program), (72 bytes).
    Removing ciu32l051_std_flash.o(.constdata), (24 bytes).
    Removing ciu32l051_std_gpio.o(.rev16_text), (4 bytes).
    Removing ciu32l051_std_gpio.o(.revsh_text), (4 bytes).
    Removing ciu32l051_std_gpio.o(i.std_gpio_deinit), (92 bytes).
    Removing ciu32l051_std_gpio.o(i.std_gpio_struct_init), (18 bytes).
    Removing ciu32l051_std_gpio.o(.constdata), (24 bytes).
    Removing ciu32l051_std_i2c.o(.rev16_text), (4 bytes).
    Removing ciu32l051_std_i2c.o(.revsh_text), (4 bytes).
    Removing ciu32l051_std_i2c.o(i.std_i2c_deinit), (44 bytes).
    Removing ciu32l051_std_i2c.o(i.std_i2c_init), (102 bytes).
    Removing ciu32l051_std_i2c.o(i.std_i2c_struct_init), (18 bytes).
    Removing ciu32l051_std_i2c.o(.constdata), (24 bytes).
    Removing ciu32l051_std_lcd.o(.rev16_text), (4 bytes).
    Removing ciu32l051_std_lcd.o(.revsh_text), (4 bytes).
    Removing ciu32l051_std_lcd.o(i.std_lcd_deinit), (60 bytes).
    Removing ciu32l051_std_lcd.o(i.std_lcd_disable), (20 bytes).
    Removing ciu32l051_std_lcd.o(i.std_lcd_get_flag), (24 bytes).
    Removing ciu32l051_std_lcd.o(i.std_lcd_init), (112 bytes).
    Removing ciu32l051_std_lcd.o(i.std_lcd_struct_init), (34 bytes).
    Removing ciu32l051_std_lcd.o(.constdata), (24 bytes).
    Removing ciu32l051_std_lptim.o(.rev16_text), (4 bytes).
    Removing ciu32l051_std_lptim.o(.revsh_text), (4 bytes).
    Removing ciu32l051_std_lptim.o(i.std_lptim_deinit), (52 bytes).
    Removing ciu32l051_std_lptim.o(i.std_lptim_init), (32 bytes).
    Removing ciu32l051_std_lptim.o(i.std_lptim_struct_init), (12 bytes).
    Removing ciu32l051_std_lptim.o(i.std_rcc_apb1_clk_disable), (16 bytes).
    Removing ciu32l051_std_lptim.o(i.std_rcc_apb1_reset), (24 bytes).
    Removing ciu32l051_std_lptim.o(.constdata), (24 bytes).
    Removing ciu32l051_std_pmu.o(.rev16_text), (4 bytes).
    Removing ciu32l051_std_pmu.o(.revsh_text), (4 bytes).
    Removing ciu32l051_std_pmu.o(i.std_pmu_enter_sleep), (32 bytes).
    Removing ciu32l051_std_pmu.o(i.std_pmu_enter_stop), (44 bytes).
    Removing ciu32l051_std_pmu.o(i.std_pmu_pvd_init), (92 bytes).
    Removing ciu32l051_std_pmu.o(i.std_pmu_reg_reset), (28 bytes).
    Removing ciu32l051_std_pmu.o(i.std_pmu_struct_init), (18 bytes).
    Removing ciu32l051_std_pmu.o(.constdata), (24 bytes).
    Removing ciu32l051_std_rcc.o(.rev16_text), (4 bytes).
    Removing ciu32l051_std_rcc.o(.revsh_text), (4 bytes).
    Removing ciu32l051_std_rcc.o(i.std_rcc_get_hclkfreq), (40 bytes).
    Removing ciu32l051_std_rcc.o(i.std_rcc_get_pclk1freq), (48 bytes).
    Removing ciu32l051_std_rcc.o(i.std_rcc_get_pclk2freq), (48 bytes).
    Removing ciu32l051_std_rcc.o(i.std_rcc_get_pllfreq), (120 bytes).
    Removing ciu32l051_std_rcc.o(i.std_rcc_get_sysclkfreq), (116 bytes).
    Removing ciu32l051_std_rcc.o(.constdata), (24 bytes).
    Removing ciu32l051_std_rtc.o(.rev16_text), (4 bytes).
    Removing ciu32l051_std_rtc.o(.revsh_text), (4 bytes).
    Removing ciu32l051_std_rtc.o(i.std_rtc_alarm_init), (108 bytes).
    Removing ciu32l051_std_rtc.o(i.std_rtc_alarm_struct_init), (16 bytes).
    Removing ciu32l051_std_rtc.o(i.std_rtc_date_init), (100 bytes).
    Removing ciu32l051_std_rtc.o(i.std_rtc_date_struct_init), (14 bytes).
    Removing ciu32l051_std_rtc.o(i.std_rtc_deinit), (92 bytes).
    Removing ciu32l051_std_rtc.o(i.std_rtc_get_mode), (16 bytes).
    Removing ciu32l051_std_rtc.o(i.std_rtc_init_mode_enter), (84 bytes).
    Removing ciu32l051_std_rtc.o(i.std_rtc_init_mode_exit), (76 bytes).
    Removing ciu32l051_std_rtc.o(i.std_rtc_time_init), (92 bytes).
    Removing ciu32l051_std_rtc.o(i.std_rtc_time_struct_init), (10 bytes).
    Removing ciu32l051_std_rtc.o(i.std_rtc_write_protection_disable), (16 bytes).
    Removing ciu32l051_std_rtc.o(i.std_rtc_write_protection_enable), (12 bytes).
    Removing ciu32l051_std_rtc.o(.constdata), (24 bytes).
    Removing ciu32l051_std_spi.o(.rev16_text), (4 bytes).
    Removing ciu32l051_std_spi.o(.revsh_text), (4 bytes).
    Removing ciu32l051_std_spi.o(i.std_spi_deinit), (112 bytes).
    Removing ciu32l051_std_spi.o(i.std_spi_init), (60 bytes).
    Removing ciu32l051_std_spi.o(i.std_spi_struct_init), (16 bytes).
    Removing ciu32l051_std_spi.o(.constdata), (24 bytes).
    Removing ciu32l051_std_tamp.o(.rev16_text), (4 bytes).
    Removing ciu32l051_std_tamp.o(.revsh_text), (4 bytes).
    Removing ciu32l051_std_tamp.o(i.std_tamp_deinit), (40 bytes).
    Removing ciu32l051_std_tamp.o(.constdata), (24 bytes).
    Removing ciu32l051_std_tim.o(.rev16_text), (4 bytes).
    Removing ciu32l051_std_tim.o(.revsh_text), (4 bytes).
    Removing ciu32l051_std_tim.o(i.std_rcc_apb1_clk_disable), (16 bytes).
    Removing ciu32l051_std_tim.o(i.std_rcc_apb1_reset), (24 bytes).
    Removing ciu32l051_std_tim.o(i.std_tim_ccx_channel_disable), (16 bytes).
    Removing ciu32l051_std_tim.o(i.std_tim_deinit), (112 bytes).
    Removing ciu32l051_std_tim.o(i.std_tim_input_capture_init), (236 bytes).
    Removing ciu32l051_std_tim.o(i.std_tim_input_capture_struct_init), (16 bytes).
    Removing ciu32l051_std_tim.o(i.std_tim_output_compare_init), (372 bytes).
    Removing ciu32l051_std_tim.o(i.std_tim_output_compare_struct_init), (14 bytes).
    Removing ciu32l051_std_tim.o(i.std_tim_struct_init), (24 bytes).
    Removing ciu32l051_std_tim.o(.constdata), (24 bytes).
    Removing ciu32l051_std_lpuart.o(.rev16_text), (4 bytes).
    Removing ciu32l051_std_lpuart.o(.revsh_text), (4 bytes).
    Removing ciu32l051_std_lpuart.o(i.std_lpuart_deinit), (64 bytes).
    Removing ciu32l051_std_lpuart.o(i.std_lpuart_disable), (10 bytes).
    Removing ciu32l051_std_lpuart.o(i.std_lpuart_get_flag), (18 bytes).
    Removing ciu32l051_std_lpuart.o(i.std_lpuart_init), (192 bytes).
    Removing ciu32l051_std_lpuart.o(i.std_lpuart_set_baudrate), (308 bytes).
    Removing ciu32l051_std_lpuart.o(i.std_lpuart_struct_init), (26 bytes).
    Removing ciu32l051_std_lpuart.o(i.std_rcc_apb1_clk_disable), (16 bytes).
    Removing ciu32l051_std_lpuart.o(i.std_rcc_apb1_reset), (24 bytes).
    Removing ciu32l051_std_lpuart.o(.constdata), (24 bytes).
    Removing ciu32l051_std_trng.o(.rev16_text), (4 bytes).
    Removing ciu32l051_std_trng.o(.revsh_text), (4 bytes).
    Removing ciu32l051_std_trng.o(i.std_trng_deinit), (40 bytes).
    Removing ciu32l051_std_trng.o(i.std_trng_get_random_number), (40 bytes).
    Removing ciu32l051_std_trng.o(.constdata), (24 bytes).
    Removing ciu32l051_std_usart.o(.rev16_text), (4 bytes).
    Removing ciu32l051_std_usart.o(.revsh_text), (4 bytes).
    Removing ciu32l051_std_usart.o(i.std_rcc_apb1_clk_disable), (16 bytes).
    Removing ciu32l051_std_usart.o(i.std_rcc_apb1_reset), (24 bytes).
    Removing ciu32l051_std_usart.o(i.std_usart_baudrate_config), (176 bytes).
    Removing ciu32l051_std_usart.o(i.std_usart_deinit), (152 bytes).
    Removing ciu32l051_std_usart.o(i.std_usart_init), (116 bytes).
    Removing ciu32l051_std_usart.o(i.std_usart_struct_init), (26 bytes).
    Removing ciu32l051_std_usart.o(i.std_usart_sync_clk_init), (72 bytes).
    Removing ciu32l051_std_usart.o(i.std_usart_sync_clk_struct_init), (14 bytes).
    Removing ciu32l051_std_usart.o(.constdata), (24 bytes).
    Removing system_ciu32l051.o(.rev16_text), (4 bytes).
    Removing system_ciu32l051.o(.revsh_text), (4 bytes).
    Removing startup_ciu32l051.o(HEAP), (0 bytes).

171 unused section(s) (total 6596 bytes) removed from the image.

==============================================================================

Image Symbol Table

    Local Symbols

    Symbol Name                              Value     Ov Type        Size  Object(Section)

    ../clib/microlib/division.c              0x00000000   Number         0  uldiv.o ABSOLUTE
    ../clib/microlib/division.c              0x00000000   Number         0  uidiv.o ABSOLUTE
    ../clib/microlib/init/entry.s            0x00000000   Number         0  entry10a.o ABSOLUTE
    ../clib/microlib/init/entry.s            0x00000000   Number         0  entry9a.o ABSOLUTE
    ../clib/microlib/init/entry.s            0x00000000   Number         0  entry8b.o ABSOLUTE
    ../clib/microlib/init/entry.s            0x00000000   Number         0  entry8a.o ABSOLUTE
    ../clib/microlib/init/entry.s            0x00000000   Number         0  entry7b.o ABSOLUTE
    ../clib/microlib/init/entry.s            0x00000000   Number         0  entry7a.o ABSOLUTE
    ../clib/microlib/init/entry.s            0x00000000   Number         0  entry5.o ABSOLUTE
    ../clib/microlib/init/entry.s            0x00000000   Number         0  entry2.o ABSOLUTE
    ../clib/microlib/init/entry.s            0x00000000   Number         0  entry9b.o ABSOLUTE
    ../clib/microlib/init/entry.s            0x00000000   Number         0  entry.o ABSOLUTE
    ../clib/microlib/init/entry.s            0x00000000   Number         0  entry12b.o ABSOLUTE
    ../clib/microlib/init/entry.s            0x00000000   Number         0  entry12a.o ABSOLUTE
    ../clib/microlib/init/entry.s            0x00000000   Number         0  entry11b.o ABSOLUTE
    ../clib/microlib/init/entry.s            0x00000000   Number         0  entry11a.o ABSOLUTE
    ../clib/microlib/init/entry.s            0x00000000   Number         0  entry10b.o ABSOLUTE
    ../clib/microlib/longlong.c              0x00000000   Number         0  llushr.o ABSOLUTE
    ../clib/microlib/longlong.c              0x00000000   Number         0  llshl.o ABSOLUTE
    ../clib/microlib/string/memset.c         0x00000000   Number         0  memseta.o ABSOLUTE
    ..\..\..\..\Drivers\CIU32L051_Lib\Source\ciu32l051_std.c 0x00000000   Number         0  ciu32l051_std.o ABSOLUTE
    ..\..\..\..\Drivers\CIU32L051_Lib\Source\ciu32l051_std_adc.c 0x00000000   Number         0  ciu32l051_std_adc.o ABSOLUTE
    ..\..\..\..\Drivers\CIU32L051_Lib\Source\ciu32l051_std_aes.c 0x00000000   Number         0  ciu32l051_std_aes.o ABSOLUTE
    ..\..\..\..\Drivers\CIU32L051_Lib\Source\ciu32l051_std_comp.c 0x00000000   Number         0  ciu32l051_std_comp.o ABSOLUTE
    ..\..\..\..\Drivers\CIU32L051_Lib\Source\ciu32l051_std_crc.c 0x00000000   Number         0  ciu32l051_std_crc.o ABSOLUTE
    ..\..\..\..\Drivers\CIU32L051_Lib\Source\ciu32l051_std_dma.c 0x00000000   Number         0  ciu32l051_std_dma.o ABSOLUTE
    ..\..\..\..\Drivers\CIU32L051_Lib\Source\ciu32l051_std_exti.c 0x00000000   Number         0  ciu32l051_std_exti.o ABSOLUTE
    ..\..\..\..\Drivers\CIU32L051_Lib\Source\ciu32l051_std_flash.c 0x00000000   Number         0  ciu32l051_std_flash.o ABSOLUTE
    ..\..\..\..\Drivers\CIU32L051_Lib\Source\ciu32l051_std_gpio.c 0x00000000   Number         0  ciu32l051_std_gpio.o ABSOLUTE
    ..\..\..\..\Drivers\CIU32L051_Lib\Source\ciu32l051_std_i2c.c 0x00000000   Number         0  ciu32l051_std_i2c.o ABSOLUTE
    ..\..\..\..\Drivers\CIU32L051_Lib\Source\ciu32l051_std_lcd.c 0x00000000   Number         0  ciu32l051_std_lcd.o ABSOLUTE
    ..\..\..\..\Drivers\CIU32L051_Lib\Source\ciu32l051_std_lptim.c 0x00000000   Number         0  ciu32l051_std_lptim.o ABSOLUTE
    ..\..\..\..\Drivers\CIU32L051_Lib\Source\ciu32l051_std_lpuart.c 0x00000000   Number         0  ciu32l051_std_lpuart.o ABSOLUTE
    ..\..\..\..\Drivers\CIU32L051_Lib\Source\ciu32l051_std_pmu.c 0x00000000   Number         0  ciu32l051_std_pmu.o ABSOLUTE
    ..\..\..\..\Drivers\CIU32L051_Lib\Source\ciu32l051_std_rcc.c 0x00000000   Number         0  ciu32l051_std_rcc.o ABSOLUTE
    ..\..\..\..\Drivers\CIU32L051_Lib\Source\ciu32l051_std_rtc.c 0x00000000   Number         0  ciu32l051_std_rtc.o ABSOLUTE
    ..\..\..\..\Drivers\CIU32L051_Lib\Source\ciu32l051_std_spi.c 0x00000000   Number         0  ciu32l051_std_spi.o ABSOLUTE
    ..\..\..\..\Drivers\CIU32L051_Lib\Source\ciu32l051_std_tamp.c 0x00000000   Number         0  ciu32l051_std_tamp.o ABSOLUTE
    ..\..\..\..\Drivers\CIU32L051_Lib\Source\ciu32l051_std_tim.c 0x00000000   Number         0  ciu32l051_std_tim.o ABSOLUTE
    ..\..\..\..\Drivers\CIU32L051_Lib\Source\ciu32l051_std_trng.c 0x00000000   Number         0  ciu32l051_std_trng.o ABSOLUTE
    ..\..\..\..\Drivers\CIU32L051_Lib\Source\ciu32l051_std_usart.c 0x00000000   Number         0  ciu32l051_std_usart.o ABSOLUTE
    ..\..\..\..\Drivers\CMSIS\Device\system_ciu32l051.c 0x00000000   Number         0  system_ciu32l051.o ABSOLUTE
    ..\Source\adc_bsp.c                      0x00000000   Number         0  adc_bsp.o ABSOLUTE
    ..\Source\common.c                       0x00000000   Number         0  common.o ABSOLUTE
    ..\Source\main.c                         0x00000000   Number         0  main.o ABSOLUTE
    ..\\..\\..\\..\\Drivers\\CIU32L051_Lib\\Source\\ciu32l051_std.c 0x00000000   Number         0  ciu32l051_std.o ABSOLUTE
    ..\\..\\..\\..\\Drivers\\CIU32L051_Lib\\Source\\ciu32l051_std_adc.c 0x00000000   Number         0  ciu32l051_std_adc.o ABSOLUTE
    ..\\..\\..\\..\\Drivers\\CIU32L051_Lib\\Source\\ciu32l051_std_aes.c 0x00000000   Number         0  ciu32l051_std_aes.o ABSOLUTE
    ..\\..\\..\\..\\Drivers\\CIU32L051_Lib\\Source\\ciu32l051_std_comp.c 0x00000000   Number         0  ciu32l051_std_comp.o ABSOLUTE
    ..\\..\\..\\..\\Drivers\\CIU32L051_Lib\\Source\\ciu32l051_std_crc.c 0x00000000   Number         0  ciu32l051_std_crc.o ABSOLUTE
    ..\\..\\..\\..\\Drivers\\CIU32L051_Lib\\Source\\ciu32l051_std_dma.c 0x00000000   Number         0  ciu32l051_std_dma.o ABSOLUTE
    ..\\..\\..\\..\\Drivers\\CIU32L051_Lib\\Source\\ciu32l051_std_exti.c 0x00000000   Number         0  ciu32l051_std_exti.o ABSOLUTE
    ..\\..\\..\\..\\Drivers\\CIU32L051_Lib\\Source\\ciu32l051_std_flash.c 0x00000000   Number         0  ciu32l051_std_flash.o ABSOLUTE
    ..\\..\\..\\..\\Drivers\\CIU32L051_Lib\\Source\\ciu32l051_std_gpio.c 0x00000000   Number         0  ciu32l051_std_gpio.o ABSOLUTE
    ..\\..\\..\\..\\Drivers\\CIU32L051_Lib\\Source\\ciu32l051_std_i2c.c 0x00000000   Number         0  ciu32l051_std_i2c.o ABSOLUTE
    ..\\..\\..\\..\\Drivers\\CIU32L051_Lib\\Source\\ciu32l051_std_lcd.c 0x00000000   Number         0  ciu32l051_std_lcd.o ABSOLUTE
    ..\\..\\..\\..\\Drivers\\CIU32L051_Lib\\Source\\ciu32l051_std_lptim.c 0x00000000   Number         0  ciu32l051_std_lptim.o ABSOLUTE
    ..\\..\\..\\..\\Drivers\\CIU32L051_Lib\\Source\\ciu32l051_std_lpuart.c 0x00000000   Number         0  ciu32l051_std_lpuart.o ABSOLUTE
    ..\\..\\..\\..\\Drivers\\CIU32L051_Lib\\Source\\ciu32l051_std_pmu.c 0x00000000   Number         0  ciu32l051_std_pmu.o ABSOLUTE
    ..\\..\\..\\..\\Drivers\\CIU32L051_Lib\\Source\\ciu32l051_std_rcc.c 0x00000000   Number         0  ciu32l051_std_rcc.o ABSOLUTE
    ..\\..\\..\\..\\Drivers\\CIU32L051_Lib\\Source\\ciu32l051_std_rtc.c 0x00000000   Number         0  ciu32l051_std_rtc.o ABSOLUTE
    ..\\..\\..\\..\\Drivers\\CIU32L051_Lib\\Source\\ciu32l051_std_spi.c 0x00000000   Number         0  ciu32l051_std_spi.o ABSOLUTE
    ..\\..\\..\\..\\Drivers\\CIU32L051_Lib\\Source\\ciu32l051_std_tamp.c 0x00000000   Number         0  ciu32l051_std_tamp.o ABSOLUTE
    ..\\..\\..\\..\\Drivers\\CIU32L051_Lib\\Source\\ciu32l051_std_tim.c 0x00000000   Number         0  ciu32l051_std_tim.o ABSOLUTE
    ..\\..\\..\\..\\Drivers\\CIU32L051_Lib\\Source\\ciu32l051_std_trng.c 0x00000000   Number         0  ciu32l051_std_trng.o ABSOLUTE
    ..\\..\\..\\..\\Drivers\\CIU32L051_Lib\\Source\\ciu32l051_std_usart.c 0x00000000   Number         0  ciu32l051_std_usart.o ABSOLUTE
    ..\\..\\..\\..\\Drivers\\CMSIS\\Device\\system_ciu32l051.c 0x00000000   Number         0  system_ciu32l051.o ABSOLUTE
    ..\\Source\\adc_bsp.c                    0x00000000   Number         0  adc_bsp.o ABSOLUTE
    ..\\Source\\common.c                     0x00000000   Number         0  common.o ABSOLUTE
    ..\\Source\\main.c                       0x00000000   Number         0  main.o ABSOLUTE
    dc.s                                     0x00000000   Number         0  dc.o ABSOLUTE
    handlers.s                               0x00000000   Number         0  handlers.o ABSOLUTE
    init.s                                   0x00000000   Number         0  init.o ABSOLUTE
    startup_ciu32l051.s                      0x00000000   Number         0  startup_ciu32l051.o ABSOLUTE
    RESET                                    0x08000000   Section      192  startup_ciu32l051.o(RESET)
    .ARM.Collect$$$$00000000                 0x080000c0   Section        0  entry.o(.ARM.Collect$$$$00000000)
    .ARM.Collect$$$$00000001                 0x080000c0   Section        4  entry2.o(.ARM.Collect$$$$00000001)
    .ARM.Collect$$$$00000004                 0x080000c4   Section        4  entry5.o(.ARM.Collect$$$$00000004)
    .ARM.Collect$$$$00000008                 0x080000c8   Section        0  entry7b.o(.ARM.Collect$$$$00000008)
    .ARM.Collect$$$$0000000A                 0x080000c8   Section        0  entry8b.o(.ARM.Collect$$$$0000000A)
    .ARM.Collect$$$$0000000B                 0x080000c8   Section        8  entry9a.o(.ARM.Collect$$$$0000000B)
    .ARM.Collect$$$$0000000E                 0x080000d0   Section        4  entry12b.o(.ARM.Collect$$$$0000000E)
    .ARM.Collect$$$$0000000F                 0x080000d4   Section        0  entry10a.o(.ARM.Collect$$$$0000000F)
    .ARM.Collect$$$$00000011                 0x080000d4   Section        0  entry11a.o(.ARM.Collect$$$$00000011)
    .ARM.Collect$$$$00002712                 0x080000d4   Section        4  entry2.o(.ARM.Collect$$$$00002712)
    __lit__00000000                          0x080000d4   Data           4  entry2.o(.ARM.Collect$$$$00002712)
    .text                                    0x080000d8   Section       28  startup_ciu32l051.o(.text)
    .text                                    0x080000f4   Section        0  uidiv.o(.text)
    .text                                    0x08000120   Section        0  memseta.o(.text)
    .text                                    0x08000144   Section       36  init.o(.text)
    i.DMA_Channel0_IRQHandler                0x08000168   Section        0  adc_bsp.o(i.DMA_Channel0_IRQHandler)
    i.SystemCoreClockUpdate                  0x080001c0   Section        0  system_ciu32l051.o(i.SystemCoreClockUpdate)
    i.SystemInit                             0x080002bc   Section        0  system_ciu32l051.o(i.SystemInit)
    i.__NVIC_EnableIRQ                       0x080002dc   Section        0  common.o(i.__NVIC_EnableIRQ)
    __NVIC_EnableIRQ                         0x080002dd   Thumb Code    18  common.o(i.__NVIC_EnableIRQ)
    i.__NVIC_SetPriority                     0x080002f4   Section        0  common.o(i.__NVIC_SetPriority)
    __NVIC_SetPriority                       0x080002f5   Thumb Code   110  common.o(i.__NVIC_SetPriority)
    i.__scatterload_copy                     0x0800036c   Section       14  handlers.o(i.__scatterload_copy)
    i.__scatterload_null                     0x0800037a   Section        2  handlers.o(i.__scatterload_null)
    i.__scatterload_zeroinit                 0x0800037c   Section       14  handlers.o(i.__scatterload_zeroinit)
    i.adc_init                               0x0800038c   Section        0  common.o(i.adc_init)
    i.bsp_adc_dma_config                     0x08000464   Section        0  adc_bsp.o(i.bsp_adc_dma_config)
    i.dma_init                               0x08000490   Section        0  common.o(i.dma_init)
    i.gpio_init                              0x08000504   Section        0  common.o(i.gpio_init)
    i.main                                   0x08000550   Section        0  main.o(i.main)
    i.nvic_init                              0x080005d0   Section        0  common.o(i.nvic_init)
    i.std_adc_init                           0x080005e4   Section        0  ciu32l051_std_adc.o(i.std_adc_init)
    i.std_adc_trig_edge_config               0x080006a4   Section        0  ciu32l051_std_adc.o(i.std_adc_trig_edge_config)
    std_adc_trig_edge_config                 0x080006a5   Thumb Code    18  ciu32l051_std_adc.o(i.std_adc_trig_edge_config)
    i.std_delay_init                         0x080006bc   Section        0  ciu32l051_std.o(i.std_delay_init)
    i.std_delayus                            0x080006dc   Section        0  ciu32l051_std.o(i.std_delayus)
    i.std_dma_init                           0x08000720   Section        0  ciu32l051_std_dma.o(i.std_dma_init)
    i.std_dma_set_dst_address                0x0800077c   Section        0  ciu32l051_std_dma.o(i.std_dma_set_dst_address)
    std_dma_set_dst_address                  0x0800077d   Thumb Code    12  ciu32l051_std_dma.o(i.std_dma_set_dst_address)
    i.std_dma_set_src_address                0x0800078c   Section        0  ciu32l051_std_dma.o(i.std_dma_set_src_address)
    std_dma_set_src_address                  0x0800078d   Thumb Code    12  ciu32l051_std_dma.o(i.std_dma_set_src_address)
    i.std_dma_set_transfer_data_number       0x0800079c   Section        0  ciu32l051_std_dma.o(i.std_dma_set_transfer_data_number)
    std_dma_set_transfer_data_number         0x0800079d   Thumb Code    12  ciu32l051_std_dma.o(i.std_dma_set_transfer_data_number)
    i.std_dma_start_transmit                 0x080007ac   Section        0  ciu32l051_std_dma.o(i.std_dma_start_transmit)
    i.std_gpio_init                          0x080007e8   Section        0  ciu32l051_std_gpio.o(i.std_gpio_init)
    i.std_gpio_set_afpin_0_7                 0x08000858   Section        0  ciu32l051_std_gpio.o(i.std_gpio_set_afpin_0_7)
    std_gpio_set_afpin_0_7                   0x08000859   Thumb Code    36  ciu32l051_std_gpio.o(i.std_gpio_set_afpin_0_7)
    i.std_gpio_set_afpin_8_15                0x0800087c   Section        0  ciu32l051_std_gpio.o(i.std_gpio_set_afpin_8_15)
    std_gpio_set_afpin_8_15                  0x0800087d   Thumb Code    42  ciu32l051_std_gpio.o(i.std_gpio_set_afpin_8_15)
    i.std_gpio_set_pin_mode                  0x080008a6   Section        0  ciu32l051_std_gpio.o(i.std_gpio_set_pin_mode)
    std_gpio_set_pin_mode                    0x080008a7   Thumb Code    26  ciu32l051_std_gpio.o(i.std_gpio_set_pin_mode)
    i.std_gpio_set_pin_output_type           0x080008c0   Section        0  ciu32l051_std_gpio.o(i.std_gpio_set_pin_output_type)
    std_gpio_set_pin_output_type             0x080008c1   Thumb Code    16  ciu32l051_std_gpio.o(i.std_gpio_set_pin_output_type)
    i.std_gpio_set_pin_pull                  0x080008d0   Section        0  ciu32l051_std_gpio.o(i.std_gpio_set_pin_pull)
    std_gpio_set_pin_pull                    0x080008d1   Thumb Code    26  ciu32l051_std_gpio.o(i.std_gpio_set_pin_pull)
    i.std_rcc_apb1_clk_enable                0x080008ec   Section        0  common.o(i.std_rcc_apb1_clk_enable)
    std_rcc_apb1_clk_enable                  0x080008ed   Thumb Code    18  common.o(i.std_rcc_apb1_clk_enable)
    i.std_rcc_apb2_clk_enable                0x08000904   Section        0  common.o(i.std_rcc_apb2_clk_enable)
    std_rcc_apb2_clk_enable                  0x08000905   Thumb Code    18  common.o(i.std_rcc_apb2_clk_enable)
    i.std_tim_init                           0x0800091c   Section        0  ciu32l051_std_tim.o(i.std_tim_init)
    i.system_clock_config                    0x08000968   Section        0  common.o(i.system_clock_config)
    i.timer3_init                            0x080009f8   Section        0  common.o(i.timer3_init)
    i.vrefbuf_init                           0x08000a54   Section        0  common.o(i.vrefbuf_init)
    .constdata                               0x08000adc   Section       64  system_ciu32l051.o(.constdata)
    .data                                    0x20000000   Section        4  main.o(.data)
    .data                                    0x20000004   Section        4  adc_bsp.o(.data)
    .data                                    0x20000008   Section        4  system_ciu32l051.o(.data)
    STACK                                    0x20000010   Section     1024  startup_ciu32l051.o(STACK)

    Global Symbols

    Symbol Name                              Value     Ov Type        Size  Object(Section)

    BuildAttributes$$THM_ISAv3M$S$PE$A:L22$X:L11$S22$IEEE1$IW$USESV6$~STKCKD$USESV7$~SHL$OSPACE$EBA8$MICROLIB$REQ8$PRES8$EABIv2 0x00000000   Number         0  anon$$obj.o ABSOLUTE
    __ARM_use_no_argv                        0x00000000   Number         0  main.o ABSOLUTE
    __arm_fini_                               - Undefined Weak Reference
    __cpp_initialize__aeabi_                  - Undefined Weak Reference
    __cxa_finalize                            - Undefined Weak Reference
    __decompress                              - Undefined Weak Reference
    _clock_init                               - Undefined Weak Reference
    _microlib_exit                            - Undefined Weak Reference
    __vectors_Size                           0x000000c0   Number         0  startup_ciu32l051.o ABSOLUTE
    __vector_table                           0x08000000   Data           4  startup_ciu32l051.o(RESET)
    __main                                   0x080000c1   Thumb Code     0  entry.o(.ARM.Collect$$$$00000000)
    __vectors_End                            0x080000c0   Data           0  startup_ciu32l051.o(RESET)
    _main_stk                                0x080000c1   Thumb Code     0  entry2.o(.ARM.Collect$$$$00000001)
    _main_scatterload                        0x080000c5   Thumb Code     0  entry5.o(.ARM.Collect$$$$00000004)
    __main_after_scatterload                 0x080000c9   Thumb Code     0  entry5.o(.ARM.Collect$$$$00000004)
    _main_clock                              0x080000c9   Thumb Code     0  entry7b.o(.ARM.Collect$$$$00000008)
    _main_cpp_init                           0x080000c9   Thumb Code     0  entry8b.o(.ARM.Collect$$$$0000000A)
    _main_init                               0x080000c9   Thumb Code     0  entry9a.o(.ARM.Collect$$$$0000000B)
    __rt_lib_shutdown_fini                   0x080000d1   Thumb Code     0  entry12b.o(.ARM.Collect$$$$0000000E)
    __rt_final_cpp                           0x080000d5   Thumb Code     0  entry10a.o(.ARM.Collect$$$$0000000F)
    __rt_final_exit                          0x080000d5   Thumb Code     0  entry11a.o(.ARM.Collect$$$$00000011)
    Reset_Handler                            0x080000d9   Thumb Code     8  startup_ciu32l051.o(.text)
    NMI_Handler                              0x080000e1   Thumb Code     2  startup_ciu32l051.o(.text)
    HardFault_Handler                        0x080000e3   Thumb Code     2  startup_ciu32l051.o(.text)
    SVC_Handler                              0x080000e5   Thumb Code     2  startup_ciu32l051.o(.text)
    PendSV_Handler                           0x080000e7   Thumb Code     2  startup_ciu32l051.o(.text)
    SysTick_Handler                          0x080000e9   Thumb Code     2  startup_ciu32l051.o(.text)
    ADC_COMP_IRQHandler                      0x080000eb   Thumb Code     0  startup_ciu32l051.o(.text)
    AES_IRQHandler                           0x080000eb   Thumb Code     0  startup_ciu32l051.o(.text)
    DMA_Channel1_IRQHandler                  0x080000eb   Thumb Code     0  startup_ciu32l051.o(.text)
    EXTI0_1_IRQHandler                       0x080000eb   Thumb Code     0  startup_ciu32l051.o(.text)
    EXTI2_3_IRQHandler                       0x080000eb   Thumb Code     0  startup_ciu32l051.o(.text)
    EXTI4_15_IRQHandler                      0x080000eb   Thumb Code     0  startup_ciu32l051.o(.text)
    FLASH_IRQHandler                         0x080000eb   Thumb Code     0  startup_ciu32l051.o(.text)
    I2C1_IRQHandler                          0x080000eb   Thumb Code     0  startup_ciu32l051.o(.text)
    LCD_IRQHandler                           0x080000eb   Thumb Code     0  startup_ciu32l051.o(.text)
    LPTIM1_IRQHandler                        0x080000eb   Thumb Code     0  startup_ciu32l051.o(.text)
    LPTIM2_IRQHandler                        0x080000eb   Thumb Code     0  startup_ciu32l051.o(.text)
    LPUART1_IRQHandler                       0x080000eb   Thumb Code     0  startup_ciu32l051.o(.text)
    LPUART2_IRQHandler                       0x080000eb   Thumb Code     0  startup_ciu32l051.o(.text)
    PVD_IRQHandler                           0x080000eb   Thumb Code     0  startup_ciu32l051.o(.text)
    RCC_IRQHandler                           0x080000eb   Thumb Code     0  startup_ciu32l051.o(.text)
    RTC_TAMP_IRQHandler                      0x080000eb   Thumb Code     0  startup_ciu32l051.o(.text)
    SPI1_IRQHandler                          0x080000eb   Thumb Code     0  startup_ciu32l051.o(.text)
    SPI2_IRQHandler                          0x080000eb   Thumb Code     0  startup_ciu32l051.o(.text)
    TIM3_IRQHandler                          0x080000eb   Thumb Code     0  startup_ciu32l051.o(.text)
    TIM4_IRQHandler                          0x080000eb   Thumb Code     0  startup_ciu32l051.o(.text)
    TIM5_IRQHandler                          0x080000eb   Thumb Code     0  startup_ciu32l051.o(.text)
    TIM8_IRQHandler                          0x080000eb   Thumb Code     0  startup_ciu32l051.o(.text)
    TRNG_IRQHandler                          0x080000eb   Thumb Code     0  startup_ciu32l051.o(.text)
    UART2_IRQHandler                         0x080000eb   Thumb Code     0  startup_ciu32l051.o(.text)
    UART3_4_IRQHandler                       0x080000eb   Thumb Code     0  startup_ciu32l051.o(.text)
    USART1_IRQHandler                        0x080000eb   Thumb Code     0  startup_ciu32l051.o(.text)
    WWDG_IRQHandler                          0x080000eb   Thumb Code     0  startup_ciu32l051.o(.text)
    __aeabi_uidiv                            0x080000f5   Thumb Code     0  uidiv.o(.text)
    __aeabi_uidivmod                         0x080000f5   Thumb Code    44  uidiv.o(.text)
    __aeabi_memset                           0x08000121   Thumb Code    14  memseta.o(.text)
    __aeabi_memset4                          0x08000121   Thumb Code     0  memseta.o(.text)
    __aeabi_memset8                          0x08000121   Thumb Code     0  memseta.o(.text)
    __aeabi_memclr                           0x0800012f   Thumb Code     4  memseta.o(.text)
    __aeabi_memclr4                          0x0800012f   Thumb Code     0  memseta.o(.text)
    __aeabi_memclr8                          0x0800012f   Thumb Code     0  memseta.o(.text)
    _memset$wrapper                          0x08000133   Thumb Code    18  memseta.o(.text)
    __scatterload                            0x08000145   Thumb Code    28  init.o(.text)
    __scatterload_rt2                        0x08000145   Thumb Code     0  init.o(.text)
    DMA_Channel0_IRQHandler                  0x08000169   Thumb Code    78  adc_bsp.o(i.DMA_Channel0_IRQHandler)
    SystemCoreClockUpdate                    0x080001c1   Thumb Code   230  system_ciu32l051.o(i.SystemCoreClockUpdate)
    SystemInit                               0x080002bd   Thumb Code    14  system_ciu32l051.o(i.SystemInit)
    __scatterload_copy                       0x0800036d   Thumb Code    14  handlers.o(i.__scatterload_copy)
    __scatterload_null                       0x0800037b   Thumb Code     2  handlers.o(i.__scatterload_null)
    __scatterload_zeroinit                   0x0800037d   Thumb Code    14  handlers.o(i.__scatterload_zeroinit)
    adc_init                                 0x0800038d   Thumb Code   212  common.o(i.adc_init)
    bsp_adc_dma_config                       0x08000465   Thumb Code    34  adc_bsp.o(i.bsp_adc_dma_config)
    dma_init                                 0x08000491   Thumb Code   106  common.o(i.dma_init)
    gpio_init                                0x08000505   Thumb Code    72  common.o(i.gpio_init)
    main                                     0x08000551   Thumb Code   100  main.o(i.main)
    nvic_init                                0x080005d1   Thumb Code    18  common.o(i.nvic_init)
    std_adc_init                             0x080005e5   Thumb Code   188  ciu32l051_std_adc.o(i.std_adc_init)
    std_delay_init                           0x080006bd   Thumb Code    26  ciu32l051_std.o(i.std_delay_init)
    std_delayus                              0x080006dd   Thumb Code    56  ciu32l051_std.o(i.std_delayus)
    std_dma_init                             0x08000721   Thumb Code    82  ciu32l051_std_dma.o(i.std_dma_init)
    std_dma_start_transmit                   0x080007ad   Thumb Code    54  ciu32l051_std_dma.o(i.std_dma_start_transmit)
    std_gpio_init                            0x080007e9   Thumb Code   112  ciu32l051_std_gpio.o(i.std_gpio_init)
    std_tim_init                             0x0800091d   Thumb Code    72  ciu32l051_std_tim.o(i.std_tim_init)
    system_clock_config                      0x08000969   Thumb Code   140  common.o(i.system_clock_config)
    timer3_init                              0x080009f9   Thumb Code    76  common.o(i.timer3_init)
    vrefbuf_init                             0x08000a55   Thumb Code   120  common.o(i.vrefbuf_init)
    g_ahb_divider_table                      0x08000adc   Data          32  system_ciu32l051.o(.constdata)
    g_apb_divider_table                      0x08000afc   Data          32  system_ciu32l051.o(.constdata)
    Region$$Table$$Base                      0x08000b1c   Number         0  anon$$obj.o(Region$$Table)
    Region$$Table$$Limit                     0x08000b3c   Number         0  anon$$obj.o(Region$$Table)
    g_get_voltage                            0x20000000   Data           4  main.o(.data)
    g_adc_complete                           0x20000004   Data           1  adc_bsp.o(.data)
    g_dma_result                             0x20000006   Data           2  adc_bsp.o(.data)
    SystemCoreClock                          0x20000008   Data           4  system_ciu32l051.o(.data)
    __initial_sp                             0x20000410   Data           0  startup_ciu32l051.o(STACK)



==============================================================================

Memory Map of the image

  Image Entry point : 0x080000c1

  Load Region LR_IROM1 (Base: 0x08000000, Size: 0x00000b48, Max: 0x00010000, ABSOLUTE)

    Execution Region ER_IROM1 (Exec base: 0x08000000, Load base: 0x08000000, Size: 0x00000b3c, Max: 0x00010000, ABSOLUTE)

    Exec Addr    Load Addr    Size         Type   Attr      Idx    E Section Name        Object

    0x08000000   0x08000000   0x000000c0   Data   RO         1378    RESET               startup_ciu32l051.o
    0x080000c0   0x080000c0   0x00000000   Code   RO         1383  * .ARM.Collect$$$$00000000  mc_p.l(entry.o)
    0x080000c0   0x080000c0   0x00000004   Code   RO         1392    .ARM.Collect$$$$00000001  mc_p.l(entry2.o)
    0x080000c4   0x080000c4   0x00000004   Code   RO         1395    .ARM.Collect$$$$00000004  mc_p.l(entry5.o)
    0x080000c8   0x080000c8   0x00000000   Code   RO         1397    .ARM.Collect$$$$00000008  mc_p.l(entry7b.o)
    0x080000c8   0x080000c8   0x00000000   Code   RO         1399    .ARM.Collect$$$$0000000A  mc_p.l(entry8b.o)
    0x080000c8   0x080000c8   0x00000008   Code   RO         1400    .ARM.Collect$$$$0000000B  mc_p.l(entry9a.o)
    0x080000d0   0x080000d0   0x00000004   Code   RO         1407    .ARM.Collect$$$$0000000E  mc_p.l(entry12b.o)
    0x080000d4   0x080000d4   0x00000000   Code   RO         1402    .ARM.Collect$$$$0000000F  mc_p.l(entry10a.o)
    0x080000d4   0x080000d4   0x00000000   Code   RO         1404    .ARM.Collect$$$$00000011  mc_p.l(entry11a.o)
    0x080000d4   0x080000d4   0x00000004   Code   RO         1393    .ARM.Collect$$$$00002712  mc_p.l(entry2.o)
    0x080000d8   0x080000d8   0x0000001c   Code   RO         1379    .text               startup_ciu32l051.o
    0x080000f4   0x080000f4   0x0000002c   Code   RO         1386    .text               mc_p.l(uidiv.o)
    0x08000120   0x08000120   0x00000024   Code   RO         1390    .text               mc_p.l(memseta.o)
    0x08000144   0x08000144   0x00000024   Code   RO         1412    .text               mc_p.l(init.o)
    0x08000168   0x08000168   0x00000058   Code   RO          251    i.DMA_Channel0_IRQHandler  adc_bsp.o
    0x080001c0   0x080001c0   0x000000fc   Code   RO         1344    i.SystemCoreClockUpdate  system_ciu32l051.o
    0x080002bc   0x080002bc   0x00000020   Code   RO         1345    i.SystemInit        system_ciu32l051.o
    0x080002dc   0x080002dc   0x00000018   Code   RO          152    i.__NVIC_EnableIRQ  common.o
    0x080002f4   0x080002f4   0x00000078   Code   RO          153    i.__NVIC_SetPriority  common.o
    0x0800036c   0x0800036c   0x0000000e   Code   RO         1416    i.__scatterload_copy  mc_p.l(handlers.o)
    0x0800037a   0x0800037a   0x00000002   Code   RO         1417    i.__scatterload_null  mc_p.l(handlers.o)
    0x0800037c   0x0800037c   0x0000000e   Code   RO         1418    i.__scatterload_zeroinit  mc_p.l(handlers.o)
    0x0800038a   0x0800038a   0x00000002   PAD
    0x0800038c   0x0800038c   0x000000d8   Code   RO          154    i.adc_init          common.o
    0x08000464   0x08000464   0x0000002c   Code   RO          252    i.bsp_adc_dma_config  adc_bsp.o
    0x08000490   0x08000490   0x00000074   Code   RO          155    i.dma_init          common.o
    0x08000504   0x08000504   0x0000004c   Code   RO          156    i.gpio_init         common.o
    0x08000550   0x08000550   0x00000080   Code   RO            3    i.main              main.o
    0x080005d0   0x080005d0   0x00000012   Code   RO          157    i.nvic_init         common.o
    0x080005e2   0x080005e2   0x00000002   PAD
    0x080005e4   0x080005e4   0x000000c0   Code   RO          346    i.std_adc_init      ciu32l051_std_adc.o
    0x080006a4   0x080006a4   0x00000018   Code   RO          348    i.std_adc_trig_edge_config  ciu32l051_std_adc.o
    0x080006bc   0x080006bc   0x00000020   Code   RO          294    i.std_delay_init    ciu32l051_std.o
    0x080006dc   0x080006dc   0x00000044   Code   RO          297    i.std_delayus       ciu32l051_std.o
    0x08000720   0x08000720   0x0000005c   Code   RO          508    i.std_dma_init      ciu32l051_std_dma.o
    0x0800077c   0x0800077c   0x00000010   Code   RO          509    i.std_dma_set_dst_address  ciu32l051_std_dma.o
    0x0800078c   0x0800078c   0x00000010   Code   RO          510    i.std_dma_set_src_address  ciu32l051_std_dma.o
    0x0800079c   0x0800079c   0x00000010   Code   RO          511    i.std_dma_set_transfer_data_number  ciu32l051_std_dma.o
    0x080007ac   0x080007ac   0x0000003c   Code   RO          512    i.std_dma_start_transmit  ciu32l051_std_dma.o
    0x080007e8   0x080007e8   0x00000070   Code   RO          663    i.std_gpio_init     ciu32l051_std_gpio.o
    0x08000858   0x08000858   0x00000024   Code   RO          664    i.std_gpio_set_afpin_0_7  ciu32l051_std_gpio.o
    0x0800087c   0x0800087c   0x0000002a   Code   RO          665    i.std_gpio_set_afpin_8_15  ciu32l051_std_gpio.o
    0x080008a6   0x080008a6   0x0000001a   Code   RO          666    i.std_gpio_set_pin_mode  ciu32l051_std_gpio.o
    0x080008c0   0x080008c0   0x00000010   Code   RO          667    i.std_gpio_set_pin_output_type  ciu32l051_std_gpio.o
    0x080008d0   0x080008d0   0x0000001a   Code   RO          668    i.std_gpio_set_pin_pull  ciu32l051_std_gpio.o
    0x080008ea   0x080008ea   0x00000002   PAD
    0x080008ec   0x080008ec   0x00000018   Code   RO          158    i.std_rcc_apb1_clk_enable  common.o
    0x08000904   0x08000904   0x00000018   Code   RO          159    i.std_rcc_apb2_clk_enable  common.o
    0x0800091c   0x0800091c   0x0000004c   Code   RO         1107    i.std_tim_init      ciu32l051_std_tim.o
    0x08000968   0x08000968   0x00000090   Code   RO          160    i.system_clock_config  common.o
    0x080009f8   0x080009f8   0x0000005c   Code   RO          161    i.timer3_init       common.o
    0x08000a54   0x08000a54   0x00000088   Code   RO          162    i.vrefbuf_init      common.o
    0x08000adc   0x08000adc   0x00000040   Data   RO         1346    .constdata          system_ciu32l051.o
    0x08000b1c   0x08000b1c   0x00000020   Data   RO         1414    Region$$Table       anon$$obj.o


    Execution Region RW_IRAM1 (Exec base: 0x20000000, Load base: 0x08000b3c, Size: 0x00000410, Max: 0x00004000, ABSOLUTE)

    Exec Addr    Load Addr    Size         Type   Attr      Idx    E Section Name        Object

    0x20000000   0x08000b3c   0x00000004   Data   RW            5    .data               main.o
    0x20000004   0x08000b40   0x00000004   Data   RW          254    .data               adc_bsp.o
    0x20000008   0x08000b44   0x00000004   Data   RW         1347    .data               system_ciu32l051.o
    0x2000000c   0x08000b48   0x00000004   PAD
    0x20000010        -       0x00000400   Zero   RW         1376    STACK               startup_ciu32l051.o


==============================================================================

Image component sizes


      Code (inc. data)   RO Data    RW Data    ZI Data      Debug   Object Name

       132         20          0          4          0       6785   adc_bsp.o
       100         18          0          0          0       1155   ciu32l051_std.o
       216         10          0          0          0      10531   ciu32l051_std_adc.o
       200         28          0          0          0       8504   ciu32l051_std_dma.o
       258          0          0          0          0       8856   ciu32l051_std_gpio.o
        76          4          0          0          0      13635   ciu32l051_std_tim.o
       990         82          0          0          0      59769   common.o
       128         28          0          4          0     209859   main.o
        28          8        192          0       1024        636   startup_ciu32l051.o
       284         40         64          4          0       2544   system_ciu32l051.o

    ----------------------------------------------------------------------
      2416        238        288         12       1028     322274   Object Totals
         0          0         32          0          0          0   (incl. Generated)
         4          0          0          0          4          0   (incl. Padding)

    ----------------------------------------------------------------------

      Code (inc. data)   RO Data    RW Data    ZI Data      Debug   Library Member Name

         0          0          0          0          0          0   entry.o
         0          0          0          0          0          0   entry10a.o
         0          0          0          0          0          0   entry11a.o
         4          0          0          0          0          0   entry12b.o
         8          4          0          0          0          0   entry2.o
         4          0          0          0          0          0   entry5.o
         0          0          0          0          0          0   entry7b.o
         0          0          0          0          0          0   entry8b.o
         8          4          0          0          0          0   entry9a.o
        30          0          0          0          0          0   handlers.o
        36          8          0          0          0         68   init.o
        36          0          0          0          0        100   memseta.o
        44          0          0          0          0         72   uidiv.o

    ----------------------------------------------------------------------
       172         16          0          0          0        240   Library Totals
         2          0          0          0          0          0   (incl. Padding)

    ----------------------------------------------------------------------

      Code (inc. data)   RO Data    RW Data    ZI Data      Debug   Library Name

       170         16          0          0          0        240   mc_p.l

    ----------------------------------------------------------------------
       172         16          0          0          0        240   Library Totals

    ----------------------------------------------------------------------

==============================================================================


      Code (inc. data)   RO Data    RW Data    ZI Data      Debug   

      2588        254        288         12       1028     321302   Grand Totals
      2588        254        288         12       1028     321302   ELF Image Totals
      2588        254        288         12          0          0   ROM Totals

==============================================================================

    Total RO  Size (Code + RO Data)                 2876 (   2.81kB)
    Total RW  Size (RW Data + ZI Data)              1040 (   1.02kB)
    Total ROM Size (Code + RO Data + RW Data)       2888 (   2.82kB)

==============================================================================

